>>> Starting Agent Boot Sequence...
[1/6] Checking User Account               [OK]
   ... Running as service user 'kjw' (uid=1000)
[2/6] Verifying Environment Variables     [OK]
   ... All required Envs correct
[3/6] Checking Required Files             [OK]
   ... Verified 'secret.key' with correct key string.
[4/6] Checking Port Availability          [OK]
   ... Port 15034 is available.
[5/6] Verifying Log Permission            [OK]
   ... Log directory is writable: /mnt/c/Users/jump0/Desktop/Obsidian/RawData/Codyssey/AI올인원 본과정/AI_SW_Basic/미션4_Linux와 OS/과제2_컴퓨터가 갑자기 느려지거나 멈췄을 때 원인 찾아 고치기/code/evidence/runs/20260918T091121Z-cpu-before-748323350/app-logs
[6/6] Verifying Mission Environment       [OK]
   ... MEMORY_LIMIT=512MB, CPU_MAX_OCCUPY=100%, MULTI_THREAD_ENABLE=False
------------------------------------------------------------
All Boot Checks Passed!
Agent READY
2026-09-18 18:11:22,044 [INFO] [SafetyGuard] Process priority lowered (nice=10).
2026-09-18 18:11:22,044 [INFO] Agent listening at port 15034

==================================================
 [ Agent Initiate ] Resource Check 
==================================================
 [ MEMORY ] Limit: 512MB 		[ OK ]
 [ CPU    ] Limit: 100%  		[ WARNING: Recommend Under 50% ]
 [ THREAD ] Concurrency: False 		[ OK ]
--------------------------------------------------
 >>> SYSTEM STATUS: STABLE. STARTING WORKLOAD MONITORING...
==================================================

2026-09-18 18:11:24,055 [INFO] [CpuWorker] Started. Maximum CPU Limit: 100%
2026-09-18 18:11:24,056 [INFO] [CpuWorker] Current Load: 5.00%
2026-09-18 18:11:27,172 [INFO] [CpuWorker] Current Load: 13.56%
2026-09-18 18:11:30,289 [INFO] [CpuWorker] Current Load: 16.83%
2026-09-18 18:11:33,406 [INFO] [CpuWorker] Current Load: 21.75%
2026-09-18 18:11:36,522 [INFO] [CpuWorker] Current Load: 30.94%
2026-09-18 18:11:39,638 [INFO] [CpuWorker] Current Load: 32.60%
2026-09-18 18:11:42,755 [INFO] [CpuWorker] Current Load: 41.77%
2026-09-18 18:11:45,871 [INFO] [CpuWorker] Current Load: 44.69%
2026-09-18 18:11:48,987 [INFO] [CpuWorker] Current Load: 52.69%
2026-09-18 18:11:49,088 [CRITICAL] [CpuWorker] CPU Threshold Violated! (52.69%).

>>> [SYSTEM] WATCHDOG: INITIATING EMERGENCY ABORT (SIGTERM) <<<

