[2026-09-18T09:11:21.869+00:00] PID:2445613 CPU:NA% RSS_KIB:1920 MEM:0.01207% STATE:D THREADS:1 WCHAN:0
[2026-09-18T09:11:21.972+00:00] PID:2445613 CPU:38.96% RSS_KIB:2048 MEM:0.01288% STATE:S THREADS:1 WCHAN:do_wait
[2026-09-18T09:11:21.972+00:00] PID:2445628 CPU:NA% RSS_KIB:6656 MEM:0.04186% STATE:R THREADS:1 WCHAN:0
[2026-09-18T09:11:22.074+00:00] PID:2445613 CPU:0.00% RSS_KIB:2048 MEM:0.01288% STATE:S THREADS:1 WCHAN:do_wait
[2026-09-18T09:11:22.075+00:00] PID:2445628 CPU:29.18% RSS_KIB:17664 MEM:0.11108% STATE:S THREADS:1 WCHAN:do_select
[2026-09-18T09:11:22.177+00:00] PID:2445613 CPU:0.00% RSS_KIB:2048 MEM:0.01288% STATE:S THREADS:1 WCHAN:do_wait
[2026-09-18T09:11:22.178+00:00] PID:2445628 CPU:0.00% RSS_KIB:17664 MEM:0.11108% STATE:S THREADS:1 WCHAN:do_select
[2026-09-18T09:11:22.280+00:00] PID:2445613 CPU:0.00% RSS_KIB:2048 MEM:0.01288% STATE:S THREADS:1 WCHAN:do_wait
[2026-09-18T09:11:22.280+00:00] PID:2445628 CPU:0.00% RSS_KIB:17664 MEM:0.11108% STATE:S THREADS:1 WCHAN:do_select
[2026-09-18T09:11:22.382+00:00] PID:2445613 CPU:0.00% RSS_KIB:2048 MEM:0.01288% STATE:S THREADS:1 WCHAN:do_wait
[2026-09-18T09:11:22.383+00:00] PID:2445628 CPU:0.00% RSS_KIB:17664 MEM:0.11108% STATE:S THREADS:1 WCHAN:do_select
[2026-09-18T09:11:22.484+00:00] PID:2445613 CPU:0.00% RSS_KIB:2048 MEM:0.01288% STATE:S THREADS:1 WCHAN:do_wait
[2026-09-18T09:11:22.485+00:00] PID:2445628 CPU:0.00% RSS_KIB:17664 MEM:0.11108% STATE:S THREADS:1 WCHAN:do_select
[2026-09-18T09:11:22.586+00:00] PID:2445613 CPU:0.00% RSS_KIB:2048 MEM:0.01288% STATE:S THREADS:1 WCHAN:do_wait
[2026-09-18T09:11:22.587+00:00] PID:2445628 CPU:0.00% RSS_KIB:17664 MEM:0.11108% STATE:S THREADS:1 WCHAN:do_select
[2026-09-18T09:11:22.688+00:00] PID:2445613 CPU:0.00% RSS_KIB:2048 MEM:0.01288% STATE:S THREADS:1 WCHAN:do_wait
[2026-09-18T09:11:22.689+00:00] PID:2445628 CPU:0.00% RSS_KIB:17664 MEM:0.11108% STATE:S THREADS:1 WCHAN:do_select
[2026-09-18T09:11:22.791+00:00] PID:2445613 CPU:0.00% RSS_KIB:2048 MEM:0.01288% STATE:S THREADS:1 WCHAN:do_wait
[2026-09-18T09:11:22.792+00:00] PID:2445628 CPU:0.00% RSS_KIB:17664 MEM:0.11108% STATE:S THREADS:1 WCHAN:do_select
[2026-09-18T09:11:22.893+00:00] PID:2445613 CPU:0.00% RSS_KIB:2048 MEM:0.01288% STATE:S THREADS:1 WCHAN:do_wait
[2026-09-18T09:11:22.894+00:00] PID:2445628 CPU:0.00% RSS_KIB:17664 MEM:0.11108% STATE:S THREADS:1 WCHAN:do_select
[2026-09-18T09:11:22.995+00:00] PID:2445613 CPU:0.00% RSS_KIB:2048 MEM:0.01288% STATE:S THREADS:1 WCHAN:do_wait
[2026-09-18T09:11:22.996+00:00] PID:2445628 CPU:0.00% RSS_KIB:17664 MEM:0.11108% STATE:S THREADS:1 WCHAN:do_select
[2026-09-18T09:11:23.097+00:00] PID:2445613 CPU:0.00% RSS_KIB:2048 MEM:0.01288% STATE:S THREADS:1 WCHAN:do_wait
[2026-09-18T09:11:23.097+00:00] PID:2445628 CPU:0.00% RSS_KIB:17664 MEM:0.11108% STATE:S THREADS:1 WCHAN:do_select
[2026-09-18T09:11:23.199+00:00] PID:2445613 CPU:0.00% RSS_KIB:2048 MEM:0.01288% STATE:S THREADS:1 WCHAN:do_wait
[2026-09-18T09:11:23.199+00:00] PID:2445628 CPU:0.00% RSS_KIB:17664 MEM:0.11108% STATE:S THREADS:1 WCHAN:do_select
[2026-09-18T09:11:23.301+00:00] PID:2445613 CPU:0.00% RSS_KIB:2048 MEM:0.01288% STATE:S THREADS:1 WCHAN:do_wait
[2026-09-18T09:11:23.302+00:00] PID:2445628 CPU:0.00% RSS_KIB:17664 MEM:0.11108% STATE:S THREADS:1 WCHAN:do_select
[2026-09-18T09:11:23.403+00:00] PID:2445613 CPU:0.00% RSS_KIB:2048 MEM:0.01288% STATE:S THREADS:1 WCHAN:do_wait
[2026-09-18T09:11:23.404+00:00] PID:2445628 CPU:0.00% RSS_KIB:17664 MEM:0.11108% STATE:S THREADS:1 WCHAN:do_select
[2026-09-18T09:11:23.506+00:00] PID:2445613 CPU:0.00% RSS_KIB:2048 MEM:0.01288% STATE:S THREADS:1 WCHAN:do_wait
[2026-09-18T09:11:23.506+00:00] PID:2445628 CPU:0.00% RSS_KIB:17664 MEM:0.11108% STATE:S THREADS:1 WCHAN:do_select
[2026-09-18T09:11:23.608+00:00] PID:2445613 CPU:0.00% RSS_KIB:2048 MEM:0.01288% STATE:S THREADS:1 WCHAN:do_wait
[2026-09-18T09:11:23.608+00:00] PID:2445628 CPU:0.00% RSS_KIB:17664 MEM:0.11108% STATE:S THREADS:1 WCHAN:do_select
[2026-09-18T09:11:23.710+00:00] PID:2445613 CPU:0.00% RSS_KIB:2048 MEM:0.01288% STATE:S THREADS:1 WCHAN:do_wait
[2026-09-18T09:11:23.710+00:00] PID:2445628 CPU:0.00% RSS_KIB:17664 MEM:0.11108% STATE:S THREADS:1 WCHAN:do_select
[2026-09-18T09:11:23.812+00:00] PID:2445613 CPU:0.00% RSS_KIB:2048 MEM:0.01288% STATE:S THREADS:1 WCHAN:do_wait
[2026-09-18T09:11:23.812+00:00] PID:2445628 CPU:0.00% RSS_KIB:17664 MEM:0.11108% STATE:S THREADS:1 WCHAN:do_select
[2026-09-18T09:11:23.914+00:00] PID:2445613 CPU:0.00% RSS_KIB:2048 MEM:0.01288% STATE:S THREADS:1 WCHAN:do_wait
[2026-09-18T09:11:23.915+00:00] PID:2445628 CPU:0.00% RSS_KIB:17664 MEM:0.11108% STATE:S THREADS:1 WCHAN:do_select
[2026-09-18T09:11:24.017+00:00] PID:2445613 CPU:0.00% RSS_KIB:2048 MEM:0.01288% STATE:S THREADS:1 WCHAN:do_wait
[2026-09-18T09:11:24.017+00:00] PID:2445628 CPU:0.00% RSS_KIB:17664 MEM:0.11108% STATE:S THREADS:1 WCHAN:do_select
[2026-09-18T09:11:24.120+00:00] PID:2445613 CPU:0.00% RSS_KIB:2048 MEM:0.01288% STATE:S THREADS:1 WCHAN:do_wait
[2026-09-18T09:11:24.120+00:00] PID:2445628 CPU:0.00% RSS_KIB:17792 MEM:0.11189% STATE:S THREADS:1 WCHAN:do_select
[2026-09-18T09:11:24.222+00:00] PID:2445613 CPU:0.00% RSS_KIB:2048 MEM:0.01288% STATE:S THREADS:1 WCHAN:do_wait
[2026-09-18T09:11:24.222+00:00] PID:2445628 CPU:0.00% RSS_KIB:17792 MEM:0.11189% STATE:S THREADS:1 WCHAN:do_select
[2026-09-18T09:11:24.324+00:00] PID:2445613 CPU:0.00% RSS_KIB:2048 MEM:0.01288% STATE:S THREADS:1 WCHAN:do_wait
[2026-09-18T09:11:24.324+00:00] PID:2445628 CPU:0.00% RSS_KIB:17792 MEM:0.11189% STATE:S THREADS:1 WCHAN:do_select
[2026-09-18T09:11:24.427+00:00] PID:2445613 CPU:0.00% RSS_KIB:2048 MEM:0.01288% STATE:S THREADS:1 WCHAN:do_wait
[2026-09-18T09:11:24.427+00:00] PID:2445628 CPU:0.00% RSS_KIB:17792 MEM:0.11189% STATE:S THREADS:1 WCHAN:do_select
[2026-09-18T09:11:24.529+00:00] PID:2445613 CPU:0.00% RSS_KIB:2048 MEM:0.01288% STATE:S THREADS:1 WCHAN:do_wait
[2026-09-18T09:11:24.529+00:00] PID:2445628 CPU:0.00% RSS_KIB:17792 MEM:0.11189% STATE:S THREADS:1 WCHAN:do_select
[2026-09-18T09:11:24.631+00:00] PID:2445613 CPU:0.00% RSS_KIB:2048 MEM:0.01288% STATE:S THREADS:1 WCHAN:do_wait
[2026-09-18T09:11:24.632+00:00] PID:2445628 CPU:0.00% RSS_KIB:17792 MEM:0.11189% STATE:S THREADS:1 WCHAN:do_select
[2026-09-18T09:11:24.733+00:00] PID:2445613 CPU:0.00% RSS_KIB:2048 MEM:0.01288% STATE:S THREADS:1 WCHAN:do_wait
[2026-09-18T09:11:24.734+00:00] PID:2445628 CPU:0.00% RSS_KIB:17792 MEM:0.11189% STATE:S THREADS:1 WCHAN:do_select
[2026-09-18T09:11:24.835+00:00] PID:2445613 CPU:0.00% RSS_KIB:2048 MEM:0.01288% STATE:S THREADS:1 WCHAN:do_wait
[2026-09-18T09:11:24.837+00:00] PID:2445628 CPU:0.00% RSS_KIB:17792 MEM:0.11189% STATE:S THREADS:1 WCHAN:do_select
[2026-09-18T09:11:24.939+00:00] PID:2445613 CPU:0.00% RSS_KIB:2048 MEM:0.01288% STATE:S THREADS:1 WCHAN:do_wait
[2026-09-18T09:11:24.939+00:00] PID:2445628 CPU:0.00% RSS_KIB:17792 MEM:0.11189% STATE:S THREADS:1 WCHAN:do_select
[2026-09-18T09:11:25.042+00:00] PID:2445613 CPU:0.00% RSS_KIB:2048 MEM:0.01288% STATE:S THREADS:1 WCHAN:do_wait
[2026-09-18T09:11:25.042+00:00] PID:2445628 CPU:0.00% RSS_KIB:17792 MEM:0.11189% STATE:S THREADS:1 WCHAN:do_select
[2026-09-18T09:11:25.144+00:00] PID:2445613 CPU:0.00% RSS_KIB:2048 MEM:0.01288% STATE:S THREADS:1 WCHAN:do_wait
[2026-09-18T09:11:25.144+00:00] PID:2445628 CPU:0.00% RSS_KIB:17792 MEM:0.11189% STATE:S THREADS:1 WCHAN:do_select
[2026-09-18T09:11:25.246+00:00] PID:2445613 CPU:0.00% RSS_KIB:2048 MEM:0.01288% STATE:S THREADS:1 WCHAN:do_wait
[2026-09-18T09:11:25.246+00:00] PID:2445628 CPU:0.00% RSS_KIB:17792 MEM:0.11189% STATE:S THREADS:1 WCHAN:do_select
[2026-09-18T09:11:25.348+00:00] PID:2445613 CPU:0.00% RSS_KIB:2048 MEM:0.01288% STATE:S THREADS:1 WCHAN:do_wait
[2026-09-18T09:11:25.348+00:00] PID:2445628 CPU:0.00% RSS_KIB:17792 MEM:0.11189% STATE:S THREADS:1 WCHAN:do_select
[2026-09-18T09:11:25.450+00:00] PID:2445613 CPU:0.00% RSS_KIB:2048 MEM:0.01288% STATE:S THREADS:1 WCHAN:do_wait
[2026-09-18T09:11:25.451+00:00] PID:2445628 CPU:0.00% RSS_KIB:17792 MEM:0.11189% STATE:S THREADS:1 WCHAN:do_select
[2026-09-18T09:11:25.552+00:00] PID:2445613 CPU:0.00% RSS_KIB:2048 MEM:0.01288% STATE:S THREADS:1 WCHAN:do_wait
[2026-09-18T09:11:25.553+00:00] PID:2445628 CPU:0.00% RSS_KIB:17792 MEM:0.11189% STATE:S THREADS:1 WCHAN:do_select
[2026-09-18T09:11:25.655+00:00] PID:2445613 CPU:0.00% RSS_KIB:2048 MEM:0.01288% STATE:S THREADS:1 WCHAN:do_wait
[2026-09-18T09:11:25.655+00:00] PID:2445628 CPU:0.00% RSS_KIB:17792 MEM:0.11189% STATE:S THREADS:1 WCHAN:do_select
[2026-09-18T09:11:25.757+00:00] PID:2445613 CPU:0.00% RSS_KIB:2048 MEM:0.01288% STATE:S THREADS:1 WCHAN:do_wait
[2026-09-18T09:11:25.757+00:00] PID:2445628 CPU:0.00% RSS_KIB:17792 MEM:0.11189% STATE:S THREADS:1 WCHAN:do_select
[2026-09-18T09:11:25.859+00:00] PID:2445613 CPU:0.00% RSS_KIB:2048 MEM:0.01288% STATE:S THREADS:1 WCHAN:do_wait
[2026-09-18T09:11:25.859+00:00] PID:2445628 CPU:0.00% RSS_KIB:17792 MEM:0.11189% STATE:S THREADS:1 WCHAN:do_select
[2026-09-18T09:11:25.961+00:00] PID:2445613 CPU:0.00% RSS_KIB:2048 MEM:0.01288% STATE:S THREADS:1 WCHAN:do_wait
[2026-09-18T09:11:25.961+00:00] PID:2445628 CPU:0.00% RSS_KIB:17792 MEM:0.11189% STATE:S THREADS:1 WCHAN:do_select
[2026-09-18T09:11:26.063+00:00] PID:2445613 CPU:0.00% RSS_KIB:2048 MEM:0.01288% STATE:S THREADS:1 WCHAN:do_wait
[2026-09-18T09:11:26.064+00:00] PID:2445628 CPU:0.00% RSS_KIB:17792 MEM:0.11189% STATE:S THREADS:1 WCHAN:do_select
[2026-09-18T09:11:26.166+00:00] PID:2445613 CPU:0.00% RSS_KIB:2048 MEM:0.01288% STATE:S THREADS:1 WCHAN:do_wait
[2026-09-18T09:11:26.166+00:00] PID:2445628 CPU:0.00% RSS_KIB:17792 MEM:0.11189% STATE:S THREADS:1 WCHAN:do_select
[2026-09-18T09:11:26.268+00:00] PID:2445613 CPU:0.00% RSS_KIB:2048 MEM:0.01288% STATE:S THREADS:1 WCHAN:do_wait
[2026-09-18T09:11:26.268+00:00] PID:2445628 CPU:0.00% RSS_KIB:17792 MEM:0.11189% STATE:S THREADS:1 WCHAN:do_select
[2026-09-18T09:11:26.370+00:00] PID:2445613 CPU:0.00% RSS_KIB:2048 MEM:0.01288% STATE:S THREADS:1 WCHAN:do_wait
[2026-09-18T09:11:26.370+00:00] PID:2445628 CPU:0.00% RSS_KIB:17792 MEM:0.11189% STATE:S THREADS:1 WCHAN:do_select
[2026-09-18T09:11:26.472+00:00] PID:2445613 CPU:0.00% RSS_KIB:2048 MEM:0.01288% STATE:S THREADS:1 WCHAN:do_wait
[2026-09-18T09:11:26.473+00:00] PID:2445628 CPU:0.00% RSS_KIB:17792 MEM:0.11189% STATE:S THREADS:1 WCHAN:do_select
[2026-09-18T09:11:26.575+00:00] PID:2445613 CPU:0.00% RSS_KIB:2048 MEM:0.01288% STATE:S THREADS:1 WCHAN:do_wait
[2026-09-18T09:11:26.575+00:00] PID:2445628 CPU:0.00% RSS_KIB:17792 MEM:0.11189% STATE:S THREADS:1 WCHAN:do_select
[2026-09-18T09:11:26.677+00:00] PID:2445613 CPU:0.00% RSS_KIB:2048 MEM:0.01288% STATE:S THREADS:1 WCHAN:do_wait
[2026-09-18T09:11:26.678+00:00] PID:2445628 CPU:0.00% RSS_KIB:17792 MEM:0.11189% STATE:S THREADS:1 WCHAN:do_select
[2026-09-18T09:11:26.780+00:00] PID:2445613 CPU:0.00% RSS_KIB:2048 MEM:0.01288% STATE:S THREADS:1 WCHAN:do_wait
[2026-09-18T09:11:26.780+00:00] PID:2445628 CPU:0.00% RSS_KIB:17792 MEM:0.11189% STATE:S THREADS:1 WCHAN:do_select
[2026-09-18T09:11:26.882+00:00] PID:2445613 CPU:0.00% RSS_KIB:2048 MEM:0.01288% STATE:S THREADS:1 WCHAN:do_wait
[2026-09-18T09:11:26.883+00:00] PID:2445628 CPU:0.00% RSS_KIB:17792 MEM:0.11189% STATE:S THREADS:1 WCHAN:do_select
[2026-09-18T09:11:26.986+00:00] PID:2445613 CPU:0.00% RSS_KIB:2048 MEM:0.01288% STATE:S THREADS:1 WCHAN:do_wait
[2026-09-18T09:11:26.986+00:00] PID:2445628 CPU:0.00% RSS_KIB:17792 MEM:0.11189% STATE:S THREADS:1 WCHAN:do_select
[2026-09-18T09:11:27.088+00:00] PID:2445613 CPU:0.00% RSS_KIB:2048 MEM:0.01288% STATE:S THREADS:1 WCHAN:do_wait
[2026-09-18T09:11:27.088+00:00] PID:2445628 CPU:0.00% RSS_KIB:17792 MEM:0.11189% STATE:S THREADS:1 WCHAN:do_select
[2026-09-18T09:11:27.190+00:00] PID:2445613 CPU:0.00% RSS_KIB:2048 MEM:0.01288% STATE:S THREADS:1 WCHAN:do_wait
[2026-09-18T09:11:27.190+00:00] PID:2445628 CPU:9.78% RSS_KIB:17792 MEM:0.11189% STATE:S THREADS:1 WCHAN:do_select
[2026-09-18T09:11:27.292+00:00] PID:2445613 CPU:0.00% RSS_KIB:2048 MEM:0.01288% STATE:S THREADS:1 WCHAN:do_wait
[2026-09-18T09:11:27.293+00:00] PID:2445628 CPU:0.00% RSS_KIB:17792 MEM:0.11189% STATE:S THREADS:1 WCHAN:do_select
[2026-09-18T09:11:27.395+00:00] PID:2445613 CPU:0.00% RSS_KIB:2048 MEM:0.01288% STATE:S THREADS:1 WCHAN:do_wait
[2026-09-18T09:11:27.396+00:00] PID:2445628 CPU:0.00% RSS_KIB:17792 MEM:0.11189% STATE:S THREADS:1 WCHAN:do_select
[2026-09-18T09:11:27.498+00:00] PID:2445613 CPU:0.00% RSS_KIB:2048 MEM:0.01288% STATE:S THREADS:1 WCHAN:do_wait
[2026-09-18T09:11:27.498+00:00] PID:2445628 CPU:0.00% RSS_KIB:17792 MEM:0.11189% STATE:S THREADS:1 WCHAN:do_select
[2026-09-18T09:11:27.601+00:00] PID:2445613 CPU:0.00% RSS_KIB:2048 MEM:0.01288% STATE:S THREADS:1 WCHAN:do_wait
[2026-09-18T09:11:27.601+00:00] PID:2445628 CPU:0.00% RSS_KIB:17792 MEM:0.11189% STATE:S THREADS:1 WCHAN:do_select
[2026-09-18T09:11:27.704+00:00] PID:2445613 CPU:0.00% RSS_KIB:2048 MEM:0.01288% STATE:S THREADS:1 WCHAN:do_wait
[2026-09-18T09:11:27.705+00:00] PID:2445628 CPU:0.00% RSS_KIB:17792 MEM:0.11189% STATE:S THREADS:1 WCHAN:do_select
[2026-09-18T09:11:27.807+00:00] PID:2445613 CPU:0.00% RSS_KIB:2048 MEM:0.01288% STATE:S THREADS:1 WCHAN:do_wait
[2026-09-18T09:11:27.807+00:00] PID:2445628 CPU:0.00% RSS_KIB:17792 MEM:0.11189% STATE:S THREADS:1 WCHAN:do_select
[2026-09-18T09:11:27.910+00:00] PID:2445613 CPU:0.00% RSS_KIB:2048 MEM:0.01288% STATE:S THREADS:1 WCHAN:do_wait
[2026-09-18T09:11:27.910+00:00] PID:2445628 CPU:0.00% RSS_KIB:17792 MEM:0.11189% STATE:S THREADS:1 WCHAN:do_select
[2026-09-18T09:11:28.012+00:00] PID:2445613 CPU:0.00% RSS_KIB:2048 MEM:0.01288% STATE:S THREADS:1 WCHAN:do_wait
[2026-09-18T09:11:28.013+00:00] PID:2445628 CPU:0.00% RSS_KIB:17792 MEM:0.11189% STATE:S THREADS:1 WCHAN:do_select
[2026-09-18T09:11:28.115+00:00] PID:2445613 CPU:0.00% RSS_KIB:2048 MEM:0.01288% STATE:S THREADS:1 WCHAN:do_wait
[2026-09-18T09:11:28.115+00:00] PID:2445628 CPU:0.00% RSS_KIB:17792 MEM:0.11189% STATE:S THREADS:1 WCHAN:do_select
[2026-09-18T09:11:28.218+00:00] PID:2445613 CPU:0.00% RSS_KIB:2048 MEM:0.01288% STATE:S THREADS:1 WCHAN:do_wait
[2026-09-18T09:11:28.218+00:00] PID:2445628 CPU:0.00% RSS_KIB:17792 MEM:0.11189% STATE:S THREADS:1 WCHAN:do_select
[2026-09-18T09:11:28.321+00:00] PID:2445613 CPU:0.00% RSS_KIB:2048 MEM:0.01288% STATE:S THREADS:1 WCHAN:do_wait
[2026-09-18T09:11:28.321+00:00] PID:2445628 CPU:0.00% RSS_KIB:17792 MEM:0.11189% STATE:S THREADS:1 WCHAN:do_select
[2026-09-18T09:11:28.423+00:00] PID:2445613 CPU:0.00% RSS_KIB:2048 MEM:0.01288% STATE:S THREADS:1 WCHAN:do_wait
[2026-09-18T09:11:28.424+00:00] PID:2445628 CPU:0.00% RSS_KIB:17792 MEM:0.11189% STATE:S THREADS:1 WCHAN:do_select
[2026-09-18T09:11:28.526+00:00] PID:2445613 CPU:0.00% RSS_KIB:2048 MEM:0.01288% STATE:S THREADS:1 WCHAN:do_wait
[2026-09-18T09:11:28.526+00:00] PID:2445628 CPU:0.00% RSS_KIB:17792 MEM:0.11189% STATE:S THREADS:1 WCHAN:do_select
[2026-09-18T09:11:28.628+00:00] PID:2445613 CPU:0.00% RSS_KIB:2048 MEM:0.01288% STATE:S THREADS:1 WCHAN:do_wait
[2026-09-18T09:11:28.629+00:00] PID:2445628 CPU:0.00% RSS_KIB:17792 MEM:0.11189% STATE:S THREADS:1 WCHAN:do_select
[2026-09-18T09:11:28.731+00:00] PID:2445613 CPU:0.00% RSS_KIB:2048 MEM:0.01288% STATE:S THREADS:1 WCHAN:do_wait
[2026-09-18T09:11:28.731+00:00] PID:2445628 CPU:0.00% RSS_KIB:17792 MEM:0.11189% STATE:S THREADS:1 WCHAN:do_select
[2026-09-18T09:11:28.833+00:00] PID:2445613 CPU:0.00% RSS_KIB:2048 MEM:0.01288% STATE:S THREADS:1 WCHAN:do_wait
[2026-09-18T09:11:28.834+00:00] PID:2445628 CPU:0.00% RSS_KIB:17792 MEM:0.11189% STATE:S THREADS:1 WCHAN:do_select
[2026-09-18T09:11:28.936+00:00] PID:2445613 CPU:0.00% RSS_KIB:2048 MEM:0.01288% STATE:S THREADS:1 WCHAN:do_wait
[2026-09-18T09:11:28.936+00:00] PID:2445628 CPU:0.00% RSS_KIB:17792 MEM:0.11189% STATE:S THREADS:1 WCHAN:do_select
[2026-09-18T09:11:29.038+00:00] PID:2445613 CPU:0.00% RSS_KIB:2048 MEM:0.01288% STATE:S THREADS:1 WCHAN:do_wait
[2026-09-18T09:11:29.039+00:00] PID:2445628 CPU:0.00% RSS_KIB:17792 MEM:0.11189% STATE:S THREADS:1 WCHAN:do_select
[2026-09-18T09:11:29.141+00:00] PID:2445613 CPU:0.00% RSS_KIB:2048 MEM:0.01288% STATE:S THREADS:1 WCHAN:do_wait
[2026-09-18T09:11:29.141+00:00] PID:2445628 CPU:0.00% RSS_KIB:17792 MEM:0.11189% STATE:S THREADS:1 WCHAN:do_select
[2026-09-18T09:11:29.243+00:00] PID:2445613 CPU:0.00% RSS_KIB:2048 MEM:0.01288% STATE:S THREADS:1 WCHAN:do_wait
[2026-09-18T09:11:29.243+00:00] PID:2445628 CPU:0.00% RSS_KIB:17792 MEM:0.11189% STATE:S THREADS:1 WCHAN:do_select
[2026-09-18T09:11:29.346+00:00] PID:2445613 CPU:0.00% RSS_KIB:2048 MEM:0.01288% STATE:S THREADS:1 WCHAN:do_wait
[2026-09-18T09:11:29.347+00:00] PID:2445628 CPU:0.00% RSS_KIB:17792 MEM:0.11189% STATE:S THREADS:1 WCHAN:do_select
[2026-09-18T09:11:29.449+00:00] PID:2445613 CPU:0.00% RSS_KIB:2048 MEM:0.01288% STATE:S THREADS:1 WCHAN:do_wait
[2026-09-18T09:11:29.449+00:00] PID:2445628 CPU:0.00% RSS_KIB:17792 MEM:0.11189% STATE:S THREADS:1 WCHAN:do_select
[2026-09-18T09:11:29.551+00:00] PID:2445613 CPU:0.00% RSS_KIB:2048 MEM:0.01288% STATE:S THREADS:1 WCHAN:do_wait
[2026-09-18T09:11:29.552+00:00] PID:2445628 CPU:0.00% RSS_KIB:17792 MEM:0.11189% STATE:S THREADS:1 WCHAN:do_select
[2026-09-18T09:11:29.654+00:00] PID:2445613 CPU:0.00% RSS_KIB:2048 MEM:0.01288% STATE:S THREADS:1 WCHAN:do_wait
[2026-09-18T09:11:29.654+00:00] PID:2445628 CPU:0.00% RSS_KIB:17792 MEM:0.11189% STATE:S THREADS:1 WCHAN:do_select
[2026-09-18T09:11:29.757+00:00] PID:2445613 CPU:0.00% RSS_KIB:2048 MEM:0.01288% STATE:S THREADS:1 WCHAN:do_wait
[2026-09-18T09:11:29.757+00:00] PID:2445628 CPU:0.00% RSS_KIB:17792 MEM:0.11189% STATE:S THREADS:1 WCHAN:do_select
[2026-09-18T09:11:29.859+00:00] PID:2445613 CPU:0.00% RSS_KIB:2048 MEM:0.01288% STATE:S THREADS:1 WCHAN:do_wait
[2026-09-18T09:11:29.859+00:00] PID:2445628 CPU:0.00% RSS_KIB:17792 MEM:0.11189% STATE:S THREADS:1 WCHAN:do_select
[2026-09-18T09:11:29.961+00:00] PID:2445613 CPU:0.00% RSS_KIB:2048 MEM:0.01288% STATE:S THREADS:1 WCHAN:do_wait
[2026-09-18T09:11:29.961+00:00] PID:2445628 CPU:0.00% RSS_KIB:17792 MEM:0.11189% STATE:S THREADS:1 WCHAN:do_select
[2026-09-18T09:11:30.063+00:00] PID:2445613 CPU:0.00% RSS_KIB:2048 MEM:0.01288% STATE:S THREADS:1 WCHAN:do_wait
[2026-09-18T09:11:30.063+00:00] PID:2445628 CPU:0.00% RSS_KIB:17792 MEM:0.11189% STATE:S THREADS:1 WCHAN:do_select
[2026-09-18T09:11:30.165+00:00] PID:2445613 CPU:0.00% RSS_KIB:2048 MEM:0.01288% STATE:S THREADS:1 WCHAN:do_wait
[2026-09-18T09:11:30.165+00:00] PID:2445628 CPU:0.00% RSS_KIB:17792 MEM:0.11189% STATE:S THREADS:1 WCHAN:do_select
[2026-09-18T09:11:30.267+00:00] PID:2445613 CPU:0.00% RSS_KIB:2048 MEM:0.01288% STATE:S THREADS:1 WCHAN:do_wait
[2026-09-18T09:11:30.267+00:00] PID:2445628 CPU:0.00% RSS_KIB:17792 MEM:0.11189% STATE:S THREADS:1 WCHAN:do_select
[2026-09-18T09:11:30.369+00:00] PID:2445613 CPU:0.00% RSS_KIB:2048 MEM:0.01288% STATE:S THREADS:1 WCHAN:do_wait
[2026-09-18T09:11:30.369+00:00] PID:2445628 CPU:19.58% RSS_KIB:17792 MEM:0.11189% STATE:S THREADS:1 WCHAN:do_select
[2026-09-18T09:11:30.471+00:00] PID:2445613 CPU:0.00% RSS_KIB:2048 MEM:0.01288% STATE:S THREADS:1 WCHAN:do_wait
[2026-09-18T09:11:30.471+00:00] PID:2445628 CPU:0.00% RSS_KIB:17792 MEM:0.11189% STATE:S THREADS:1 WCHAN:do_select
[2026-09-18T09:11:30.573+00:00] PID:2445613 CPU:0.00% RSS_KIB:2048 MEM:0.01288% STATE:S THREADS:1 WCHAN:do_wait
[2026-09-18T09:11:30.573+00:00] PID:2445628 CPU:0.00% RSS_KIB:17792 MEM:0.11189% STATE:S THREADS:1 WCHAN:do_select
[2026-09-18T09:11:30.675+00:00] PID:2445613 CPU:0.00% RSS_KIB:2048 MEM:0.01288% STATE:S THREADS:1 WCHAN:do_wait
[2026-09-18T09:11:30.675+00:00] PID:2445628 CPU:0.00% RSS_KIB:17792 MEM:0.11189% STATE:S THREADS:1 WCHAN:do_select
[2026-09-18T09:11:30.777+00:00] PID:2445613 CPU:0.00% RSS_KIB:2048 MEM:0.01288% STATE:S THREADS:1 WCHAN:do_wait
[2026-09-18T09:11:30.777+00:00] PID:2445628 CPU:0.00% RSS_KIB:17792 MEM:0.11189% STATE:S THREADS:1 WCHAN:do_select
[2026-09-18T09:11:30.879+00:00] PID:2445613 CPU:0.00% RSS_KIB:2048 MEM:0.01288% STATE:S THREADS:1 WCHAN:do_wait
[2026-09-18T09:11:30.879+00:00] PID:2445628 CPU:0.00% RSS_KIB:17792 MEM:0.11189% STATE:S THREADS:1 WCHAN:do_select
[2026-09-18T09:11:30.981+00:00] PID:2445613 CPU:0.00% RSS_KIB:2048 MEM:0.01288% STATE:S THREADS:1 WCHAN:do_wait
[2026-09-18T09:11:30.981+00:00] PID:2445628 CPU:0.00% RSS_KIB:17792 MEM:0.11189% STATE:S THREADS:1 WCHAN:do_select
[2026-09-18T09:11:31.083+00:00] PID:2445613 CPU:0.00% RSS_KIB:2048 MEM:0.01288% STATE:S THREADS:1 WCHAN:do_wait
[2026-09-18T09:11:31.083+00:00] PID:2445628 CPU:0.00% RSS_KIB:17792 MEM:0.11189% STATE:S THREADS:1 WCHAN:do_select
[2026-09-18T09:11:31.185+00:00] PID:2445613 CPU:0.00% RSS_KIB:2048 MEM:0.01288% STATE:S THREADS:1 WCHAN:do_wait
[2026-09-18T09:11:31.186+00:00] PID:2445628 CPU:0.00% RSS_KIB:17792 MEM:0.11189% STATE:S THREADS:1 WCHAN:do_select
[2026-09-18T09:11:31.288+00:00] PID:2445613 CPU:0.00% RSS_KIB:2048 MEM:0.01288% STATE:S THREADS:1 WCHAN:do_wait
[2026-09-18T09:11:31.288+00:00] PID:2445628 CPU:0.00% RSS_KIB:17792 MEM:0.11189% STATE:S THREADS:1 WCHAN:do_select
[2026-09-18T09:11:31.390+00:00] PID:2445613 CPU:0.00% RSS_KIB:2048 MEM:0.01288% STATE:S THREADS:1 WCHAN:do_wait
[2026-09-18T09:11:31.390+00:00] PID:2445628 CPU:0.00% RSS_KIB:17792 MEM:0.11189% STATE:S THREADS:1 WCHAN:do_select
[2026-09-18T09:11:31.492+00:00] PID:2445613 CPU:0.00% RSS_KIB:2048 MEM:0.01288% STATE:S THREADS:1 WCHAN:do_wait
[2026-09-18T09:11:31.492+00:00] PID:2445628 CPU:0.00% RSS_KIB:17792 MEM:0.11189% STATE:S THREADS:1 WCHAN:do_select
[2026-09-18T09:11:31.594+00:00] PID:2445613 CPU:0.00% RSS_KIB:2048 MEM:0.01288% STATE:S THREADS:1 WCHAN:do_wait
[2026-09-18T09:11:31.595+00:00] PID:2445628 CPU:0.00% RSS_KIB:17792 MEM:0.11189% STATE:S THREADS:1 WCHAN:do_select
[2026-09-18T09:11:31.697+00:00] PID:2445613 CPU:0.00% RSS_KIB:2048 MEM:0.01288% STATE:S THREADS:1 WCHAN:do_wait
[2026-09-18T09:11:31.697+00:00] PID:2445628 CPU:0.00% RSS_KIB:17792 MEM:0.11189% STATE:S THREADS:1 WCHAN:do_select
[2026-09-18T09:11:31.799+00:00] PID:2445613 CPU:0.00% RSS_KIB:2048 MEM:0.01288% STATE:S THREADS:1 WCHAN:do_wait
[2026-09-18T09:11:31.800+00:00] PID:2445628 CPU:0.00% RSS_KIB:17792 MEM:0.11189% STATE:S THREADS:1 WCHAN:do_select
[2026-09-18T09:11:31.902+00:00] PID:2445613 CPU:0.00% RSS_KIB:2048 MEM:0.01288% STATE:S THREADS:1 WCHAN:do_wait
[2026-09-18T09:11:31.902+00:00] PID:2445628 CPU:0.00% RSS_KIB:17792 MEM:0.11189% STATE:S THREADS:1 WCHAN:do_select
[2026-09-18T09:11:32.004+00:00] PID:2445613 CPU:0.00% RSS_KIB:2048 MEM:0.01288% STATE:S THREADS:1 WCHAN:do_wait
[2026-09-18T09:11:32.005+00:00] PID:2445628 CPU:0.00% RSS_KIB:17792 MEM:0.11189% STATE:S THREADS:1 WCHAN:do_select
[2026-09-18T09:11:32.107+00:00] PID:2445613 CPU:0.00% RSS_KIB:2048 MEM:0.01288% STATE:S THREADS:1 WCHAN:do_wait
[2026-09-18T09:11:32.107+00:00] PID:2445628 CPU:0.00% RSS_KIB:17792 MEM:0.11189% STATE:S THREADS:1 WCHAN:do_select
[2026-09-18T09:11:32.209+00:00] PID:2445613 CPU:0.00% RSS_KIB:2048 MEM:0.01288% STATE:S THREADS:1 WCHAN:do_wait
[2026-09-18T09:11:32.209+00:00] PID:2445628 CPU:0.00% RSS_KIB:17792 MEM:0.11189% STATE:S THREADS:1 WCHAN:do_select
[2026-09-18T09:11:32.311+00:00] PID:2445613 CPU:0.00% RSS_KIB:2048 MEM:0.01288% STATE:S THREADS:1 WCHAN:do_wait
[2026-09-18T09:11:32.311+00:00] PID:2445628 CPU:0.00% RSS_KIB:17792 MEM:0.11189% STATE:S THREADS:1 WCHAN:do_select
[2026-09-18T09:11:32.413+00:00] PID:2445613 CPU:0.00% RSS_KIB:2048 MEM:0.01288% STATE:S THREADS:1 WCHAN:do_wait
[2026-09-18T09:11:32.413+00:00] PID:2445628 CPU:0.00% RSS_KIB:17792 MEM:0.11189% STATE:S THREADS:1 WCHAN:do_select
[2026-09-18T09:11:32.515+00:00] PID:2445613 CPU:0.00% RSS_KIB:2048 MEM:0.01288% STATE:S THREADS:1 WCHAN:do_wait
[2026-09-18T09:11:32.516+00:00] PID:2445628 CPU:0.00% RSS_KIB:17792 MEM:0.11189% STATE:S THREADS:1 WCHAN:do_select
[2026-09-18T09:11:32.618+00:00] PID:2445613 CPU:0.00% RSS_KIB:2048 MEM:0.01288% STATE:S THREADS:1 WCHAN:do_wait
[2026-09-18T09:11:32.619+00:00] PID:2445628 CPU:0.00% RSS_KIB:17792 MEM:0.11189% STATE:S THREADS:1 WCHAN:do_select
[2026-09-18T09:11:32.721+00:00] PID:2445613 CPU:0.00% RSS_KIB:2048 MEM:0.01288% STATE:S THREADS:1 WCHAN:do_wait
[2026-09-18T09:11:32.722+00:00] PID:2445628 CPU:0.00% RSS_KIB:17792 MEM:0.11189% STATE:S THREADS:1 WCHAN:do_select
[2026-09-18T09:11:32.824+00:00] PID:2445613 CPU:0.00% RSS_KIB:2048 MEM:0.01288% STATE:S THREADS:1 WCHAN:do_wait
[2026-09-18T09:11:32.825+00:00] PID:2445628 CPU:0.00% RSS_KIB:17792 MEM:0.11189% STATE:S THREADS:1 WCHAN:do_select
[2026-09-18T09:11:32.927+00:00] PID:2445613 CPU:0.00% RSS_KIB:2048 MEM:0.01288% STATE:S THREADS:1 WCHAN:do_wait
[2026-09-18T09:11:32.927+00:00] PID:2445628 CPU:0.00% RSS_KIB:17792 MEM:0.11189% STATE:S THREADS:1 WCHAN:do_select
[2026-09-18T09:11:33.030+00:00] PID:2445613 CPU:0.00% RSS_KIB:2048 MEM:0.01288% STATE:S THREADS:1 WCHAN:do_wait
[2026-09-18T09:11:33.031+00:00] PID:2445628 CPU:0.00% RSS_KIB:17792 MEM:0.11189% STATE:S THREADS:1 WCHAN:do_select
[2026-09-18T09:11:33.133+00:00] PID:2445613 CPU:0.00% RSS_KIB:2048 MEM:0.01288% STATE:S THREADS:1 WCHAN:do_wait
[2026-09-18T09:11:33.134+00:00] PID:2445628 CPU:0.00% RSS_KIB:17792 MEM:0.11189% STATE:S THREADS:1 WCHAN:do_select
[2026-09-18T09:11:33.237+00:00] PID:2445613 CPU:0.00% RSS_KIB:2048 MEM:0.01288% STATE:S THREADS:1 WCHAN:do_wait
[2026-09-18T09:11:33.238+00:00] PID:2445628 CPU:0.00% RSS_KIB:17792 MEM:0.11189% STATE:S THREADS:1 WCHAN:do_select
[2026-09-18T09:11:33.341+00:00] PID:2445613 CPU:0.00% RSS_KIB:2048 MEM:0.01288% STATE:S THREADS:1 WCHAN:do_wait
[2026-09-18T09:11:33.341+00:00] PID:2445628 CPU:0.00% RSS_KIB:17792 MEM:0.11189% STATE:S THREADS:1 WCHAN:do_select
[2026-09-18T09:11:33.443+00:00] PID:2445613 CPU:0.00% RSS_KIB:2048 MEM:0.01288% STATE:S THREADS:1 WCHAN:do_wait
[2026-09-18T09:11:33.444+00:00] PID:2445628 CPU:19.34% RSS_KIB:17792 MEM:0.11189% STATE:S THREADS:1 WCHAN:do_select
[2026-09-18T09:11:33.546+00:00] PID:2445613 CPU:0.00% RSS_KIB:2048 MEM:0.01288% STATE:S THREADS:1 WCHAN:do_wait
[2026-09-18T09:11:33.546+00:00] PID:2445628 CPU:0.00% RSS_KIB:17792 MEM:0.11189% STATE:S THREADS:1 WCHAN:do_select
[2026-09-18T09:11:33.648+00:00] PID:2445613 CPU:0.00% RSS_KIB:2048 MEM:0.01288% STATE:S THREADS:1 WCHAN:do_wait
[2026-09-18T09:11:33.649+00:00] PID:2445628 CPU:0.00% RSS_KIB:17792 MEM:0.11189% STATE:S THREADS:1 WCHAN:do_select
[2026-09-18T09:11:33.751+00:00] PID:2445613 CPU:0.00% RSS_KIB:2048 MEM:0.01288% STATE:S THREADS:1 WCHAN:do_wait
[2026-09-18T09:11:33.752+00:00] PID:2445628 CPU:0.00% RSS_KIB:17792 MEM:0.11189% STATE:S THREADS:1 WCHAN:do_select
[2026-09-18T09:11:33.854+00:00] PID:2445613 CPU:0.00% RSS_KIB:2048 MEM:0.01288% STATE:S THREADS:1 WCHAN:do_wait
[2026-09-18T09:11:33.854+00:00] PID:2445628 CPU:0.00% RSS_KIB:17792 MEM:0.11189% STATE:S THREADS:1 WCHAN:do_select
[2026-09-18T09:11:33.956+00:00] PID:2445613 CPU:0.00% RSS_KIB:2048 MEM:0.01288% STATE:S THREADS:1 WCHAN:do_wait
[2026-09-18T09:11:33.957+00:00] PID:2445628 CPU:0.00% RSS_KIB:17792 MEM:0.11189% STATE:S THREADS:1 WCHAN:do_select
[2026-09-18T09:11:34.059+00:00] PID:2445613 CPU:0.00% RSS_KIB:2048 MEM:0.01288% STATE:S THREADS:1 WCHAN:do_wait
[2026-09-18T09:11:34.059+00:00] PID:2445628 CPU:0.00% RSS_KIB:17792 MEM:0.11189% STATE:S THREADS:1 WCHAN:do_select
[2026-09-18T09:11:34.162+00:00] PID:2445613 CPU:0.00% RSS_KIB:2048 MEM:0.01288% STATE:S THREADS:1 WCHAN:do_wait
[2026-09-18T09:11:34.162+00:00] PID:2445628 CPU:0.00% RSS_KIB:17792 MEM:0.11189% STATE:S THREADS:1 WCHAN:do_select
[2026-09-18T09:11:34.264+00:00] PID:2445613 CPU:0.00% RSS_KIB:2048 MEM:0.01288% STATE:S THREADS:1 WCHAN:do_wait
[2026-09-18T09:11:34.265+00:00] PID:2445628 CPU:0.00% RSS_KIB:17792 MEM:0.11189% STATE:S THREADS:1 WCHAN:do_select
[2026-09-18T09:11:34.367+00:00] PID:2445613 CPU:0.00% RSS_KIB:2048 MEM:0.01288% STATE:S THREADS:1 WCHAN:do_wait
[2026-09-18T09:11:34.367+00:00] PID:2445628 CPU:0.00% RSS_KIB:17792 MEM:0.11189% STATE:S THREADS:1 WCHAN:do_select
[2026-09-18T09:11:34.471+00:00] PID:2445613 CPU:0.00% RSS_KIB:2048 MEM:0.01288% STATE:S THREADS:1 WCHAN:do_wait
[2026-09-18T09:11:34.471+00:00] PID:2445628 CPU:0.00% RSS_KIB:17792 MEM:0.11189% STATE:S THREADS:1 WCHAN:do_select
[2026-09-18T09:11:34.573+00:00] PID:2445613 CPU:0.00% RSS_KIB:2048 MEM:0.01288% STATE:S THREADS:1 WCHAN:do_wait
[2026-09-18T09:11:34.574+00:00] PID:2445628 CPU:0.00% RSS_KIB:17792 MEM:0.11189% STATE:S THREADS:1 WCHAN:do_select
[2026-09-18T09:11:34.676+00:00] PID:2445613 CPU:0.00% RSS_KIB:2048 MEM:0.01288% STATE:S THREADS:1 WCHAN:do_wait
[2026-09-18T09:11:34.676+00:00] PID:2445628 CPU:0.00% RSS_KIB:17792 MEM:0.11189% STATE:S THREADS:1 WCHAN:do_select
[2026-09-18T09:11:34.778+00:00] PID:2445613 CPU:0.00% RSS_KIB:2048 MEM:0.01288% STATE:S THREADS:1 WCHAN:do_wait
[2026-09-18T09:11:34.779+00:00] PID:2445628 CPU:0.00% RSS_KIB:17792 MEM:0.11189% STATE:S THREADS:1 WCHAN:do_select
[2026-09-18T09:11:34.881+00:00] PID:2445613 CPU:0.00% RSS_KIB:2048 MEM:0.01288% STATE:S THREADS:1 WCHAN:do_wait
[2026-09-18T09:11:34.882+00:00] PID:2445628 CPU:0.00% RSS_KIB:17792 MEM:0.11189% STATE:S THREADS:1 WCHAN:do_select
[2026-09-18T09:11:34.984+00:00] PID:2445613 CPU:0.00% RSS_KIB:2048 MEM:0.01288% STATE:S THREADS:1 WCHAN:do_wait
[2026-09-18T09:11:34.984+00:00] PID:2445628 CPU:0.00% RSS_KIB:17792 MEM:0.11189% STATE:S THREADS:1 WCHAN:do_select
[2026-09-18T09:11:35.086+00:00] PID:2445613 CPU:0.00% RSS_KIB:2048 MEM:0.01288% STATE:S THREADS:1 WCHAN:do_wait
[2026-09-18T09:11:35.087+00:00] PID:2445628 CPU:0.00% RSS_KIB:17792 MEM:0.11189% STATE:S THREADS:1 WCHAN:do_select
[2026-09-18T09:11:35.189+00:00] PID:2445613 CPU:0.00% RSS_KIB:2048 MEM:0.01288% STATE:S THREADS:1 WCHAN:do_wait
[2026-09-18T09:11:35.189+00:00] PID:2445628 CPU:0.00% RSS_KIB:17792 MEM:0.11189% STATE:S THREADS:1 WCHAN:do_select
[2026-09-18T09:11:35.292+00:00] PID:2445613 CPU:0.00% RSS_KIB:2048 MEM:0.01288% STATE:S THREADS:1 WCHAN:do_wait
[2026-09-18T09:11:35.292+00:00] PID:2445628 CPU:0.00% RSS_KIB:17792 MEM:0.11189% STATE:S THREADS:1 WCHAN:do_select
[2026-09-18T09:11:35.394+00:00] PID:2445613 CPU:0.00% RSS_KIB:2048 MEM:0.01288% STATE:S THREADS:1 WCHAN:do_wait
[2026-09-18T09:11:35.394+00:00] PID:2445628 CPU:0.00% RSS_KIB:17792 MEM:0.11189% STATE:S THREADS:1 WCHAN:do_select
[2026-09-18T09:11:35.496+00:00] PID:2445613 CPU:0.00% RSS_KIB:2048 MEM:0.01288% STATE:S THREADS:1 WCHAN:do_wait
[2026-09-18T09:11:35.497+00:00] PID:2445628 CPU:0.00% RSS_KIB:17792 MEM:0.11189% STATE:S THREADS:1 WCHAN:do_select
[2026-09-18T09:11:35.599+00:00] PID:2445613 CPU:0.00% RSS_KIB:2048 MEM:0.01288% STATE:S THREADS:1 WCHAN:do_wait
[2026-09-18T09:11:35.599+00:00] PID:2445628 CPU:0.00% RSS_KIB:17792 MEM:0.11189% STATE:S THREADS:1 WCHAN:do_select
[2026-09-18T09:11:35.701+00:00] PID:2445613 CPU:0.00% RSS_KIB:2048 MEM:0.01288% STATE:S THREADS:1 WCHAN:do_wait
[2026-09-18T09:11:35.702+00:00] PID:2445628 CPU:0.00% RSS_KIB:17792 MEM:0.11189% STATE:S THREADS:1 WCHAN:do_select
[2026-09-18T09:11:35.804+00:00] PID:2445613 CPU:0.00% RSS_KIB:2048 MEM:0.01288% STATE:S THREADS:1 WCHAN:do_wait
[2026-09-18T09:11:35.804+00:00] PID:2445628 CPU:0.00% RSS_KIB:17792 MEM:0.11189% STATE:S THREADS:1 WCHAN:do_select
[2026-09-18T09:11:35.907+00:00] PID:2445613 CPU:0.00% RSS_KIB:2048 MEM:0.01288% STATE:S THREADS:1 WCHAN:do_wait
[2026-09-18T09:11:35.907+00:00] PID:2445628 CPU:0.00% RSS_KIB:17792 MEM:0.11189% STATE:S THREADS:1 WCHAN:do_select
[2026-09-18T09:11:36.010+00:00] PID:2445613 CPU:0.00% RSS_KIB:2048 MEM:0.01288% STATE:S THREADS:1 WCHAN:do_wait
[2026-09-18T09:11:36.010+00:00] PID:2445628 CPU:0.00% RSS_KIB:17792 MEM:0.11189% STATE:S THREADS:1 WCHAN:do_select
[2026-09-18T09:11:36.112+00:00] PID:2445613 CPU:0.00% RSS_KIB:2048 MEM:0.01288% STATE:S THREADS:1 WCHAN:do_wait
[2026-09-18T09:11:36.113+00:00] PID:2445628 CPU:0.00% RSS_KIB:17792 MEM:0.11189% STATE:S THREADS:1 WCHAN:do_select
[2026-09-18T09:11:36.215+00:00] PID:2445613 CPU:0.00% RSS_KIB:2048 MEM:0.01288% STATE:S THREADS:1 WCHAN:do_wait
[2026-09-18T09:11:36.216+00:00] PID:2445628 CPU:0.00% RSS_KIB:17792 MEM:0.11189% STATE:S THREADS:1 WCHAN:do_select
[2026-09-18T09:11:36.318+00:00] PID:2445613 CPU:0.00% RSS_KIB:2048 MEM:0.01288% STATE:S THREADS:1 WCHAN:do_wait
[2026-09-18T09:11:36.318+00:00] PID:2445628 CPU:0.00% RSS_KIB:17792 MEM:0.11189% STATE:S THREADS:1 WCHAN:do_select
[2026-09-18T09:11:36.420+00:00] PID:2445613 CPU:0.00% RSS_KIB:2048 MEM:0.01288% STATE:S THREADS:1 WCHAN:do_wait
[2026-09-18T09:11:36.421+00:00] PID:2445628 CPU:0.00% RSS_KIB:17792 MEM:0.11189% STATE:S THREADS:1 WCHAN:do_select
[2026-09-18T09:11:36.523+00:00] PID:2445613 CPU:0.00% RSS_KIB:2048 MEM:0.01288% STATE:S THREADS:1 WCHAN:do_wait
[2026-09-18T09:11:36.523+00:00] PID:2445628 CPU:0.00% RSS_KIB:17792 MEM:0.11189% STATE:R THREADS:1 WCHAN:0
[2026-09-18T09:11:36.625+00:00] PID:2445613 CPU:0.00% RSS_KIB:2048 MEM:0.01288% STATE:S THREADS:1 WCHAN:do_wait
[2026-09-18T09:11:36.626+00:00] PID:2445628 CPU:29.28% RSS_KIB:17792 MEM:0.11189% STATE:S THREADS:1 WCHAN:do_select
[2026-09-18T09:11:36.728+00:00] PID:2445613 CPU:0.00% RSS_KIB:2048 MEM:0.01288% STATE:S THREADS:1 WCHAN:do_wait
[2026-09-18T09:11:36.728+00:00] PID:2445628 CPU:0.00% RSS_KIB:17792 MEM:0.11189% STATE:S THREADS:1 WCHAN:do_select
[2026-09-18T09:11:36.830+00:00] PID:2445613 CPU:0.00% RSS_KIB:2048 MEM:0.01288% STATE:S THREADS:1 WCHAN:do_wait
[2026-09-18T09:11:36.831+00:00] PID:2445628 CPU:0.00% RSS_KIB:17792 MEM:0.11189% STATE:S THREADS:1 WCHAN:do_select
[2026-09-18T09:11:36.933+00:00] PID:2445613 CPU:0.00% RSS_KIB:2048 MEM:0.01288% STATE:S THREADS:1 WCHAN:do_wait
[2026-09-18T09:11:36.933+00:00] PID:2445628 CPU:0.00% RSS_KIB:17792 MEM:0.11189% STATE:S THREADS:1 WCHAN:do_select
[2026-09-18T09:11:37.035+00:00] PID:2445613 CPU:0.00% RSS_KIB:2048 MEM:0.01288% STATE:S THREADS:1 WCHAN:do_wait
[2026-09-18T09:11:37.035+00:00] PID:2445628 CPU:0.00% RSS_KIB:17792 MEM:0.11189% STATE:S THREADS:1 WCHAN:do_select
[2026-09-18T09:11:37.137+00:00] PID:2445613 CPU:0.00% RSS_KIB:2048 MEM:0.01288% STATE:S THREADS:1 WCHAN:do_wait
[2026-09-18T09:11:37.138+00:00] PID:2445628 CPU:0.00% RSS_KIB:17792 MEM:0.11189% STATE:S THREADS:1 WCHAN:do_select
[2026-09-18T09:11:37.239+00:00] PID:2445613 CPU:0.00% RSS_KIB:2048 MEM:0.01288% STATE:S THREADS:1 WCHAN:do_wait
[2026-09-18T09:11:37.240+00:00] PID:2445628 CPU:0.00% RSS_KIB:17792 MEM:0.11189% STATE:S THREADS:1 WCHAN:do_select
[2026-09-18T09:11:37.342+00:00] PID:2445613 CPU:0.00% RSS_KIB:2048 MEM:0.01288% STATE:S THREADS:1 WCHAN:do_wait
[2026-09-18T09:11:37.342+00:00] PID:2445628 CPU:0.00% RSS_KIB:17792 MEM:0.11189% STATE:S THREADS:1 WCHAN:do_select
[2026-09-18T09:11:37.444+00:00] PID:2445613 CPU:0.00% RSS_KIB:2048 MEM:0.01288% STATE:S THREADS:1 WCHAN:do_wait
[2026-09-18T09:11:37.444+00:00] PID:2445628 CPU:0.00% RSS_KIB:17792 MEM:0.11189% STATE:S THREADS:1 WCHAN:do_select
[2026-09-18T09:11:37.546+00:00] PID:2445613 CPU:0.00% RSS_KIB:2048 MEM:0.01288% STATE:S THREADS:1 WCHAN:do_wait
[2026-09-18T09:11:37.547+00:00] PID:2445628 CPU:0.00% RSS_KIB:17792 MEM:0.11189% STATE:S THREADS:1 WCHAN:do_select
[2026-09-18T09:11:37.648+00:00] PID:2445613 CPU:0.00% RSS_KIB:2048 MEM:0.01288% STATE:S THREADS:1 WCHAN:do_wait
[2026-09-18T09:11:37.649+00:00] PID:2445628 CPU:0.00% RSS_KIB:17792 MEM:0.11189% STATE:S THREADS:1 WCHAN:do_select
[2026-09-18T09:11:37.750+00:00] PID:2445613 CPU:0.00% RSS_KIB:2048 MEM:0.01288% STATE:S THREADS:1 WCHAN:do_wait
[2026-09-18T09:11:37.751+00:00] PID:2445628 CPU:0.00% RSS_KIB:17792 MEM:0.11189% STATE:S THREADS:1 WCHAN:do_select
[2026-09-18T09:11:37.853+00:00] PID:2445613 CPU:0.00% RSS_KIB:2048 MEM:0.01288% STATE:S THREADS:1 WCHAN:do_wait
[2026-09-18T09:11:37.853+00:00] PID:2445628 CPU:0.00% RSS_KIB:17792 MEM:0.11189% STATE:S THREADS:1 WCHAN:do_select
[2026-09-18T09:11:37.958+00:00] PID:2445613 CPU:0.00% RSS_KIB:2048 MEM:0.01288% STATE:S THREADS:1 WCHAN:do_wait
[2026-09-18T09:11:37.959+00:00] PID:2445628 CPU:0.00% RSS_KIB:17792 MEM:0.11189% STATE:S THREADS:1 WCHAN:do_select
[2026-09-18T09:11:38.061+00:00] PID:2445613 CPU:0.00% RSS_KIB:2048 MEM:0.01288% STATE:S THREADS:1 WCHAN:do_wait
[2026-09-18T09:11:38.061+00:00] PID:2445628 CPU:0.00% RSS_KIB:17792 MEM:0.11189% STATE:S THREADS:1 WCHAN:do_select
[2026-09-18T09:11:38.163+00:00] PID:2445613 CPU:0.00% RSS_KIB:2048 MEM:0.01288% STATE:S THREADS:1 WCHAN:do_wait
[2026-09-18T09:11:38.164+00:00] PID:2445628 CPU:0.00% RSS_KIB:17792 MEM:0.11189% STATE:S THREADS:1 WCHAN:do_select
[2026-09-18T09:11:38.266+00:00] PID:2445613 CPU:0.00% RSS_KIB:2048 MEM:0.01288% STATE:S THREADS:1 WCHAN:do_wait
[2026-09-18T09:11:38.267+00:00] PID:2445628 CPU:0.00% RSS_KIB:17792 MEM:0.11189% STATE:S THREADS:1 WCHAN:do_select
[2026-09-18T09:11:38.369+00:00] PID:2445613 CPU:0.00% RSS_KIB:2048 MEM:0.01288% STATE:S THREADS:1 WCHAN:do_wait
[2026-09-18T09:11:38.369+00:00] PID:2445628 CPU:0.00% RSS_KIB:17792 MEM:0.11189% STATE:S THREADS:1 WCHAN:do_select
[2026-09-18T09:11:38.472+00:00] PID:2445613 CPU:0.00% RSS_KIB:2048 MEM:0.01288% STATE:S THREADS:1 WCHAN:do_wait
[2026-09-18T09:11:38.472+00:00] PID:2445628 CPU:0.00% RSS_KIB:17792 MEM:0.11189% STATE:S THREADS:1 WCHAN:do_select
[2026-09-18T09:11:38.575+00:00] PID:2445613 CPU:0.00% RSS_KIB:2048 MEM:0.01288% STATE:S THREADS:1 WCHAN:do_wait
[2026-09-18T09:11:38.576+00:00] PID:2445628 CPU:0.00% RSS_KIB:17792 MEM:0.11189% STATE:S THREADS:1 WCHAN:do_select
[2026-09-18T09:11:38.678+00:00] PID:2445613 CPU:0.00% RSS_KIB:2048 MEM:0.01288% STATE:S THREADS:1 WCHAN:do_wait
[2026-09-18T09:11:38.678+00:00] PID:2445628 CPU:0.00% RSS_KIB:17792 MEM:0.11189% STATE:S THREADS:1 WCHAN:do_select
[2026-09-18T09:11:38.781+00:00] PID:2445613 CPU:0.00% RSS_KIB:2048 MEM:0.01288% STATE:S THREADS:1 WCHAN:do_wait
[2026-09-18T09:11:38.781+00:00] PID:2445628 CPU:0.00% RSS_KIB:17792 MEM:0.11189% STATE:S THREADS:1 WCHAN:do_select
[2026-09-18T09:11:38.884+00:00] PID:2445613 CPU:0.00% RSS_KIB:2048 MEM:0.01288% STATE:S THREADS:1 WCHAN:do_wait
[2026-09-18T09:11:38.884+00:00] PID:2445628 CPU:0.00% RSS_KIB:17792 MEM:0.11189% STATE:S THREADS:1 WCHAN:do_select
[2026-09-18T09:11:38.987+00:00] PID:2445613 CPU:0.00% RSS_KIB:2048 MEM:0.01288% STATE:S THREADS:1 WCHAN:do_wait
[2026-09-18T09:11:38.987+00:00] PID:2445628 CPU:0.00% RSS_KIB:17792 MEM:0.11189% STATE:S THREADS:1 WCHAN:do_select
[2026-09-18T09:11:39.090+00:00] PID:2445613 CPU:0.00% RSS_KIB:2048 MEM:0.01288% STATE:S THREADS:1 WCHAN:do_wait
[2026-09-18T09:11:39.090+00:00] PID:2445628 CPU:0.00% RSS_KIB:17792 MEM:0.11189% STATE:S THREADS:1 WCHAN:do_select
[2026-09-18T09:11:39.192+00:00] PID:2445613 CPU:0.00% RSS_KIB:2048 MEM:0.01288% STATE:S THREADS:1 WCHAN:do_wait
[2026-09-18T09:11:39.193+00:00] PID:2445628 CPU:0.00% RSS_KIB:17792 MEM:0.11189% STATE:S THREADS:1 WCHAN:do_select
[2026-09-18T09:11:39.295+00:00] PID:2445613 CPU:0.00% RSS_KIB:2048 MEM:0.01288% STATE:S THREADS:1 WCHAN:do_wait
[2026-09-18T09:11:39.296+00:00] PID:2445628 CPU:0.00% RSS_KIB:17792 MEM:0.11189% STATE:S THREADS:1 WCHAN:do_select
[2026-09-18T09:11:39.398+00:00] PID:2445613 CPU:0.00% RSS_KIB:2048 MEM:0.01288% STATE:S THREADS:1 WCHAN:do_wait
[2026-09-18T09:11:39.399+00:00] PID:2445628 CPU:0.00% RSS_KIB:17792 MEM:0.11189% STATE:S THREADS:1 WCHAN:do_select
[2026-09-18T09:11:39.501+00:00] PID:2445613 CPU:0.00% RSS_KIB:2048 MEM:0.01288% STATE:S THREADS:1 WCHAN:do_wait
[2026-09-18T09:11:39.502+00:00] PID:2445628 CPU:0.00% RSS_KIB:17792 MEM:0.11189% STATE:S THREADS:1 WCHAN:do_select
[2026-09-18T09:11:39.604+00:00] PID:2445613 CPU:0.00% RSS_KIB:2048 MEM:0.01288% STATE:S THREADS:1 WCHAN:do_wait
[2026-09-18T09:11:39.605+00:00] PID:2445628 CPU:0.00% RSS_KIB:17792 MEM:0.11189% STATE:S THREADS:1 WCHAN:do_select
[2026-09-18T09:11:39.707+00:00] PID:2445613 CPU:0.00% RSS_KIB:2048 MEM:0.01288% STATE:S THREADS:1 WCHAN:do_wait
[2026-09-18T09:11:39.708+00:00] PID:2445628 CPU:38.78% RSS_KIB:17792 MEM:0.11189% STATE:S THREADS:1 WCHAN:do_select
[2026-09-18T09:11:39.810+00:00] PID:2445613 CPU:0.00% RSS_KIB:2048 MEM:0.01288% STATE:S THREADS:1 WCHAN:do_wait
[2026-09-18T09:11:39.810+00:00] PID:2445628 CPU:0.00% RSS_KIB:17792 MEM:0.11189% STATE:S THREADS:1 WCHAN:do_select
[2026-09-18T09:11:39.912+00:00] PID:2445613 CPU:0.00% RSS_KIB:2048 MEM:0.01288% STATE:S THREADS:1 WCHAN:do_wait
[2026-09-18T09:11:39.913+00:00] PID:2445628 CPU:0.00% RSS_KIB:17792 MEM:0.11189% STATE:S THREADS:1 WCHAN:do_select
[2026-09-18T09:11:40.015+00:00] PID:2445613 CPU:0.00% RSS_KIB:2048 MEM:0.01288% STATE:S THREADS:1 WCHAN:do_wait
[2026-09-18T09:11:40.015+00:00] PID:2445628 CPU:0.00% RSS_KIB:17792 MEM:0.11189% STATE:S THREADS:1 WCHAN:do_select
[2026-09-18T09:11:40.118+00:00] PID:2445613 CPU:0.00% RSS_KIB:2048 MEM:0.01288% STATE:S THREADS:1 WCHAN:do_wait
[2026-09-18T09:11:40.118+00:00] PID:2445628 CPU:0.00% RSS_KIB:17792 MEM:0.11189% STATE:S THREADS:1 WCHAN:do_select
[2026-09-18T09:11:40.220+00:00] PID:2445613 CPU:0.00% RSS_KIB:2048 MEM:0.01288% STATE:S THREADS:1 WCHAN:do_wait
[2026-09-18T09:11:40.221+00:00] PID:2445628 CPU:0.00% RSS_KIB:17792 MEM:0.11189% STATE:S THREADS:1 WCHAN:do_select
[2026-09-18T09:11:40.324+00:00] PID:2445613 CPU:0.00% RSS_KIB:2048 MEM:0.01288% STATE:S THREADS:1 WCHAN:do_wait
[2026-09-18T09:11:40.324+00:00] PID:2445628 CPU:0.00% RSS_KIB:17792 MEM:0.11189% STATE:S THREADS:1 WCHAN:do_select
[2026-09-18T09:11:40.426+00:00] PID:2445613 CPU:0.00% RSS_KIB:2048 MEM:0.01288% STATE:S THREADS:1 WCHAN:do_wait
[2026-09-18T09:11:40.427+00:00] PID:2445628 CPU:0.00% RSS_KIB:17792 MEM:0.11189% STATE:S THREADS:1 WCHAN:do_select
[2026-09-18T09:11:40.529+00:00] PID:2445613 CPU:0.00% RSS_KIB:2048 MEM:0.01288% STATE:S THREADS:1 WCHAN:do_wait
[2026-09-18T09:11:40.529+00:00] PID:2445628 CPU:0.00% RSS_KIB:17792 MEM:0.11189% STATE:S THREADS:1 WCHAN:do_select
[2026-09-18T09:11:40.631+00:00] PID:2445613 CPU:0.00% RSS_KIB:2048 MEM:0.01288% STATE:S THREADS:1 WCHAN:do_wait
[2026-09-18T09:11:40.632+00:00] PID:2445628 CPU:0.00% RSS_KIB:17792 MEM:0.11189% STATE:S THREADS:1 WCHAN:do_select
[2026-09-18T09:11:40.734+00:00] PID:2445613 CPU:0.00% RSS_KIB:2048 MEM:0.01288% STATE:S THREADS:1 WCHAN:do_wait
[2026-09-18T09:11:40.734+00:00] PID:2445628 CPU:0.00% RSS_KIB:17792 MEM:0.11189% STATE:S THREADS:1 WCHAN:do_select
[2026-09-18T09:11:40.836+00:00] PID:2445613 CPU:0.00% RSS_KIB:2048 MEM:0.01288% STATE:S THREADS:1 WCHAN:do_wait
[2026-09-18T09:11:40.837+00:00] PID:2445628 CPU:0.00% RSS_KIB:17792 MEM:0.11189% STATE:S THREADS:1 WCHAN:do_select
[2026-09-18T09:11:40.939+00:00] PID:2445613 CPU:0.00% RSS_KIB:2048 MEM:0.01288% STATE:S THREADS:1 WCHAN:do_wait
[2026-09-18T09:11:40.939+00:00] PID:2445628 CPU:0.00% RSS_KIB:17792 MEM:0.11189% STATE:S THREADS:1 WCHAN:do_select
[2026-09-18T09:11:41.042+00:00] PID:2445613 CPU:0.00% RSS_KIB:2048 MEM:0.01288% STATE:S THREADS:1 WCHAN:do_wait
[2026-09-18T09:11:41.043+00:00] PID:2445628 CPU:0.00% RSS_KIB:17792 MEM:0.11189% STATE:S THREADS:1 WCHAN:do_select
[2026-09-18T09:11:41.145+00:00] PID:2445613 CPU:0.00% RSS_KIB:2048 MEM:0.01288% STATE:S THREADS:1 WCHAN:do_wait
[2026-09-18T09:11:41.145+00:00] PID:2445628 CPU:0.00% RSS_KIB:17792 MEM:0.11189% STATE:S THREADS:1 WCHAN:do_select
[2026-09-18T09:11:41.247+00:00] PID:2445613 CPU:0.00% RSS_KIB:2048 MEM:0.01288% STATE:S THREADS:1 WCHAN:do_wait
[2026-09-18T09:11:41.248+00:00] PID:2445628 CPU:0.00% RSS_KIB:17792 MEM:0.11189% STATE:S THREADS:1 WCHAN:do_select
[2026-09-18T09:11:41.350+00:00] PID:2445613 CPU:0.00% RSS_KIB:2048 MEM:0.01288% STATE:S THREADS:1 WCHAN:do_wait
[2026-09-18T09:11:41.350+00:00] PID:2445628 CPU:0.00% RSS_KIB:17792 MEM:0.11189% STATE:S THREADS:1 WCHAN:do_select
[2026-09-18T09:11:41.453+00:00] PID:2445613 CPU:0.00% RSS_KIB:2048 MEM:0.01288% STATE:S THREADS:1 WCHAN:do_wait
[2026-09-18T09:11:41.453+00:00] PID:2445628 CPU:0.00% RSS_KIB:17792 MEM:0.11189% STATE:S THREADS:1 WCHAN:do_select
[2026-09-18T09:11:41.555+00:00] PID:2445613 CPU:0.00% RSS_KIB:2048 MEM:0.01288% STATE:S THREADS:1 WCHAN:do_wait
[2026-09-18T09:11:41.556+00:00] PID:2445628 CPU:0.00% RSS_KIB:17792 MEM:0.11189% STATE:S THREADS:1 WCHAN:do_select
[2026-09-18T09:11:41.658+00:00] PID:2445613 CPU:0.00% RSS_KIB:2048 MEM:0.01288% STATE:S THREADS:1 WCHAN:do_wait
[2026-09-18T09:11:41.659+00:00] PID:2445628 CPU:0.00% RSS_KIB:17792 MEM:0.11189% STATE:S THREADS:1 WCHAN:do_select
[2026-09-18T09:11:41.761+00:00] PID:2445613 CPU:0.00% RSS_KIB:2048 MEM:0.01288% STATE:S THREADS:1 WCHAN:do_wait
[2026-09-18T09:11:41.761+00:00] PID:2445628 CPU:0.00% RSS_KIB:17792 MEM:0.11189% STATE:S THREADS:1 WCHAN:do_select
[2026-09-18T09:11:41.863+00:00] PID:2445613 CPU:0.00% RSS_KIB:2048 MEM:0.01288% STATE:S THREADS:1 WCHAN:do_wait
[2026-09-18T09:11:41.864+00:00] PID:2445628 CPU:0.00% RSS_KIB:17792 MEM:0.11189% STATE:S THREADS:1 WCHAN:do_select
[2026-09-18T09:11:41.966+00:00] PID:2445613 CPU:0.00% RSS_KIB:2048 MEM:0.01288% STATE:S THREADS:1 WCHAN:do_wait
[2026-09-18T09:11:41.966+00:00] PID:2445628 CPU:0.00% RSS_KIB:17792 MEM:0.11189% STATE:S THREADS:1 WCHAN:do_select
[2026-09-18T09:11:42.068+00:00] PID:2445613 CPU:0.00% RSS_KIB:2048 MEM:0.01288% STATE:S THREADS:1 WCHAN:do_wait
[2026-09-18T09:11:42.069+00:00] PID:2445628 CPU:0.00% RSS_KIB:17792 MEM:0.11189% STATE:S THREADS:1 WCHAN:do_select
[2026-09-18T09:11:42.172+00:00] PID:2445613 CPU:0.00% RSS_KIB:2048 MEM:0.01288% STATE:S THREADS:1 WCHAN:do_wait
[2026-09-18T09:11:42.172+00:00] PID:2445628 CPU:0.00% RSS_KIB:17792 MEM:0.11189% STATE:S THREADS:1 WCHAN:do_select
[2026-09-18T09:11:42.274+00:00] PID:2445613 CPU:0.00% RSS_KIB:2048 MEM:0.01288% STATE:S THREADS:1 WCHAN:do_wait
[2026-09-18T09:11:42.275+00:00] PID:2445628 CPU:0.00% RSS_KIB:17792 MEM:0.11189% STATE:S THREADS:1 WCHAN:do_select
[2026-09-18T09:11:42.377+00:00] PID:2445613 CPU:0.00% RSS_KIB:2048 MEM:0.01288% STATE:S THREADS:1 WCHAN:do_wait
[2026-09-18T09:11:42.378+00:00] PID:2445628 CPU:0.00% RSS_KIB:17792 MEM:0.11189% STATE:S THREADS:1 WCHAN:do_select
[2026-09-18T09:11:42.480+00:00] PID:2445613 CPU:0.00% RSS_KIB:2048 MEM:0.01288% STATE:S THREADS:1 WCHAN:do_wait
[2026-09-18T09:11:42.480+00:00] PID:2445628 CPU:0.00% RSS_KIB:17792 MEM:0.11189% STATE:S THREADS:1 WCHAN:do_select
[2026-09-18T09:11:42.582+00:00] PID:2445613 CPU:0.00% RSS_KIB:2048 MEM:0.01288% STATE:S THREADS:1 WCHAN:do_wait
[2026-09-18T09:11:42.583+00:00] PID:2445628 CPU:0.00% RSS_KIB:17792 MEM:0.11189% STATE:S THREADS:1 WCHAN:do_select
[2026-09-18T09:11:42.684+00:00] PID:2445613 CPU:0.00% RSS_KIB:2048 MEM:0.01288% STATE:S THREADS:1 WCHAN:do_wait
[2026-09-18T09:11:42.685+00:00] PID:2445628 CPU:0.00% RSS_KIB:17792 MEM:0.11189% STATE:S THREADS:1 WCHAN:do_select
[2026-09-18T09:11:42.788+00:00] PID:2445613 CPU:0.00% RSS_KIB:2048 MEM:0.01288% STATE:S THREADS:1 WCHAN:do_wait
[2026-09-18T09:11:42.788+00:00] PID:2445628 CPU:29.26% RSS_KIB:17792 MEM:0.11189% STATE:R THREADS:1 WCHAN:0
[2026-09-18T09:11:42.890+00:00] PID:2445613 CPU:0.00% RSS_KIB:2048 MEM:0.01288% STATE:S THREADS:1 WCHAN:do_wait
[2026-09-18T09:11:42.891+00:00] PID:2445628 CPU:9.70% RSS_KIB:17792 MEM:0.11189% STATE:S THREADS:1 WCHAN:do_select
[2026-09-18T09:11:42.993+00:00] PID:2445613 CPU:0.00% RSS_KIB:2048 MEM:0.01288% STATE:S THREADS:1 WCHAN:do_wait
[2026-09-18T09:11:42.994+00:00] PID:2445628 CPU:0.00% RSS_KIB:17792 MEM:0.11189% STATE:S THREADS:1 WCHAN:do_select
[2026-09-18T09:11:43.095+00:00] PID:2445613 CPU:0.00% RSS_KIB:2048 MEM:0.01288% STATE:S THREADS:1 WCHAN:do_wait
[2026-09-18T09:11:43.096+00:00] PID:2445628 CPU:0.00% RSS_KIB:17792 MEM:0.11189% STATE:S THREADS:1 WCHAN:do_select
[2026-09-18T09:11:43.197+00:00] PID:2445613 CPU:0.00% RSS_KIB:2048 MEM:0.01288% STATE:S THREADS:1 WCHAN:do_wait
[2026-09-18T09:11:43.198+00:00] PID:2445628 CPU:0.00% RSS_KIB:17792 MEM:0.11189% STATE:S THREADS:1 WCHAN:do_select
[2026-09-18T09:11:43.300+00:00] PID:2445613 CPU:0.00% RSS_KIB:2048 MEM:0.01288% STATE:S THREADS:1 WCHAN:do_wait
[2026-09-18T09:11:43.300+00:00] PID:2445628 CPU:0.00% RSS_KIB:17792 MEM:0.11189% STATE:S THREADS:1 WCHAN:do_select
[2026-09-18T09:11:43.402+00:00] PID:2445613 CPU:0.00% RSS_KIB:2048 MEM:0.01288% STATE:S THREADS:1 WCHAN:do_wait
[2026-09-18T09:11:43.403+00:00] PID:2445628 CPU:0.00% RSS_KIB:17792 MEM:0.11189% STATE:S THREADS:1 WCHAN:do_select
[2026-09-18T09:11:43.505+00:00] PID:2445613 CPU:0.00% RSS_KIB:2048 MEM:0.01288% STATE:S THREADS:1 WCHAN:do_wait
[2026-09-18T09:11:43.506+00:00] PID:2445628 CPU:0.00% RSS_KIB:17792 MEM:0.11189% STATE:S THREADS:1 WCHAN:do_select
[2026-09-18T09:11:43.608+00:00] PID:2445613 CPU:0.00% RSS_KIB:2048 MEM:0.01288% STATE:S THREADS:1 WCHAN:do_wait
[2026-09-18T09:11:43.608+00:00] PID:2445628 CPU:0.00% RSS_KIB:17792 MEM:0.11189% STATE:S THREADS:1 WCHAN:do_select
[2026-09-18T09:11:43.711+00:00] PID:2445613 CPU:0.00% RSS_KIB:2048 MEM:0.01288% STATE:S THREADS:1 WCHAN:do_wait
[2026-09-18T09:11:43.711+00:00] PID:2445628 CPU:0.00% RSS_KIB:17792 MEM:0.11189% STATE:S THREADS:1 WCHAN:do_select
[2026-09-18T09:11:43.813+00:00] PID:2445613 CPU:0.00% RSS_KIB:2048 MEM:0.01288% STATE:S THREADS:1 WCHAN:do_wait
[2026-09-18T09:11:43.814+00:00] PID:2445628 CPU:0.00% RSS_KIB:17792 MEM:0.11189% STATE:S THREADS:1 WCHAN:do_select
[2026-09-18T09:11:43.916+00:00] PID:2445613 CPU:0.00% RSS_KIB:2048 MEM:0.01288% STATE:S THREADS:1 WCHAN:do_wait
[2026-09-18T09:11:43.916+00:00] PID:2445628 CPU:0.00% RSS_KIB:17792 MEM:0.11189% STATE:S THREADS:1 WCHAN:do_select
[2026-09-18T09:11:44.019+00:00] PID:2445613 CPU:0.00% RSS_KIB:2048 MEM:0.01288% STATE:S THREADS:1 WCHAN:do_wait
[2026-09-18T09:11:44.019+00:00] PID:2445628 CPU:0.00% RSS_KIB:17792 MEM:0.11189% STATE:S THREADS:1 WCHAN:do_select
[2026-09-18T09:11:44.121+00:00] PID:2445613 CPU:0.00% RSS_KIB:2048 MEM:0.01288% STATE:S THREADS:1 WCHAN:do_wait
[2026-09-18T09:11:44.122+00:00] PID:2445628 CPU:0.00% RSS_KIB:17792 MEM:0.11189% STATE:S THREADS:1 WCHAN:do_select
[2026-09-18T09:11:44.223+00:00] PID:2445613 CPU:0.00% RSS_KIB:2048 MEM:0.01288% STATE:S THREADS:1 WCHAN:do_wait
[2026-09-18T09:11:44.224+00:00] PID:2445628 CPU:0.00% RSS_KIB:17792 MEM:0.11189% STATE:S THREADS:1 WCHAN:do_select
[2026-09-18T09:11:44.326+00:00] PID:2445613 CPU:0.00% RSS_KIB:2048 MEM:0.01288% STATE:S THREADS:1 WCHAN:do_wait
[2026-09-18T09:11:44.327+00:00] PID:2445628 CPU:0.00% RSS_KIB:17792 MEM:0.11189% STATE:S THREADS:1 WCHAN:do_select
[2026-09-18T09:11:44.429+00:00] PID:2445613 CPU:0.00% RSS_KIB:2048 MEM:0.01288% STATE:S THREADS:1 WCHAN:do_wait
[2026-09-18T09:11:44.429+00:00] PID:2445628 CPU:0.00% RSS_KIB:17792 MEM:0.11189% STATE:S THREADS:1 WCHAN:do_select
[2026-09-18T09:11:44.531+00:00] PID:2445613 CPU:0.00% RSS_KIB:2048 MEM:0.01288% STATE:S THREADS:1 WCHAN:do_wait
[2026-09-18T09:11:44.532+00:00] PID:2445628 CPU:0.00% RSS_KIB:17792 MEM:0.11189% STATE:S THREADS:1 WCHAN:do_select
[2026-09-18T09:11:44.634+00:00] PID:2445613 CPU:0.00% RSS_KIB:2048 MEM:0.01288% STATE:S THREADS:1 WCHAN:do_wait
[2026-09-18T09:11:44.634+00:00] PID:2445628 CPU:0.00% RSS_KIB:17792 MEM:0.11189% STATE:S THREADS:1 WCHAN:do_select
[2026-09-18T09:11:44.736+00:00] PID:2445613 CPU:0.00% RSS_KIB:2048 MEM:0.01288% STATE:S THREADS:1 WCHAN:do_wait
[2026-09-18T09:11:44.737+00:00] PID:2445628 CPU:0.00% RSS_KIB:17792 MEM:0.11189% STATE:S THREADS:1 WCHAN:do_select
[2026-09-18T09:11:44.839+00:00] PID:2445613 CPU:0.00% RSS_KIB:2048 MEM:0.01288% STATE:S THREADS:1 WCHAN:do_wait
[2026-09-18T09:11:44.840+00:00] PID:2445628 CPU:0.00% RSS_KIB:17792 MEM:0.11189% STATE:S THREADS:1 WCHAN:do_select
[2026-09-18T09:11:44.943+00:00] PID:2445613 CPU:0.00% RSS_KIB:2048 MEM:0.01288% STATE:S THREADS:1 WCHAN:do_wait
[2026-09-18T09:11:44.943+00:00] PID:2445628 CPU:0.00% RSS_KIB:17792 MEM:0.11189% STATE:S THREADS:1 WCHAN:do_select
[2026-09-18T09:11:45.046+00:00] PID:2445613 CPU:0.00% RSS_KIB:2048 MEM:0.01288% STATE:S THREADS:1 WCHAN:do_wait
[2026-09-18T09:11:45.046+00:00] PID:2445628 CPU:0.00% RSS_KIB:17792 MEM:0.11189% STATE:S THREADS:1 WCHAN:do_select
[2026-09-18T09:11:45.149+00:00] PID:2445613 CPU:0.00% RSS_KIB:2048 MEM:0.01288% STATE:S THREADS:1 WCHAN:do_wait
[2026-09-18T09:11:45.149+00:00] PID:2445628 CPU:0.00% RSS_KIB:17792 MEM:0.11189% STATE:S THREADS:1 WCHAN:do_select
[2026-09-18T09:11:45.252+00:00] PID:2445613 CPU:0.00% RSS_KIB:2048 MEM:0.01288% STATE:S THREADS:1 WCHAN:do_wait
[2026-09-18T09:11:45.253+00:00] PID:2445628 CPU:0.00% RSS_KIB:17792 MEM:0.11189% STATE:S THREADS:1 WCHAN:do_select
[2026-09-18T09:11:45.355+00:00] PID:2445613 CPU:0.00% RSS_KIB:2048 MEM:0.01288% STATE:S THREADS:1 WCHAN:do_wait
[2026-09-18T09:11:45.356+00:00] PID:2445628 CPU:0.00% RSS_KIB:17792 MEM:0.11189% STATE:S THREADS:1 WCHAN:do_select
[2026-09-18T09:11:45.458+00:00] PID:2445613 CPU:0.00% RSS_KIB:2048 MEM:0.01288% STATE:S THREADS:1 WCHAN:do_wait
[2026-09-18T09:11:45.458+00:00] PID:2445628 CPU:0.00% RSS_KIB:17792 MEM:0.11189% STATE:S THREADS:1 WCHAN:do_select
[2026-09-18T09:11:45.561+00:00] PID:2445613 CPU:0.00% RSS_KIB:2048 MEM:0.01288% STATE:S THREADS:1 WCHAN:do_wait
[2026-09-18T09:11:45.561+00:00] PID:2445628 CPU:0.00% RSS_KIB:17792 MEM:0.11189% STATE:S THREADS:1 WCHAN:do_select
[2026-09-18T09:11:45.664+00:00] PID:2445613 CPU:0.00% RSS_KIB:2048 MEM:0.01288% STATE:S THREADS:1 WCHAN:do_wait
[2026-09-18T09:11:45.664+00:00] PID:2445628 CPU:0.00% RSS_KIB:17792 MEM:0.11189% STATE:S THREADS:1 WCHAN:do_select
[2026-09-18T09:11:45.766+00:00] PID:2445613 CPU:0.00% RSS_KIB:2048 MEM:0.01288% STATE:S THREADS:1 WCHAN:do_wait
[2026-09-18T09:11:45.767+00:00] PID:2445628 CPU:0.00% RSS_KIB:17792 MEM:0.11189% STATE:S THREADS:1 WCHAN:do_select
[2026-09-18T09:11:45.870+00:00] PID:2445613 CPU:0.00% RSS_KIB:2048 MEM:0.01288% STATE:S THREADS:1 WCHAN:do_wait
[2026-09-18T09:11:45.870+00:00] PID:2445628 CPU:0.00% RSS_KIB:17792 MEM:0.11189% STATE:S THREADS:1 WCHAN:do_select
[2026-09-18T09:11:45.973+00:00] PID:2445613 CPU:0.00% RSS_KIB:2048 MEM:0.01288% STATE:S THREADS:1 WCHAN:do_wait
[2026-09-18T09:11:45.973+00:00] PID:2445628 CPU:38.69% RSS_KIB:17792 MEM:0.11189% STATE:S THREADS:1 WCHAN:do_select
[2026-09-18T09:11:46.075+00:00] PID:2445613 CPU:0.00% RSS_KIB:2048 MEM:0.01288% STATE:S THREADS:1 WCHAN:do_wait
[2026-09-18T09:11:46.076+00:00] PID:2445628 CPU:0.00% RSS_KIB:17792 MEM:0.11189% STATE:S THREADS:1 WCHAN:do_select
[2026-09-18T09:11:46.178+00:00] PID:2445613 CPU:0.00% RSS_KIB:2048 MEM:0.01288% STATE:S THREADS:1 WCHAN:do_wait
[2026-09-18T09:11:46.179+00:00] PID:2445628 CPU:0.00% RSS_KIB:17792 MEM:0.11189% STATE:S THREADS:1 WCHAN:do_select
[2026-09-18T09:11:46.282+00:00] PID:2445613 CPU:0.00% RSS_KIB:2048 MEM:0.01288% STATE:S THREADS:1 WCHAN:do_wait
[2026-09-18T09:11:46.283+00:00] PID:2445628 CPU:0.00% RSS_KIB:17792 MEM:0.11189% STATE:S THREADS:1 WCHAN:do_select
[2026-09-18T09:11:46.385+00:00] PID:2445613 CPU:0.00% RSS_KIB:2048 MEM:0.01288% STATE:S THREADS:1 WCHAN:do_wait
[2026-09-18T09:11:46.386+00:00] PID:2445628 CPU:0.00% RSS_KIB:17792 MEM:0.11189% STATE:S THREADS:1 WCHAN:do_select
[2026-09-18T09:11:46.488+00:00] PID:2445613 CPU:0.00% RSS_KIB:2048 MEM:0.01288% STATE:S THREADS:1 WCHAN:do_wait
[2026-09-18T09:11:46.488+00:00] PID:2445628 CPU:0.00% RSS_KIB:17792 MEM:0.11189% STATE:S THREADS:1 WCHAN:do_select
[2026-09-18T09:11:46.591+00:00] PID:2445613 CPU:0.00% RSS_KIB:2048 MEM:0.01288% STATE:S THREADS:1 WCHAN:do_wait
[2026-09-18T09:11:46.591+00:00] PID:2445628 CPU:0.00% RSS_KIB:17792 MEM:0.11189% STATE:S THREADS:1 WCHAN:do_select
[2026-09-18T09:11:46.694+00:00] PID:2445613 CPU:0.00% RSS_KIB:2048 MEM:0.01288% STATE:S THREADS:1 WCHAN:do_wait
[2026-09-18T09:11:46.694+00:00] PID:2445628 CPU:0.00% RSS_KIB:17792 MEM:0.11189% STATE:S THREADS:1 WCHAN:do_select
[2026-09-18T09:11:46.797+00:00] PID:2445613 CPU:0.00% RSS_KIB:2048 MEM:0.01288% STATE:S THREADS:1 WCHAN:do_wait
[2026-09-18T09:11:46.797+00:00] PID:2445628 CPU:0.00% RSS_KIB:17792 MEM:0.11189% STATE:S THREADS:1 WCHAN:do_select
[2026-09-18T09:11:46.899+00:00] PID:2445613 CPU:0.00% RSS_KIB:2048 MEM:0.01288% STATE:S THREADS:1 WCHAN:do_wait
[2026-09-18T09:11:46.900+00:00] PID:2445628 CPU:0.00% RSS_KIB:17792 MEM:0.11189% STATE:S THREADS:1 WCHAN:do_select
[2026-09-18T09:11:47.002+00:00] PID:2445613 CPU:0.00% RSS_KIB:2048 MEM:0.01288% STATE:S THREADS:1 WCHAN:do_wait
[2026-09-18T09:11:47.003+00:00] PID:2445628 CPU:0.00% RSS_KIB:17792 MEM:0.11189% STATE:S THREADS:1 WCHAN:do_select
[2026-09-18T09:11:47.105+00:00] PID:2445613 CPU:0.00% RSS_KIB:2048 MEM:0.01288% STATE:S THREADS:1 WCHAN:do_wait
[2026-09-18T09:11:47.105+00:00] PID:2445628 CPU:0.00% RSS_KIB:17792 MEM:0.11189% STATE:S THREADS:1 WCHAN:do_select
[2026-09-18T09:11:47.207+00:00] PID:2445613 CPU:0.00% RSS_KIB:2048 MEM:0.01288% STATE:S THREADS:1 WCHAN:do_wait
[2026-09-18T09:11:47.208+00:00] PID:2445628 CPU:0.00% RSS_KIB:17792 MEM:0.11189% STATE:S THREADS:1 WCHAN:do_select
[2026-09-18T09:11:47.310+00:00] PID:2445613 CPU:0.00% RSS_KIB:2048 MEM:0.01288% STATE:S THREADS:1 WCHAN:do_wait
[2026-09-18T09:11:47.311+00:00] PID:2445628 CPU:0.00% RSS_KIB:17792 MEM:0.11189% STATE:S THREADS:1 WCHAN:do_select
[2026-09-18T09:11:47.413+00:00] PID:2445613 CPU:0.00% RSS_KIB:2048 MEM:0.01288% STATE:S THREADS:1 WCHAN:do_wait
[2026-09-18T09:11:47.413+00:00] PID:2445628 CPU:0.00% RSS_KIB:17792 MEM:0.11189% STATE:S THREADS:1 WCHAN:do_select
[2026-09-18T09:11:47.515+00:00] PID:2445613 CPU:0.00% RSS_KIB:2048 MEM:0.01288% STATE:S THREADS:1 WCHAN:do_wait
[2026-09-18T09:11:47.516+00:00] PID:2445628 CPU:0.00% RSS_KIB:17792 MEM:0.11189% STATE:S THREADS:1 WCHAN:do_select
[2026-09-18T09:11:47.619+00:00] PID:2445613 CPU:0.00% RSS_KIB:2048 MEM:0.01288% STATE:S THREADS:1 WCHAN:do_wait
[2026-09-18T09:11:47.619+00:00] PID:2445628 CPU:0.00% RSS_KIB:17792 MEM:0.11189% STATE:S THREADS:1 WCHAN:do_select
[2026-09-18T09:11:47.721+00:00] PID:2445613 CPU:0.00% RSS_KIB:2048 MEM:0.01288% STATE:S THREADS:1 WCHAN:do_wait
[2026-09-18T09:11:47.722+00:00] PID:2445628 CPU:0.00% RSS_KIB:17792 MEM:0.11189% STATE:S THREADS:1 WCHAN:do_select
[2026-09-18T09:11:47.824+00:00] PID:2445613 CPU:0.00% RSS_KIB:2048 MEM:0.01288% STATE:S THREADS:1 WCHAN:do_wait
[2026-09-18T09:11:47.824+00:00] PID:2445628 CPU:0.00% RSS_KIB:17792 MEM:0.11189% STATE:S THREADS:1 WCHAN:do_select
[2026-09-18T09:11:47.926+00:00] PID:2445613 CPU:0.00% RSS_KIB:2048 MEM:0.01288% STATE:S THREADS:1 WCHAN:do_wait
[2026-09-18T09:11:47.927+00:00] PID:2445628 CPU:0.00% RSS_KIB:17792 MEM:0.11189% STATE:S THREADS:1 WCHAN:do_select
[2026-09-18T09:11:48.029+00:00] PID:2445613 CPU:0.00% RSS_KIB:2048 MEM:0.01288% STATE:S THREADS:1 WCHAN:do_wait
[2026-09-18T09:11:48.030+00:00] PID:2445628 CPU:0.00% RSS_KIB:17792 MEM:0.11189% STATE:S THREADS:1 WCHAN:do_select
[2026-09-18T09:11:48.132+00:00] PID:2445613 CPU:0.00% RSS_KIB:2048 MEM:0.01288% STATE:S THREADS:1 WCHAN:do_wait
[2026-09-18T09:11:48.132+00:00] PID:2445628 CPU:0.00% RSS_KIB:17792 MEM:0.11189% STATE:S THREADS:1 WCHAN:do_select
[2026-09-18T09:11:48.235+00:00] PID:2445613 CPU:0.00% RSS_KIB:2048 MEM:0.01288% STATE:S THREADS:1 WCHAN:do_wait
[2026-09-18T09:11:48.235+00:00] PID:2445628 CPU:0.00% RSS_KIB:17792 MEM:0.11189% STATE:S THREADS:1 WCHAN:do_select
[2026-09-18T09:11:48.338+00:00] PID:2445613 CPU:0.00% RSS_KIB:2048 MEM:0.01288% STATE:S THREADS:1 WCHAN:do_wait
[2026-09-18T09:11:48.338+00:00] PID:2445628 CPU:0.00% RSS_KIB:17792 MEM:0.11189% STATE:S THREADS:1 WCHAN:do_select
[2026-09-18T09:11:48.440+00:00] PID:2445613 CPU:0.00% RSS_KIB:2048 MEM:0.01288% STATE:S THREADS:1 WCHAN:do_wait
[2026-09-18T09:11:48.440+00:00] PID:2445628 CPU:0.00% RSS_KIB:17792 MEM:0.11189% STATE:S THREADS:1 WCHAN:do_select
[2026-09-18T09:11:48.542+00:00] PID:2445613 CPU:0.00% RSS_KIB:2048 MEM:0.01288% STATE:S THREADS:1 WCHAN:do_wait
[2026-09-18T09:11:48.542+00:00] PID:2445628 CPU:0.00% RSS_KIB:17792 MEM:0.11189% STATE:S THREADS:1 WCHAN:do_select
[2026-09-18T09:11:48.645+00:00] PID:2445613 CPU:0.00% RSS_KIB:2048 MEM:0.01288% STATE:S THREADS:1 WCHAN:do_wait
[2026-09-18T09:11:48.645+00:00] PID:2445628 CPU:0.00% RSS_KIB:17792 MEM:0.11189% STATE:S THREADS:1 WCHAN:do_select
[2026-09-18T09:11:48.747+00:00] PID:2445613 CPU:0.00% RSS_KIB:2048 MEM:0.01288% STATE:S THREADS:1 WCHAN:do_wait
[2026-09-18T09:11:48.748+00:00] PID:2445628 CPU:0.00% RSS_KIB:17792 MEM:0.11189% STATE:S THREADS:1 WCHAN:do_select
[2026-09-18T09:11:48.850+00:00] PID:2445613 CPU:0.00% RSS_KIB:2048 MEM:0.01288% STATE:S THREADS:1 WCHAN:do_wait
[2026-09-18T09:11:48.850+00:00] PID:2445628 CPU:0.00% RSS_KIB:17792 MEM:0.11189% STATE:S THREADS:1 WCHAN:do_select
[2026-09-18T09:11:48.953+00:00] PID:2445613 CPU:0.00% RSS_KIB:2048 MEM:0.01288% STATE:S THREADS:1 WCHAN:do_wait
[2026-09-18T09:11:48.954+00:00] PID:2445628 CPU:0.00% RSS_KIB:17792 MEM:0.11189% STATE:S THREADS:1 WCHAN:do_select
[2026-09-18T09:11:49.056+00:00] PID:2445613 CPU:0.00% RSS_KIB:2048 MEM:0.01288% STATE:S THREADS:1 WCHAN:do_wait
[2026-09-18T09:11:49.057+00:00] PID:2445628 CPU:58.26% RSS_KIB:17792 MEM:0.11189% STATE:S THREADS:1 WCHAN:do_select
[2026-09-18T09:11:49.159+00:00] EVENT:PROCESS_EXITED
