[2026-09-18T09:08:48.099+00:00] PID:2443156 CPU:NA% RSS_KIB:1920 MEM:0.01207% STATE:D THREADS:1 WCHAN:p9_client_rpc
[2026-09-18T09:08:48.602+00:00] PID:2443156 CPU:7.97% RSS_KIB:2048 MEM:0.01288% STATE:S THREADS:1 WCHAN:do_wait
[2026-09-18T09:08:48.602+00:00] PID:2443169 CPU:NA% RSS_KIB:17776 MEM:0.11179% STATE:S THREADS:1 WCHAN:do_select
[2026-09-18T09:08:49.104+00:00] PID:2443156 CPU:0.00% RSS_KIB:2048 MEM:0.01288% STATE:S THREADS:1 WCHAN:do_wait
[2026-09-18T09:08:49.104+00:00] PID:2443169 CPU:0.00% RSS_KIB:17776 MEM:0.11179% STATE:S THREADS:1 WCHAN:do_select
[2026-09-18T09:08:49.606+00:00] PID:2443156 CPU:0.00% RSS_KIB:2048 MEM:0.01288% STATE:S THREADS:1 WCHAN:do_wait
[2026-09-18T09:08:49.607+00:00] PID:2443169 CPU:0.00% RSS_KIB:17776 MEM:0.11179% STATE:S THREADS:1 WCHAN:do_select
[2026-09-18T09:08:50.109+00:00] PID:2443156 CPU:0.00% RSS_KIB:2048 MEM:0.01288% STATE:S THREADS:1 WCHAN:do_wait
[2026-09-18T09:08:50.109+00:00] PID:2443169 CPU:0.00% RSS_KIB:17776 MEM:0.11179% STATE:S THREADS:1 WCHAN:do_select
[2026-09-18T09:08:50.611+00:00] PID:2443156 CPU:0.00% RSS_KIB:2048 MEM:0.01288% STATE:S THREADS:1 WCHAN:do_wait
[2026-09-18T09:08:50.611+00:00] PID:2443169 CPU:0.00% RSS_KIB:17776 MEM:0.11179% STATE:S THREADS:1 WCHAN:do_select
[2026-09-18T09:08:51.114+00:00] PID:2443156 CPU:0.00% RSS_KIB:2048 MEM:0.01288% STATE:S THREADS:1 WCHAN:do_wait
[2026-09-18T09:08:51.114+00:00] PID:2443169 CPU:0.00% RSS_KIB:17776 MEM:0.11179% STATE:S THREADS:1 WCHAN:do_select
[2026-09-18T09:08:51.616+00:00] PID:2443156 CPU:0.00% RSS_KIB:2048 MEM:0.01288% STATE:S THREADS:1 WCHAN:do_wait
[2026-09-18T09:08:51.617+00:00] PID:2443169 CPU:0.00% RSS_KIB:17776 MEM:0.11179% STATE:S THREADS:1 WCHAN:do_select
[2026-09-18T09:08:52.120+00:00] PID:2443156 CPU:0.00% RSS_KIB:2048 MEM:0.01288% STATE:S THREADS:1 WCHAN:do_wait
[2026-09-18T09:08:52.120+00:00] PID:2443169 CPU:0.00% RSS_KIB:17776 MEM:0.11179% STATE:S THREADS:1 WCHAN:do_select
[2026-09-18T09:08:52.622+00:00] PID:2443156 CPU:0.00% RSS_KIB:2048 MEM:0.01288% STATE:S THREADS:1 WCHAN:do_wait
[2026-09-18T09:08:52.623+00:00] PID:2443169 CPU:0.00% RSS_KIB:17776 MEM:0.11179% STATE:S THREADS:1 WCHAN:do_select
[2026-09-18T09:08:53.125+00:00] PID:2443156 CPU:0.00% RSS_KIB:2048 MEM:0.01288% STATE:S THREADS:1 WCHAN:do_wait
[2026-09-18T09:08:53.126+00:00] PID:2443169 CPU:0.00% RSS_KIB:17776 MEM:0.11179% STATE:S THREADS:1 WCHAN:do_select
[2026-09-18T09:08:53.627+00:00] PID:2443156 CPU:0.00% RSS_KIB:2048 MEM:0.01288% STATE:S THREADS:1 WCHAN:do_wait
[2026-09-18T09:08:53.628+00:00] PID:2443169 CPU:3.98% RSS_KIB:17776 MEM:0.11179% STATE:S THREADS:1 WCHAN:do_select
[2026-09-18T09:08:54.130+00:00] PID:2443156 CPU:0.00% RSS_KIB:2048 MEM:0.01288% STATE:S THREADS:1 WCHAN:do_wait
[2026-09-18T09:08:54.130+00:00] PID:2443169 CPU:0.00% RSS_KIB:17776 MEM:0.11179% STATE:S THREADS:1 WCHAN:do_select
[2026-09-18T09:08:54.632+00:00] PID:2443156 CPU:0.00% RSS_KIB:2048 MEM:0.01288% STATE:S THREADS:1 WCHAN:do_wait
[2026-09-18T09:08:54.633+00:00] PID:2443169 CPU:0.00% RSS_KIB:17776 MEM:0.11179% STATE:S THREADS:1 WCHAN:do_select
[2026-09-18T09:08:55.135+00:00] PID:2443156 CPU:0.00% RSS_KIB:2048 MEM:0.01288% STATE:S THREADS:1 WCHAN:do_wait
[2026-09-18T09:08:55.135+00:00] PID:2443169 CPU:0.00% RSS_KIB:17776 MEM:0.11179% STATE:S THREADS:1 WCHAN:do_select
[2026-09-18T09:08:55.638+00:00] PID:2443156 CPU:0.00% RSS_KIB:2048 MEM:0.01288% STATE:S THREADS:1 WCHAN:do_wait
[2026-09-18T09:08:55.639+00:00] PID:2443169 CPU:0.00% RSS_KIB:17776 MEM:0.11179% STATE:S THREADS:1 WCHAN:do_select
[2026-09-18T09:08:56.142+00:00] PID:2443156 CPU:0.00% RSS_KIB:2048 MEM:0.01288% STATE:S THREADS:1 WCHAN:do_wait
[2026-09-18T09:08:56.142+00:00] PID:2443169 CPU:0.00% RSS_KIB:17776 MEM:0.11179% STATE:S THREADS:1 WCHAN:do_select
[2026-09-18T09:08:56.645+00:00] PID:2443156 CPU:0.00% RSS_KIB:2048 MEM:0.01288% STATE:S THREADS:1 WCHAN:do_wait
[2026-09-18T09:08:56.645+00:00] PID:2443169 CPU:3.98% RSS_KIB:17776 MEM:0.11179% STATE:S THREADS:1 WCHAN:do_select
[2026-09-18T09:08:57.147+00:00] PID:2443156 CPU:0.00% RSS_KIB:2048 MEM:0.01288% STATE:S THREADS:1 WCHAN:do_wait
[2026-09-18T09:08:57.148+00:00] PID:2443169 CPU:0.00% RSS_KIB:17776 MEM:0.11179% STATE:S THREADS:1 WCHAN:do_select
[2026-09-18T09:08:57.650+00:00] PID:2443156 CPU:0.00% RSS_KIB:2048 MEM:0.01288% STATE:S THREADS:1 WCHAN:do_wait
[2026-09-18T09:08:57.651+00:00] PID:2443169 CPU:0.00% RSS_KIB:17776 MEM:0.11179% STATE:S THREADS:1 WCHAN:do_select
[2026-09-18T09:08:58.153+00:00] PID:2443156 CPU:0.00% RSS_KIB:2048 MEM:0.01288% STATE:S THREADS:1 WCHAN:do_wait
[2026-09-18T09:08:58.154+00:00] PID:2443169 CPU:0.00% RSS_KIB:17776 MEM:0.11179% STATE:S THREADS:1 WCHAN:do_select
[2026-09-18T09:08:58.656+00:00] PID:2443156 CPU:0.00% RSS_KIB:2048 MEM:0.01288% STATE:S THREADS:1 WCHAN:do_wait
[2026-09-18T09:08:58.656+00:00] PID:2443169 CPU:0.00% RSS_KIB:17776 MEM:0.11179% STATE:S THREADS:1 WCHAN:do_select
[2026-09-18T09:08:59.158+00:00] PID:2443156 CPU:0.00% RSS_KIB:2048 MEM:0.01288% STATE:S THREADS:1 WCHAN:do_wait
[2026-09-18T09:08:59.159+00:00] PID:2443169 CPU:0.00% RSS_KIB:17776 MEM:0.11179% STATE:S THREADS:1 WCHAN:do_select
[2026-09-18T09:08:59.661+00:00] PID:2443156 CPU:0.00% RSS_KIB:2048 MEM:0.01288% STATE:S THREADS:1 WCHAN:do_wait
[2026-09-18T09:08:59.662+00:00] PID:2443169 CPU:3.98% RSS_KIB:17776 MEM:0.11179% STATE:R THREADS:1 WCHAN:0
[2026-09-18T09:09:00.163+00:00] PID:2443156 CPU:0.00% RSS_KIB:2048 MEM:0.01288% STATE:S THREADS:1 WCHAN:do_wait
[2026-09-18T09:09:00.164+00:00] PID:2443169 CPU:1.99% RSS_KIB:17776 MEM:0.11179% STATE:S THREADS:1 WCHAN:do_select
[2026-09-18T09:09:00.667+00:00] PID:2443156 CPU:0.00% RSS_KIB:2048 MEM:0.01288% STATE:S THREADS:1 WCHAN:do_wait
[2026-09-18T09:09:00.667+00:00] PID:2443169 CPU:0.00% RSS_KIB:17776 MEM:0.11179% STATE:S THREADS:1 WCHAN:do_select
[2026-09-18T09:09:01.170+00:00] PID:2443156 CPU:0.00% RSS_KIB:2048 MEM:0.01288% STATE:S THREADS:1 WCHAN:do_wait
[2026-09-18T09:09:01.170+00:00] PID:2443169 CPU:0.00% RSS_KIB:17776 MEM:0.11179% STATE:S THREADS:1 WCHAN:do_select
[2026-09-18T09:09:01.673+00:00] PID:2443156 CPU:0.00% RSS_KIB:2048 MEM:0.01288% STATE:S THREADS:1 WCHAN:do_wait
[2026-09-18T09:09:01.673+00:00] PID:2443169 CPU:0.00% RSS_KIB:17776 MEM:0.11179% STATE:S THREADS:1 WCHAN:do_select
[2026-09-18T09:09:02.176+00:00] PID:2443156 CPU:0.00% RSS_KIB:2048 MEM:0.01288% STATE:S THREADS:1 WCHAN:do_wait
[2026-09-18T09:09:02.176+00:00] PID:2443169 CPU:0.00% RSS_KIB:17776 MEM:0.11179% STATE:S THREADS:1 WCHAN:do_select
[2026-09-18T09:09:02.678+00:00] PID:2443156 CPU:0.00% RSS_KIB:2048 MEM:0.01288% STATE:S THREADS:1 WCHAN:do_wait
[2026-09-18T09:09:02.679+00:00] PID:2443169 CPU:0.00% RSS_KIB:17776 MEM:0.11179% STATE:S THREADS:1 WCHAN:do_select
[2026-09-18T09:09:03.181+00:00] PID:2443156 CPU:0.00% RSS_KIB:2048 MEM:0.01288% STATE:S THREADS:1 WCHAN:do_wait
[2026-09-18T09:09:03.182+00:00] PID:2443169 CPU:7.96% RSS_KIB:17776 MEM:0.11179% STATE:S THREADS:1 WCHAN:do_select
[2026-09-18T09:09:03.683+00:00] PID:2443156 CPU:0.00% RSS_KIB:2048 MEM:0.01288% STATE:S THREADS:1 WCHAN:do_wait
[2026-09-18T09:09:03.684+00:00] PID:2443169 CPU:0.00% RSS_KIB:17776 MEM:0.11179% STATE:S THREADS:1 WCHAN:do_select
[2026-09-18T09:09:04.186+00:00] PID:2443156 CPU:0.00% RSS_KIB:2048 MEM:0.01288% STATE:S THREADS:1 WCHAN:do_wait
[2026-09-18T09:09:04.187+00:00] PID:2443169 CPU:0.00% RSS_KIB:17776 MEM:0.11179% STATE:S THREADS:1 WCHAN:do_select
[2026-09-18T09:09:04.689+00:00] PID:2443156 CPU:0.00% RSS_KIB:2048 MEM:0.01288% STATE:S THREADS:1 WCHAN:do_wait
[2026-09-18T09:09:04.690+00:00] PID:2443169 CPU:0.00% RSS_KIB:17776 MEM:0.11179% STATE:S THREADS:1 WCHAN:do_select
[2026-09-18T09:09:05.192+00:00] PID:2443156 CPU:0.00% RSS_KIB:2048 MEM:0.01288% STATE:S THREADS:1 WCHAN:do_wait
[2026-09-18T09:09:05.193+00:00] PID:2443169 CPU:0.00% RSS_KIB:17776 MEM:0.11179% STATE:S THREADS:1 WCHAN:do_select
[2026-09-18T09:09:05.695+00:00] PID:2443156 CPU:0.00% RSS_KIB:2048 MEM:0.01288% STATE:S THREADS:1 WCHAN:do_wait
[2026-09-18T09:09:05.695+00:00] PID:2443169 CPU:0.00% RSS_KIB:17776 MEM:0.11179% STATE:S THREADS:1 WCHAN:do_select
[2026-09-18T09:09:06.198+00:00] PID:2443156 CPU:0.00% RSS_KIB:2048 MEM:0.01288% STATE:S THREADS:1 WCHAN:do_wait
[2026-09-18T09:09:06.198+00:00] PID:2443169 CPU:7.96% RSS_KIB:17776 MEM:0.11179% STATE:S THREADS:1 WCHAN:do_select
[2026-09-18T09:09:06.700+00:00] PID:2443156 CPU:0.00% RSS_KIB:2048 MEM:0.01288% STATE:S THREADS:1 WCHAN:do_wait
[2026-09-18T09:09:06.701+00:00] PID:2443169 CPU:0.00% RSS_KIB:17776 MEM:0.11179% STATE:S THREADS:1 WCHAN:do_select
[2026-09-18T09:09:07.202+00:00] PID:2443156 CPU:0.00% RSS_KIB:2048 MEM:0.01288% STATE:S THREADS:1 WCHAN:do_wait
[2026-09-18T09:09:07.203+00:00] PID:2443169 CPU:0.00% RSS_KIB:17776 MEM:0.11179% STATE:S THREADS:1 WCHAN:do_select
[2026-09-18T09:09:07.705+00:00] PID:2443156 CPU:0.00% RSS_KIB:2048 MEM:0.01288% STATE:S THREADS:1 WCHAN:do_wait
[2026-09-18T09:09:07.705+00:00] PID:2443169 CPU:0.00% RSS_KIB:17776 MEM:0.11179% STATE:S THREADS:1 WCHAN:do_select
[2026-09-18T09:09:08.207+00:00] PID:2443156 CPU:0.00% RSS_KIB:2048 MEM:0.01288% STATE:S THREADS:1 WCHAN:do_wait
[2026-09-18T09:09:08.207+00:00] PID:2443169 CPU:0.00% RSS_KIB:17776 MEM:0.11179% STATE:S THREADS:1 WCHAN:do_select
[2026-09-18T09:09:08.710+00:00] PID:2443156 CPU:0.00% RSS_KIB:2048 MEM:0.01288% STATE:S THREADS:1 WCHAN:do_wait
[2026-09-18T09:09:08.710+00:00] PID:2443169 CPU:0.00% RSS_KIB:17776 MEM:0.11179% STATE:S THREADS:1 WCHAN:do_select
[2026-09-18T09:09:09.212+00:00] PID:2443156 CPU:0.00% RSS_KIB:2048 MEM:0.01288% STATE:S THREADS:1 WCHAN:do_wait
[2026-09-18T09:09:09.213+00:00] PID:2443169 CPU:9.94% RSS_KIB:17776 MEM:0.11179% STATE:S THREADS:1 WCHAN:do_select
[2026-09-18T09:09:09.715+00:00] PID:2443156 CPU:0.00% RSS_KIB:2048 MEM:0.01288% STATE:S THREADS:1 WCHAN:do_wait
[2026-09-18T09:09:09.716+00:00] PID:2443169 CPU:0.00% RSS_KIB:17776 MEM:0.11179% STATE:S THREADS:1 WCHAN:do_select
[2026-09-18T09:09:10.218+00:00] PID:2443156 CPU:0.00% RSS_KIB:2048 MEM:0.01288% STATE:S THREADS:1 WCHAN:do_wait
[2026-09-18T09:09:10.219+00:00] PID:2443169 CPU:0.00% RSS_KIB:17776 MEM:0.11179% STATE:S THREADS:1 WCHAN:do_select
[2026-09-18T09:09:10.720+00:00] PID:2443156 CPU:0.00% RSS_KIB:2048 MEM:0.01288% STATE:S THREADS:1 WCHAN:do_wait
[2026-09-18T09:09:10.721+00:00] PID:2443169 CPU:0.00% RSS_KIB:17776 MEM:0.11179% STATE:S THREADS:1 WCHAN:do_select
[2026-09-18T09:09:11.224+00:00] PID:2443156 CPU:0.00% RSS_KIB:2048 MEM:0.01288% STATE:S THREADS:1 WCHAN:do_wait
[2026-09-18T09:09:11.224+00:00] PID:2443169 CPU:0.00% RSS_KIB:17776 MEM:0.11179% STATE:S THREADS:1 WCHAN:do_select
[2026-09-18T09:09:11.726+00:00] PID:2443156 CPU:0.00% RSS_KIB:2048 MEM:0.01288% STATE:S THREADS:1 WCHAN:do_wait
[2026-09-18T09:09:11.726+00:00] PID:2443169 CPU:0.00% RSS_KIB:17776 MEM:0.11179% STATE:S THREADS:1 WCHAN:do_select
[2026-09-18T09:09:12.229+00:00] EVENT:PROCESS_EXITED
