>>> Starting Agent Boot Sequence...
[1/6] Checking User Account               [OK]
   ... Running as service user 'kjw' (uid=1000)
[2/6] Verifying Environment Variables     [OK]
   ... All required Envs correct
[3/6] Checking Required Files             [OK]
   ... Verified 'secret.key' with correct key string.
[4/6] Checking Port Availability          [OK]
   ... Port 15034 is available.
[5/6] Verifying Log Permission            [OK]
   ... Log directory is writable: /mnt/c/Users/jump0/Desktop/Obsidian/RawData/Codyssey/AI올인원 본과정/AI_SW_Basic/미션4_Linux와 OS/과제2_컴퓨터가 갑자기 느려지거나 멈췄을 때 원인 찾아 고치기/code/evidence/runs/20260918T091433Z-deadlock-before-531338111/app-logs
[6/6] Verifying Mission Environment       [OK]
   ... MEMORY_LIMIT=512MB, CPU_MAX_OCCUPY=40%, MULTI_THREAD_ENABLE=True
------------------------------------------------------------
All Boot Checks Passed!
Agent READY
2026-09-18 18:14:33,839 [INFO] [SafetyGuard] Process priority lowered (nice=10).
2026-09-18 18:14:33,839 [INFO] Agent listening at port 15034

==================================================
 [ Agent Initiate ] Resource Check 
==================================================
 [ MEMORY ] Limit: 512MB 		[ OK ]
 [ CPU    ] Limit: 40%  		[ OK ]
 [ THREAD ] Concurrency: True 		[ WARNING ]
--------------------------------------------------
 >>> SYSTEM WARNING: POTENTIAL DEADLOCK IN CONCURRENT MODE.
==================================================

2026-09-18 18:14:35,840 [WARNING] [AgentWorker] Initializing concurrent transaction processors...
2026-09-18 18:14:35,841 [WARNING] [System] CAUTION: Strict resource locking is enabled.
2026-09-18 18:14:40,865 [INFO] [Worker-Thread-1] Process Started. Attempting to lock [Shared_Memory_A]...
2026-09-18 18:14:40,865 [INFO] [AgentWorker][Worker-Thread-2] Process Started. Attempting to lock [Socket_Pool_B]...
2026-09-18 18:14:40,865 [INFO] [AgentWorker] Waiting for worker threads to complete transactions...
2026-09-18 18:14:40,866 [INFO] [AgentWorker][Worker-Thread-1] LOCK ACQUIRED: [Shared_Memory_A]. (Holding...)
2026-09-18 18:14:40,866 [INFO] [AgentWorker][Worker-Thread-2] LOCK ACQUIRED: [Socket_Pool_B]. (Holding...)
2026-09-18 18:14:40,867 [INFO] [AgentWorker][Worker-Thread-1] Processing critical data in Memory A...
2026-09-18 18:14:40,868 [INFO] [AgentWorker][Worker-Thread-2] Establishing network connections in Pool B...
2026-09-18 18:14:42,870 [INFO] [AgentWorker][Worker-Thread-1] Need resource [Socket_Pool_B] to finish job.
2026-09-18 18:14:42,871 [INFO] [AgentWorker][Worker-Thread-1] WAITING for [Socket_Pool_B]... (Status: BLOCKED)
2026-09-18 18:14:42,879 [INFO] [AgentWorker][Worker-Thread-2] Need resource [Shared_Memory_A] to write logs.
2026-09-18 18:14:42,880 [INFO] [AgentWorker][Worker-Thread-2] WAITING for [Shared_Memory_A]... (Status: BLOCKED)
