[2026-09-18T09:14:33.656+00:00] PID:2448732 CPU:NA% RSS_KIB:1920 MEM:0.01207% STATE:R THREADS:1 WCHAN:p9_client_rpc
[2026-09-18T09:14:34.158+00:00] PID:2448732 CPU:7.97% RSS_KIB:2048 MEM:0.01288% STATE:S THREADS:1 WCHAN:do_wait
[2026-09-18T09:14:34.158+00:00] PID:2448740 CPU:NA% RSS_KIB:17664 MEM:0.11108% STATE:S THREADS:1 WCHAN:do_select
[2026-09-18T09:14:34.660+00:00] PID:2448732 CPU:0.00% RSS_KIB:2048 MEM:0.01288% STATE:S THREADS:1 WCHAN:do_wait
[2026-09-18T09:14:34.661+00:00] PID:2448740 CPU:0.00% RSS_KIB:17664 MEM:0.11108% STATE:S THREADS:1 WCHAN:do_select
[2026-09-18T09:14:35.163+00:00] PID:2448732 CPU:0.00% RSS_KIB:2048 MEM:0.01288% STATE:S THREADS:1 WCHAN:do_wait
[2026-09-18T09:14:35.164+00:00] PID:2448740 CPU:0.00% RSS_KIB:17664 MEM:0.11108% STATE:S THREADS:1 WCHAN:do_select
[2026-09-18T09:14:35.666+00:00] PID:2448732 CPU:0.00% RSS_KIB:2048 MEM:0.01288% STATE:S THREADS:1 WCHAN:do_wait
[2026-09-18T09:14:35.666+00:00] PID:2448740 CPU:0.00% RSS_KIB:17664 MEM:0.11108% STATE:S THREADS:1 WCHAN:do_select
[2026-09-18T09:14:36.169+00:00] PID:2448732 CPU:0.00% RSS_KIB:2048 MEM:0.01288% STATE:S THREADS:1 WCHAN:do_wait
[2026-09-18T09:14:36.169+00:00] PID:2448740 CPU:0.00% RSS_KIB:17664 MEM:0.11108% STATE:S THREADS:1 WCHAN:do_select
[2026-09-18T09:14:36.672+00:00] PID:2448732 CPU:0.00% RSS_KIB:2048 MEM:0.01288% STATE:S THREADS:1 WCHAN:do_wait
[2026-09-18T09:14:36.672+00:00] PID:2448740 CPU:0.00% RSS_KIB:17664 MEM:0.11108% STATE:S THREADS:1 WCHAN:do_select
[2026-09-18T09:14:37.174+00:00] PID:2448732 CPU:0.00% RSS_KIB:2048 MEM:0.01288% STATE:S THREADS:1 WCHAN:do_wait
[2026-09-18T09:14:37.175+00:00] PID:2448740 CPU:0.00% RSS_KIB:17664 MEM:0.11108% STATE:S THREADS:1 WCHAN:do_select
[2026-09-18T09:14:37.678+00:00] PID:2448732 CPU:0.00% RSS_KIB:2048 MEM:0.01288% STATE:S THREADS:1 WCHAN:do_wait
[2026-09-18T09:14:37.679+00:00] PID:2448740 CPU:0.00% RSS_KIB:17664 MEM:0.11108% STATE:S THREADS:1 WCHAN:do_select
[2026-09-18T09:14:38.181+00:00] PID:2448732 CPU:0.00% RSS_KIB:2048 MEM:0.01288% STATE:S THREADS:1 WCHAN:do_wait
[2026-09-18T09:14:38.182+00:00] PID:2448740 CPU:0.00% RSS_KIB:17664 MEM:0.11108% STATE:S THREADS:1 WCHAN:do_select
[2026-09-18T09:14:38.684+00:00] PID:2448732 CPU:0.00% RSS_KIB:2048 MEM:0.01288% STATE:S THREADS:1 WCHAN:do_wait
[2026-09-18T09:14:38.684+00:00] PID:2448740 CPU:0.00% RSS_KIB:17664 MEM:0.11108% STATE:S THREADS:1 WCHAN:do_select
[2026-09-18T09:14:39.186+00:00] PID:2448732 CPU:0.00% RSS_KIB:2048 MEM:0.01288% STATE:S THREADS:1 WCHAN:do_wait
[2026-09-18T09:14:39.186+00:00] PID:2448740 CPU:0.00% RSS_KIB:17664 MEM:0.11108% STATE:S THREADS:1 WCHAN:do_select
[2026-09-18T09:14:39.689+00:00] PID:2448732 CPU:0.00% RSS_KIB:2048 MEM:0.01288% STATE:S THREADS:1 WCHAN:do_wait
[2026-09-18T09:14:39.689+00:00] PID:2448740 CPU:0.00% RSS_KIB:17664 MEM:0.11108% STATE:S THREADS:1 WCHAN:do_select
[2026-09-18T09:14:40.191+00:00] PID:2448732 CPU:0.00% RSS_KIB:2048 MEM:0.01288% STATE:S THREADS:1 WCHAN:do_wait
[2026-09-18T09:14:40.192+00:00] PID:2448740 CPU:0.00% RSS_KIB:17664 MEM:0.11108% STATE:S THREADS:1 WCHAN:do_select
[2026-09-18T09:14:40.694+00:00] PID:2448732 CPU:0.00% RSS_KIB:2048 MEM:0.01288% STATE:S THREADS:1 WCHAN:do_wait
[2026-09-18T09:14:40.695+00:00] PID:2448740 CPU:0.00% RSS_KIB:17664 MEM:0.11108% STATE:S THREADS:1 WCHAN:do_select
[2026-09-18T09:14:41.198+00:00] PID:2448732 CPU:0.00% RSS_KIB:2048 MEM:0.01288% STATE:S THREADS:1 WCHAN:do_wait
[2026-09-18T09:14:41.198+00:00] PID:2448740 CPU:0.00% RSS_KIB:17664 MEM:0.11108% STATE:S THREADS:3 WCHAN:futex_wait_queue
[2026-09-18T09:14:41.701+00:00] PID:2448732 CPU:0.00% RSS_KIB:2048 MEM:0.01288% STATE:S THREADS:1 WCHAN:do_wait
[2026-09-18T09:14:41.701+00:00] PID:2448740 CPU:0.00% RSS_KIB:17664 MEM:0.11108% STATE:S THREADS:3 WCHAN:futex_wait_queue
[2026-09-18T09:14:42.203+00:00] PID:2448732 CPU:0.00% RSS_KIB:2048 MEM:0.01288% STATE:S THREADS:1 WCHAN:do_wait
[2026-09-18T09:14:42.204+00:00] PID:2448740 CPU:0.00% RSS_KIB:17664 MEM:0.11108% STATE:S THREADS:3 WCHAN:futex_wait_queue
[2026-09-18T09:14:42.706+00:00] PID:2448732 CPU:0.00% RSS_KIB:2048 MEM:0.01288% STATE:S THREADS:1 WCHAN:do_wait
[2026-09-18T09:14:42.707+00:00] PID:2448740 CPU:0.00% RSS_KIB:17664 MEM:0.11108% STATE:S THREADS:3 WCHAN:futex_wait_queue
[2026-09-18T09:14:43.209+00:00] PID:2448732 CPU:0.00% RSS_KIB:2048 MEM:0.01288% STATE:S THREADS:1 WCHAN:do_wait
[2026-09-18T09:14:43.210+00:00] PID:2448740 CPU:0.00% RSS_KIB:17664 MEM:0.11108% STATE:S THREADS:3 WCHAN:futex_wait_queue
[2026-09-18T09:14:43.712+00:00] PID:2448732 CPU:0.00% RSS_KIB:2048 MEM:0.01288% STATE:S THREADS:1 WCHAN:do_wait
[2026-09-18T09:14:43.712+00:00] PID:2448740 CPU:0.00% RSS_KIB:17664 MEM:0.11108% STATE:S THREADS:3 WCHAN:futex_wait_queue
[2026-09-18T09:14:44.215+00:00] PID:2448732 CPU:0.00% RSS_KIB:2048 MEM:0.01288% STATE:S THREADS:1 WCHAN:do_wait
[2026-09-18T09:14:44.215+00:00] PID:2448740 CPU:0.00% RSS_KIB:17664 MEM:0.11108% STATE:S THREADS:3 WCHAN:futex_wait_queue
[2026-09-18T09:14:44.717+00:00] PID:2448732 CPU:0.00% RSS_KIB:2048 MEM:0.01288% STATE:S THREADS:1 WCHAN:do_wait
[2026-09-18T09:14:44.718+00:00] PID:2448740 CPU:0.00% RSS_KIB:17664 MEM:0.11108% STATE:S THREADS:3 WCHAN:futex_wait_queue
[2026-09-18T09:14:45.220+00:00] PID:2448732 CPU:0.00% RSS_KIB:2048 MEM:0.01288% STATE:S THREADS:1 WCHAN:do_wait
[2026-09-18T09:14:45.220+00:00] PID:2448740 CPU:0.00% RSS_KIB:17664 MEM:0.11108% STATE:S THREADS:3 WCHAN:futex_wait_queue
[2026-09-18T09:14:45.722+00:00] PID:2448732 CPU:0.00% RSS_KIB:2048 MEM:0.01288% STATE:S THREADS:1 WCHAN:do_wait
[2026-09-18T09:14:45.723+00:00] PID:2448740 CPU:0.00% RSS_KIB:17664 MEM:0.11108% STATE:S THREADS:3 WCHAN:futex_wait_queue
[2026-09-18T09:14:46.225+00:00] PID:2448732 CPU:0.00% RSS_KIB:2048 MEM:0.01288% STATE:S THREADS:1 WCHAN:do_wait
[2026-09-18T09:14:46.226+00:00] PID:2448740 CPU:0.00% RSS_KIB:17664 MEM:0.11108% STATE:S THREADS:3 WCHAN:futex_wait_queue
[2026-09-18T09:14:46.729+00:00] PID:2448732 CPU:0.00% RSS_KIB:2048 MEM:0.01288% STATE:S THREADS:1 WCHAN:do_wait
[2026-09-18T09:14:46.730+00:00] PID:2448740 CPU:0.00% RSS_KIB:17664 MEM:0.11108% STATE:S THREADS:3 WCHAN:futex_wait_queue
[2026-09-18T09:14:47.232+00:00] PID:2448732 CPU:0.00% RSS_KIB:2048 MEM:0.01288% STATE:S THREADS:1 WCHAN:do_wait
[2026-09-18T09:14:47.232+00:00] PID:2448740 CPU:0.00% RSS_KIB:17664 MEM:0.11108% STATE:S THREADS:3 WCHAN:futex_wait_queue
[2026-09-18T09:14:47.734+00:00] PID:2448732 CPU:0.00% RSS_KIB:2048 MEM:0.01288% STATE:S THREADS:1 WCHAN:do_wait
[2026-09-18T09:14:47.735+00:00] PID:2448740 CPU:0.00% RSS_KIB:17664 MEM:0.11108% STATE:S THREADS:3 WCHAN:futex_wait_queue
[2026-09-18T09:14:48.237+00:00] PID:2448732 CPU:0.00% RSS_KIB:2048 MEM:0.01288% STATE:S THREADS:1 WCHAN:do_wait
[2026-09-18T09:14:48.237+00:00] PID:2448740 CPU:0.00% RSS_KIB:17664 MEM:0.11108% STATE:S THREADS:3 WCHAN:futex_wait_queue
[2026-09-18T09:14:48.739+00:00] PID:2448732 CPU:0.00% RSS_KIB:2048 MEM:0.01288% STATE:S THREADS:1 WCHAN:do_wait
[2026-09-18T09:14:48.740+00:00] PID:2448740 CPU:0.00% RSS_KIB:17664 MEM:0.11108% STATE:S THREADS:3 WCHAN:futex_wait_queue
[2026-09-18T09:14:49.242+00:00] PID:2448732 CPU:0.00% RSS_KIB:2048 MEM:0.01288% STATE:S THREADS:1 WCHAN:do_wait
[2026-09-18T09:14:49.242+00:00] PID:2448740 CPU:0.00% RSS_KIB:17664 MEM:0.11108% STATE:S THREADS:3 WCHAN:futex_wait_queue
[2026-09-18T09:14:49.744+00:00] PID:2448732 CPU:0.00% RSS_KIB:2048 MEM:0.01288% STATE:S THREADS:1 WCHAN:do_wait
[2026-09-18T09:14:49.745+00:00] PID:2448740 CPU:0.00% RSS_KIB:17664 MEM:0.11108% STATE:S THREADS:3 WCHAN:futex_wait_queue
[2026-09-18T09:14:50.247+00:00] PID:2448732 CPU:0.00% RSS_KIB:2048 MEM:0.01288% STATE:S THREADS:1 WCHAN:do_wait
[2026-09-18T09:14:50.247+00:00] PID:2448740 CPU:0.00% RSS_KIB:17664 MEM:0.11108% STATE:S THREADS:3 WCHAN:futex_wait_queue
[2026-09-18T09:14:50.749+00:00] PID:2448732 CPU:0.00% RSS_KIB:2048 MEM:0.01288% STATE:S THREADS:1 WCHAN:do_wait
[2026-09-18T09:14:50.750+00:00] PID:2448740 CPU:0.00% RSS_KIB:17664 MEM:0.11108% STATE:S THREADS:3 WCHAN:futex_wait_queue
[2026-09-18T09:14:51.252+00:00] PID:2448732 CPU:0.00% RSS_KIB:2048 MEM:0.01288% STATE:S THREADS:1 WCHAN:do_wait
[2026-09-18T09:14:51.252+00:00] PID:2448740 CPU:0.00% RSS_KIB:17664 MEM:0.11108% STATE:S THREADS:3 WCHAN:futex_wait_queue
[2026-09-18T09:14:51.754+00:00] PID:2448732 CPU:0.00% RSS_KIB:2048 MEM:0.01288% STATE:S THREADS:1 WCHAN:do_wait
[2026-09-18T09:14:51.755+00:00] PID:2448740 CPU:0.00% RSS_KIB:17664 MEM:0.11108% STATE:S THREADS:3 WCHAN:futex_wait_queue
[2026-09-18T09:14:52.257+00:00] PID:2448732 CPU:0.00% RSS_KIB:2048 MEM:0.01288% STATE:S THREADS:1 WCHAN:do_wait
[2026-09-18T09:14:52.257+00:00] PID:2448740 CPU:0.00% RSS_KIB:17664 MEM:0.11108% STATE:S THREADS:3 WCHAN:futex_wait_queue
[2026-09-18T09:14:52.760+00:00] PID:2448732 CPU:0.00% RSS_KIB:2048 MEM:0.01288% STATE:S THREADS:1 WCHAN:do_wait
[2026-09-18T09:14:52.760+00:00] PID:2448740 CPU:0.00% RSS_KIB:17664 MEM:0.11108% STATE:S THREADS:3 WCHAN:futex_wait_queue
[2026-09-18T09:14:53.262+00:00] PID:2448732 CPU:0.00% RSS_KIB:2048 MEM:0.01288% STATE:S THREADS:1 WCHAN:do_wait
[2026-09-18T09:14:53.262+00:00] PID:2448740 CPU:0.00% RSS_KIB:17664 MEM:0.11108% STATE:S THREADS:3 WCHAN:futex_wait_queue
[2026-09-18T09:14:53.764+00:00] PID:2448732 CPU:0.00% RSS_KIB:2048 MEM:0.01288% STATE:S THREADS:1 WCHAN:do_wait
[2026-09-18T09:14:53.765+00:00] PID:2448740 CPU:0.00% RSS_KIB:17664 MEM:0.11108% STATE:S THREADS:3 WCHAN:futex_wait_queue
[2026-09-18T09:14:54.267+00:00] PID:2448732 CPU:0.00% RSS_KIB:2048 MEM:0.01288% STATE:S THREADS:1 WCHAN:do_wait
[2026-09-18T09:14:54.267+00:00] PID:2448740 CPU:0.00% RSS_KIB:17664 MEM:0.11108% STATE:S THREADS:3 WCHAN:futex_wait_queue
[2026-09-18T09:14:54.769+00:00] PID:2448732 CPU:0.00% RSS_KIB:2048 MEM:0.01288% STATE:S THREADS:1 WCHAN:do_wait
[2026-09-18T09:14:54.770+00:00] PID:2448740 CPU:0.00% RSS_KIB:17664 MEM:0.11108% STATE:S THREADS:3 WCHAN:futex_wait_queue
[2026-09-18T09:14:55.272+00:00] PID:2448732 CPU:0.00% RSS_KIB:2048 MEM:0.01288% STATE:S THREADS:1 WCHAN:do_wait
[2026-09-18T09:14:55.272+00:00] PID:2448740 CPU:0.00% RSS_KIB:17664 MEM:0.11108% STATE:S THREADS:3 WCHAN:futex_wait_queue
[2026-09-18T09:14:55.774+00:00] PID:2448732 CPU:0.00% RSS_KIB:2048 MEM:0.01288% STATE:S THREADS:1 WCHAN:do_wait
[2026-09-18T09:14:55.775+00:00] PID:2448740 CPU:0.00% RSS_KIB:17664 MEM:0.11108% STATE:S THREADS:3 WCHAN:futex_wait_queue
[2026-09-18T09:14:56.277+00:00] PID:2448732 CPU:0.00% RSS_KIB:2048 MEM:0.01288% STATE:S THREADS:1 WCHAN:do_wait
[2026-09-18T09:14:56.278+00:00] PID:2448740 CPU:0.00% RSS_KIB:17664 MEM:0.11108% STATE:S THREADS:3 WCHAN:futex_wait_queue
[2026-09-18T09:14:56.780+00:00] PID:2448732 CPU:0.00% RSS_KIB:2048 MEM:0.01288% STATE:S THREADS:1 WCHAN:do_wait
[2026-09-18T09:14:56.780+00:00] PID:2448740 CPU:0.00% RSS_KIB:17664 MEM:0.11108% STATE:S THREADS:3 WCHAN:futex_wait_queue
[2026-09-18T09:14:57.282+00:00] PID:2448732 CPU:0.00% RSS_KIB:2048 MEM:0.01288% STATE:S THREADS:1 WCHAN:do_wait
[2026-09-18T09:14:57.282+00:00] PID:2448740 CPU:0.00% RSS_KIB:17664 MEM:0.11108% STATE:S THREADS:3 WCHAN:futex_wait_queue
[2026-09-18T09:14:57.784+00:00] PID:2448732 CPU:0.00% RSS_KIB:2048 MEM:0.01288% STATE:S THREADS:1 WCHAN:do_wait
[2026-09-18T09:14:57.786+00:00] PID:2448740 CPU:0.00% RSS_KIB:17664 MEM:0.11108% STATE:S THREADS:3 WCHAN:futex_wait_queue
[2026-09-18T09:14:58.289+00:00] PID:2448732 CPU:0.00% RSS_KIB:2048 MEM:0.01288% STATE:S THREADS:1 WCHAN:do_wait
[2026-09-18T09:14:58.290+00:00] PID:2448740 CPU:0.00% RSS_KIB:17664 MEM:0.11108% STATE:S THREADS:3 WCHAN:futex_wait_queue
[2026-09-18T09:14:58.792+00:00] PID:2448732 CPU:0.00% RSS_KIB:2048 MEM:0.01288% STATE:S THREADS:1 WCHAN:do_wait
[2026-09-18T09:14:58.793+00:00] PID:2448740 CPU:0.00% RSS_KIB:17664 MEM:0.11108% STATE:S THREADS:3 WCHAN:futex_wait_queue
[2026-09-18T09:14:59.295+00:00] PID:2448732 CPU:0.00% RSS_KIB:2048 MEM:0.01288% STATE:S THREADS:1 WCHAN:do_wait
[2026-09-18T09:14:59.295+00:00] PID:2448740 CPU:0.00% RSS_KIB:17664 MEM:0.11108% STATE:S THREADS:3 WCHAN:futex_wait_queue
[2026-09-18T09:14:59.798+00:00] PID:2448732 CPU:0.00% RSS_KIB:2048 MEM:0.01288% STATE:S THREADS:1 WCHAN:do_wait
[2026-09-18T09:14:59.798+00:00] PID:2448740 CPU:0.00% RSS_KIB:17664 MEM:0.11108% STATE:S THREADS:3 WCHAN:futex_wait_queue
[2026-09-18T09:15:00.300+00:00] PID:2448732 CPU:0.00% RSS_KIB:2048 MEM:0.01288% STATE:S THREADS:1 WCHAN:do_wait
[2026-09-18T09:15:00.301+00:00] PID:2448740 CPU:0.00% RSS_KIB:17664 MEM:0.11108% STATE:S THREADS:3 WCHAN:futex_wait_queue
[2026-09-18T09:15:00.803+00:00] PID:2448732 CPU:0.00% RSS_KIB:2048 MEM:0.01288% STATE:S THREADS:1 WCHAN:do_wait
[2026-09-18T09:15:00.803+00:00] PID:2448740 CPU:0.00% RSS_KIB:17664 MEM:0.11108% STATE:S THREADS:3 WCHAN:futex_wait_queue
[2026-09-18T09:15:01.305+00:00] PID:2448732 CPU:0.00% RSS_KIB:2048 MEM:0.01288% STATE:S THREADS:1 WCHAN:do_wait
[2026-09-18T09:15:01.306+00:00] PID:2448740 CPU:0.00% RSS_KIB:17664 MEM:0.11108% STATE:S THREADS:3 WCHAN:futex_wait_queue
[2026-09-18T09:15:01.808+00:00] PID:2448732 CPU:0.00% RSS_KIB:2048 MEM:0.01288% STATE:S THREADS:1 WCHAN:do_wait
[2026-09-18T09:15:01.808+00:00] PID:2448740 CPU:0.00% RSS_KIB:17664 MEM:0.11108% STATE:S THREADS:3 WCHAN:futex_wait_queue
[2026-09-18T09:15:02.310+00:00] PID:2448732 CPU:0.00% RSS_KIB:2048 MEM:0.01288% STATE:S THREADS:1 WCHAN:do_wait
[2026-09-18T09:15:02.311+00:00] PID:2448740 CPU:0.00% RSS_KIB:17664 MEM:0.11108% STATE:S THREADS:3 WCHAN:futex_wait_queue
[2026-09-18T09:15:02.813+00:00] PID:2448732 CPU:0.00% RSS_KIB:2048 MEM:0.01288% STATE:S THREADS:1 WCHAN:do_wait
[2026-09-18T09:15:02.814+00:00] PID:2448740 CPU:0.00% RSS_KIB:17664 MEM:0.11108% STATE:S THREADS:3 WCHAN:futex_wait_queue
[2026-09-18T09:15:03.316+00:00] PID:2448732 CPU:0.00% RSS_KIB:2048 MEM:0.01288% STATE:S THREADS:1 WCHAN:do_wait
[2026-09-18T09:15:03.316+00:00] PID:2448740 CPU:0.00% RSS_KIB:17664 MEM:0.11108% STATE:S THREADS:3 WCHAN:futex_wait_queue
[2026-09-18T09:15:03.820+00:00] PID:2448732 CPU:0.00% RSS_KIB:2048 MEM:0.01288% STATE:S THREADS:1 WCHAN:do_wait
[2026-09-18T09:15:03.820+00:00] PID:2448740 CPU:0.00% RSS_KIB:17664 MEM:0.11108% STATE:S THREADS:3 WCHAN:futex_wait_queue
[2026-09-18T09:15:04.322+00:00] PID:2448732 CPU:0.00% RSS_KIB:2048 MEM:0.01288% STATE:S THREADS:1 WCHAN:do_wait
[2026-09-18T09:15:04.323+00:00] PID:2448740 CPU:0.00% RSS_KIB:17664 MEM:0.11108% STATE:S THREADS:3 WCHAN:futex_wait_queue
[2026-09-18T09:15:04.825+00:00] PID:2448732 CPU:0.00% RSS_KIB:2048 MEM:0.01288% STATE:S THREADS:1 WCHAN:do_wait
[2026-09-18T09:15:04.826+00:00] PID:2448740 CPU:0.00% RSS_KIB:17664 MEM:0.11108% STATE:S THREADS:3 WCHAN:futex_wait_queue
[2026-09-18T09:15:05.328+00:00] PID:2448732 CPU:0.00% RSS_KIB:2048 MEM:0.01288% STATE:S THREADS:1 WCHAN:do_wait
[2026-09-18T09:15:05.328+00:00] PID:2448740 CPU:0.00% RSS_KIB:17664 MEM:0.11108% STATE:S THREADS:3 WCHAN:futex_wait_queue
[2026-09-18T09:15:05.830+00:00] PID:2448732 CPU:0.00% RSS_KIB:2048 MEM:0.01288% STATE:S THREADS:1 WCHAN:do_wait
[2026-09-18T09:15:05.831+00:00] PID:2448740 CPU:0.00% RSS_KIB:17664 MEM:0.11108% STATE:S THREADS:3 WCHAN:futex_wait_queue
[2026-09-18T09:15:06.333+00:00] PID:2448732 CPU:0.00% RSS_KIB:2048 MEM:0.01288% STATE:S THREADS:1 WCHAN:do_wait
[2026-09-18T09:15:06.333+00:00] PID:2448740 CPU:0.00% RSS_KIB:17664 MEM:0.11108% STATE:S THREADS:3 WCHAN:futex_wait_queue
[2026-09-18T09:15:06.836+00:00] PID:2448732 CPU:0.00% RSS_KIB:2048 MEM:0.01288% STATE:S THREADS:1 WCHAN:do_wait
[2026-09-18T09:15:06.837+00:00] PID:2448740 CPU:0.00% RSS_KIB:17664 MEM:0.11108% STATE:S THREADS:3 WCHAN:futex_wait_queue
[2026-09-18T09:15:07.339+00:00] PID:2448732 CPU:0.00% RSS_KIB:2048 MEM:0.01288% STATE:S THREADS:1 WCHAN:do_wait
[2026-09-18T09:15:07.340+00:00] PID:2448740 CPU:0.00% RSS_KIB:17664 MEM:0.11108% STATE:S THREADS:3 WCHAN:futex_wait_queue
[2026-09-18T09:15:07.842+00:00] PID:2448732 CPU:0.00% RSS_KIB:2048 MEM:0.01288% STATE:S THREADS:1 WCHAN:do_wait
[2026-09-18T09:15:07.842+00:00] PID:2448740 CPU:0.00% RSS_KIB:17664 MEM:0.11108% STATE:S THREADS:3 WCHAN:futex_wait_queue
[2026-09-18T09:15:08.345+00:00] PID:2448732 CPU:0.00% RSS_KIB:2048 MEM:0.01288% STATE:S THREADS:1 WCHAN:do_wait
[2026-09-18T09:15:08.345+00:00] PID:2448740 CPU:0.00% RSS_KIB:17664 MEM:0.11108% STATE:S THREADS:3 WCHAN:futex_wait_queue
[2026-09-18T09:15:08.848+00:00] PID:2448732 CPU:0.00% RSS_KIB:2048 MEM:0.01288% STATE:S THREADS:1 WCHAN:do_wait
[2026-09-18T09:15:08.848+00:00] PID:2448740 CPU:0.00% RSS_KIB:17664 MEM:0.11108% STATE:S THREADS:3 WCHAN:futex_wait_queue
[2026-09-18T09:15:09.350+00:00] PID:2448732 CPU:0.00% RSS_KIB:2048 MEM:0.01288% STATE:S THREADS:1 WCHAN:do_wait
[2026-09-18T09:15:09.351+00:00] PID:2448740 CPU:0.00% RSS_KIB:17664 MEM:0.11108% STATE:S THREADS:3 WCHAN:futex_wait_queue
[2026-09-18T09:15:09.854+00:00] PID:2448732 CPU:0.00% RSS_KIB:2048 MEM:0.01288% STATE:S THREADS:1 WCHAN:do_wait
[2026-09-18T09:15:09.854+00:00] PID:2448740 CPU:0.00% RSS_KIB:17664 MEM:0.11108% STATE:S THREADS:3 WCHAN:futex_wait_queue
[2026-09-18T09:15:10.356+00:00] PID:2448732 CPU:0.00% RSS_KIB:2048 MEM:0.01288% STATE:S THREADS:1 WCHAN:do_wait
[2026-09-18T09:15:10.357+00:00] PID:2448740 CPU:0.00% RSS_KIB:17664 MEM:0.11108% STATE:S THREADS:3 WCHAN:futex_wait_queue
[2026-09-18T09:15:10.859+00:00] PID:2448732 CPU:0.00% RSS_KIB:2048 MEM:0.01288% STATE:S THREADS:1 WCHAN:do_wait
[2026-09-18T09:15:10.860+00:00] PID:2448740 CPU:0.00% RSS_KIB:17664 MEM:0.11108% STATE:S THREADS:3 WCHAN:futex_wait_queue
[2026-09-18T09:15:11.362+00:00] PID:2448732 CPU:0.00% RSS_KIB:2048 MEM:0.01288% STATE:S THREADS:1 WCHAN:do_wait
[2026-09-18T09:15:11.362+00:00] PID:2448740 CPU:0.00% RSS_KIB:17664 MEM:0.11108% STATE:S THREADS:3 WCHAN:futex_wait_queue
[2026-09-18T09:15:11.864+00:00] PID:2448732 CPU:0.00% RSS_KIB:2048 MEM:0.01288% STATE:S THREADS:1 WCHAN:do_wait
[2026-09-18T09:15:11.864+00:00] PID:2448740 CPU:0.00% RSS_KIB:17664 MEM:0.11108% STATE:S THREADS:3 WCHAN:futex_wait_queue
[2026-09-18T09:15:12.367+00:00] PID:2448732 CPU:0.00% RSS_KIB:2048 MEM:0.01288% STATE:S THREADS:1 WCHAN:do_wait
[2026-09-18T09:15:12.367+00:00] PID:2448740 CPU:0.00% RSS_KIB:17664 MEM:0.11108% STATE:S THREADS:3 WCHAN:futex_wait_queue
[2026-09-18T09:15:12.870+00:00] PID:2448732 CPU:0.00% RSS_KIB:2048 MEM:0.01288% STATE:S THREADS:1 WCHAN:do_wait
[2026-09-18T09:15:12.870+00:00] PID:2448740 CPU:0.00% RSS_KIB:17664 MEM:0.11108% STATE:S THREADS:3 WCHAN:futex_wait_queue
[2026-09-18T09:15:13.372+00:00] PID:2448732 CPU:0.00% RSS_KIB:2048 MEM:0.01288% STATE:S THREADS:1 WCHAN:do_wait
[2026-09-18T09:15:13.373+00:00] PID:2448740 CPU:0.00% RSS_KIB:17664 MEM:0.11108% STATE:S THREADS:3 WCHAN:futex_wait_queue
[2026-09-18T09:15:13.875+00:00] PID:2448732 CPU:0.00% RSS_KIB:2048 MEM:0.01288% STATE:S THREADS:1 WCHAN:do_wait
[2026-09-18T09:15:13.875+00:00] PID:2448740 CPU:0.00% RSS_KIB:17664 MEM:0.11108% STATE:S THREADS:3 WCHAN:futex_wait_queue
[2026-09-18T09:15:14.378+00:00] PID:2448732 CPU:0.00% RSS_KIB:2048 MEM:0.01288% STATE:S THREADS:1 WCHAN:do_wait
[2026-09-18T09:15:14.378+00:00] PID:2448740 CPU:0.00% RSS_KIB:17664 MEM:0.11108% STATE:S THREADS:3 WCHAN:futex_wait_queue
[2026-09-18T09:15:14.880+00:00] PID:2448732 CPU:0.00% RSS_KIB:2048 MEM:0.01288% STATE:S THREADS:1 WCHAN:do_wait
[2026-09-18T09:15:14.880+00:00] PID:2448740 CPU:0.00% RSS_KIB:17664 MEM:0.11108% STATE:S THREADS:3 WCHAN:futex_wait_queue
[2026-09-18T09:15:15.382+00:00] PID:2448732 CPU:0.00% RSS_KIB:2048 MEM:0.01288% STATE:S THREADS:1 WCHAN:do_wait
[2026-09-18T09:15:15.383+00:00] PID:2448740 CPU:0.00% RSS_KIB:17664 MEM:0.11108% STATE:S THREADS:3 WCHAN:futex_wait_queue
[2026-09-18T09:15:15.885+00:00] PID:2448732 CPU:0.00% RSS_KIB:2048 MEM:0.01288% STATE:S THREADS:1 WCHAN:do_wait
[2026-09-18T09:15:15.886+00:00] PID:2448740 CPU:0.00% RSS_KIB:17664 MEM:0.11108% STATE:S THREADS:3 WCHAN:futex_wait_queue
[2026-09-18T09:15:16.388+00:00] PID:2448732 CPU:0.00% RSS_KIB:2048 MEM:0.01288% STATE:S THREADS:1 WCHAN:do_wait
[2026-09-18T09:15:16.388+00:00] PID:2448740 CPU:0.00% RSS_KIB:17664 MEM:0.11108% STATE:S THREADS:3 WCHAN:futex_wait_queue
[2026-09-18T09:15:16.890+00:00] PID:2448732 CPU:0.00% RSS_KIB:2048 MEM:0.01288% STATE:S THREADS:1 WCHAN:do_wait
[2026-09-18T09:15:16.891+00:00] PID:2448740 CPU:0.00% RSS_KIB:17664 MEM:0.11108% STATE:S THREADS:3 WCHAN:futex_wait_queue
[2026-09-18T09:15:17.393+00:00] PID:2448732 CPU:0.00% RSS_KIB:2048 MEM:0.01288% STATE:S THREADS:1 WCHAN:do_wait
[2026-09-18T09:15:17.393+00:00] PID:2448740 CPU:0.00% RSS_KIB:17664 MEM:0.11108% STATE:S THREADS:3 WCHAN:futex_wait_queue
[2026-09-18T09:15:17.895+00:00] PID:2448732 CPU:0.00% RSS_KIB:2048 MEM:0.01288% STATE:S THREADS:1 WCHAN:do_wait
[2026-09-18T09:15:17.896+00:00] PID:2448740 CPU:0.00% RSS_KIB:17664 MEM:0.11108% STATE:S THREADS:3 WCHAN:futex_wait_queue
[2026-09-18T09:15:18.398+00:00] PID:2448732 CPU:0.00% RSS_KIB:2048 MEM:0.01288% STATE:S THREADS:1 WCHAN:do_wait
[2026-09-18T09:15:18.399+00:00] PID:2448740 CPU:0.00% RSS_KIB:17664 MEM:0.11108% STATE:S THREADS:3 WCHAN:futex_wait_queue
[2026-09-18T09:15:18.901+00:00] PID:2448732 CPU:0.00% RSS_KIB:2048 MEM:0.01288% STATE:S THREADS:1 WCHAN:do_wait
[2026-09-18T09:15:18.902+00:00] PID:2448740 CPU:0.00% RSS_KIB:17664 MEM:0.11108% STATE:S THREADS:3 WCHAN:futex_wait_queue
[2026-09-18T09:15:19.404+00:00] PID:2448732 CPU:0.00% RSS_KIB:2048 MEM:0.01288% STATE:S THREADS:1 WCHAN:do_wait
[2026-09-18T09:15:19.404+00:00] PID:2448740 CPU:0.00% RSS_KIB:17664 MEM:0.11108% STATE:S THREADS:3 WCHAN:futex_wait_queue
[2026-09-18T09:15:19.906+00:00] PID:2448732 CPU:0.00% RSS_KIB:2048 MEM:0.01288% STATE:S THREADS:1 WCHAN:do_wait
[2026-09-18T09:15:19.906+00:00] PID:2448740 CPU:0.00% RSS_KIB:17664 MEM:0.11108% STATE:S THREADS:3 WCHAN:futex_wait_queue
[2026-09-18T09:15:20.408+00:00] PID:2448732 CPU:0.00% RSS_KIB:2048 MEM:0.01288% STATE:S THREADS:1 WCHAN:do_wait
[2026-09-18T09:15:20.409+00:00] PID:2448740 CPU:0.00% RSS_KIB:17664 MEM:0.11108% STATE:S THREADS:3 WCHAN:futex_wait_queue
[2026-09-18T09:15:20.911+00:00] PID:2448732 CPU:0.00% RSS_KIB:2048 MEM:0.01288% STATE:S THREADS:1 WCHAN:do_wait
[2026-09-18T09:15:20.911+00:00] PID:2448740 CPU:0.00% RSS_KIB:17664 MEM:0.11108% STATE:S THREADS:3 WCHAN:futex_wait_queue
[2026-09-18T09:15:21.414+00:00] PID:2448732 CPU:0.00% RSS_KIB:2048 MEM:0.01288% STATE:S THREADS:1 WCHAN:do_wait
[2026-09-18T09:15:21.414+00:00] PID:2448740 CPU:0.00% RSS_KIB:17664 MEM:0.11108% STATE:S THREADS:3 WCHAN:futex_wait_queue
[2026-09-18T09:15:21.917+00:00] PID:2448732 CPU:0.00% RSS_KIB:2048 MEM:0.01288% STATE:S THREADS:1 WCHAN:do_wait
[2026-09-18T09:15:21.918+00:00] PID:2448740 CPU:0.00% RSS_KIB:17664 MEM:0.11108% STATE:S THREADS:3 WCHAN:futex_wait_queue
[2026-09-18T09:15:22.420+00:00] PID:2448732 CPU:0.00% RSS_KIB:2048 MEM:0.01288% STATE:S THREADS:1 WCHAN:do_wait
[2026-09-18T09:15:22.420+00:00] PID:2448740 CPU:0.00% RSS_KIB:17664 MEM:0.11108% STATE:S THREADS:3 WCHAN:futex_wait_queue
[2026-09-18T09:15:22.922+00:00] PID:2448732 CPU:0.00% RSS_KIB:2048 MEM:0.01288% STATE:S THREADS:1 WCHAN:do_wait
[2026-09-18T09:15:22.923+00:00] PID:2448740 CPU:0.00% RSS_KIB:17664 MEM:0.11108% STATE:S THREADS:3 WCHAN:futex_wait_queue
[2026-09-18T09:15:23.425+00:00] PID:2448732 CPU:0.00% RSS_KIB:2048 MEM:0.01288% STATE:S THREADS:1 WCHAN:do_wait
[2026-09-18T09:15:23.426+00:00] PID:2448740 CPU:0.00% RSS_KIB:17664 MEM:0.11108% STATE:S THREADS:3 WCHAN:futex_wait_queue
[2026-09-18T09:15:23.928+00:00] PID:2448732 CPU:0.00% RSS_KIB:2048 MEM:0.01288% STATE:S THREADS:1 WCHAN:do_wait
[2026-09-18T09:15:23.928+00:00] PID:2448740 CPU:0.00% RSS_KIB:17664 MEM:0.11108% STATE:S THREADS:3 WCHAN:futex_wait_queue
[2026-09-18T09:15:24.430+00:00] PID:2448732 CPU:0.00% RSS_KIB:2048 MEM:0.01288% STATE:S THREADS:1 WCHAN:do_wait
[2026-09-18T09:15:24.431+00:00] PID:2448740 CPU:0.00% RSS_KIB:17664 MEM:0.11108% STATE:S THREADS:3 WCHAN:futex_wait_queue
[2026-09-18T09:15:24.933+00:00] PID:2448732 CPU:0.00% RSS_KIB:2048 MEM:0.01288% STATE:S THREADS:1 WCHAN:do_wait
[2026-09-18T09:15:24.933+00:00] PID:2448740 CPU:0.00% RSS_KIB:17664 MEM:0.11108% STATE:S THREADS:3 WCHAN:futex_wait_queue
[2026-09-18T09:15:25.435+00:00] PID:2448732 CPU:0.00% RSS_KIB:2048 MEM:0.01288% STATE:S THREADS:1 WCHAN:do_wait
[2026-09-18T09:15:25.436+00:00] PID:2448740 CPU:0.00% RSS_KIB:17664 MEM:0.11108% STATE:S THREADS:3 WCHAN:futex_wait_queue
[2026-09-18T09:15:25.939+00:00] PID:2448732 CPU:0.00% RSS_KIB:2048 MEM:0.01288% STATE:S THREADS:1 WCHAN:do_wait
[2026-09-18T09:15:25.939+00:00] PID:2448740 CPU:0.00% RSS_KIB:17664 MEM:0.11108% STATE:S THREADS:3 WCHAN:futex_wait_queue
[2026-09-18T09:15:26.441+00:00] PID:2448732 CPU:0.00% RSS_KIB:2048 MEM:0.01288% STATE:S THREADS:1 WCHAN:do_wait
[2026-09-18T09:15:26.442+00:00] PID:2448740 CPU:0.00% RSS_KIB:17664 MEM:0.11108% STATE:S THREADS:3 WCHAN:futex_wait_queue
[2026-09-18T09:15:26.944+00:00] PID:2448732 CPU:0.00% RSS_KIB:2048 MEM:0.01288% STATE:S THREADS:1 WCHAN:do_wait
[2026-09-18T09:15:26.945+00:00] PID:2448740 CPU:0.00% RSS_KIB:17664 MEM:0.11108% STATE:S THREADS:3 WCHAN:futex_wait_queue
[2026-09-18T09:15:27.447+00:00] PID:2448732 CPU:0.00% RSS_KIB:2048 MEM:0.01288% STATE:S THREADS:1 WCHAN:do_wait
[2026-09-18T09:15:27.447+00:00] PID:2448740 CPU:0.00% RSS_KIB:17664 MEM:0.11108% STATE:S THREADS:3 WCHAN:futex_wait_queue
[2026-09-18T09:15:27.950+00:00] PID:2448732 CPU:0.00% RSS_KIB:2048 MEM:0.01288% STATE:S THREADS:1 WCHAN:do_wait
[2026-09-18T09:15:27.950+00:00] PID:2448740 CPU:0.00% RSS_KIB:17664 MEM:0.11108% STATE:S THREADS:3 WCHAN:futex_wait_queue
[2026-09-18T09:15:28.453+00:00] PID:2448732 CPU:0.00% RSS_KIB:2048 MEM:0.01288% STATE:S THREADS:1 WCHAN:do_wait
[2026-09-18T09:15:28.454+00:00] PID:2448740 CPU:0.00% RSS_KIB:17664 MEM:0.11108% STATE:S THREADS:3 WCHAN:futex_wait_queue
[2026-09-18T09:15:28.956+00:00] PID:2448732 CPU:0.00% RSS_KIB:2048 MEM:0.01288% STATE:S THREADS:1 WCHAN:do_wait
[2026-09-18T09:15:28.956+00:00] PID:2448740 CPU:0.00% RSS_KIB:17664 MEM:0.11108% STATE:S THREADS:3 WCHAN:futex_wait_queue
[2026-09-18T09:15:29.459+00:00] PID:2448732 CPU:0.00% RSS_KIB:2048 MEM:0.01288% STATE:S THREADS:1 WCHAN:do_wait
[2026-09-18T09:15:29.459+00:00] PID:2448740 CPU:0.00% RSS_KIB:17664 MEM:0.11108% STATE:S THREADS:3 WCHAN:futex_wait_queue
[2026-09-18T09:15:29.962+00:00] PID:2448732 CPU:0.00% RSS_KIB:2048 MEM:0.01288% STATE:S THREADS:1 WCHAN:do_wait
[2026-09-18T09:15:29.962+00:00] PID:2448740 CPU:0.00% RSS_KIB:17664 MEM:0.11108% STATE:S THREADS:3 WCHAN:futex_wait_queue
[2026-09-18T09:15:30.464+00:00] PID:2448732 CPU:0.00% RSS_KIB:2048 MEM:0.01288% STATE:S THREADS:1 WCHAN:do_wait
[2026-09-18T09:15:30.465+00:00] PID:2448740 CPU:0.00% RSS_KIB:17664 MEM:0.11108% STATE:S THREADS:3 WCHAN:futex_wait_queue
[2026-09-18T09:15:30.967+00:00] PID:2448732 CPU:0.00% RSS_KIB:2048 MEM:0.01288% STATE:S THREADS:1 WCHAN:do_wait
[2026-09-18T09:15:30.968+00:00] PID:2448740 CPU:0.00% RSS_KIB:17664 MEM:0.11108% STATE:S THREADS:3 WCHAN:futex_wait_queue
[2026-09-18T09:15:31.470+00:00] PID:2448732 CPU:0.00% RSS_KIB:2048 MEM:0.01288% STATE:S THREADS:1 WCHAN:do_wait
[2026-09-18T09:15:31.471+00:00] PID:2448740 CPU:0.00% RSS_KIB:17664 MEM:0.11108% STATE:S THREADS:3 WCHAN:futex_wait_queue
[2026-09-18T09:15:31.974+00:00] PID:2448732 CPU:0.00% RSS_KIB:2048 MEM:0.01288% STATE:S THREADS:1 WCHAN:do_wait
[2026-09-18T09:15:31.974+00:00] PID:2448740 CPU:0.00% RSS_KIB:17664 MEM:0.11108% STATE:S THREADS:3 WCHAN:futex_wait_queue
[2026-09-18T09:15:32.476+00:00] PID:2448732 CPU:0.00% RSS_KIB:2048 MEM:0.01288% STATE:S THREADS:1 WCHAN:do_wait
[2026-09-18T09:15:32.477+00:00] PID:2448740 CPU:0.00% RSS_KIB:17664 MEM:0.11108% STATE:S THREADS:3 WCHAN:futex_wait_queue
[2026-09-18T09:15:32.979+00:00] PID:2448732 CPU:0.00% RSS_KIB:2048 MEM:0.01288% STATE:S THREADS:1 WCHAN:do_wait
[2026-09-18T09:15:32.979+00:00] PID:2448740 CPU:0.00% RSS_KIB:17664 MEM:0.11108% STATE:S THREADS:3 WCHAN:futex_wait_queue
[2026-09-18T09:15:33.482+00:00] PID:2448732 CPU:0.00% RSS_KIB:2048 MEM:0.01288% STATE:S THREADS:1 WCHAN:do_wait
[2026-09-18T09:15:33.482+00:00] PID:2448740 CPU:0.00% RSS_KIB:17664 MEM:0.11108% STATE:S THREADS:3 WCHAN:futex_wait_queue
[2026-09-18T09:15:33.985+00:00] PID:2448732 CPU:0.00% RSS_KIB:2048 MEM:0.01288% STATE:S THREADS:1 WCHAN:do_wait
[2026-09-18T09:15:33.985+00:00] PID:2448740 CPU:0.00% RSS_KIB:17664 MEM:0.11108% STATE:S THREADS:3 WCHAN:futex_wait_queue
[2026-09-18T09:15:34.488+00:00] PID:2448732 CPU:0.00% RSS_KIB:2048 MEM:0.01288% STATE:S THREADS:1 WCHAN:do_wait
[2026-09-18T09:15:34.489+00:00] PID:2448740 CPU:0.00% RSS_KIB:17664 MEM:0.11108% STATE:S THREADS:3 WCHAN:futex_wait_queue
[2026-09-18T09:15:34.991+00:00] PID:2448732 CPU:0.00% RSS_KIB:2048 MEM:0.01288% STATE:S THREADS:1 WCHAN:do_wait
[2026-09-18T09:15:34.991+00:00] PID:2448740 CPU:0.00% RSS_KIB:17664 MEM:0.11108% STATE:S THREADS:3 WCHAN:futex_wait_queue
[2026-09-18T09:15:35.494+00:00] PID:2448732 CPU:0.00% RSS_KIB:2048 MEM:0.01288% STATE:S THREADS:1 WCHAN:do_wait
[2026-09-18T09:15:35.494+00:00] PID:2448740 CPU:0.00% RSS_KIB:17664 MEM:0.11108% STATE:S THREADS:3 WCHAN:futex_wait_queue
[2026-09-18T09:15:35.996+00:00] PID:2448732 CPU:0.00% RSS_KIB:2048 MEM:0.01288% STATE:S THREADS:1 WCHAN:do_wait
[2026-09-18T09:15:35.996+00:00] PID:2448740 CPU:0.00% RSS_KIB:17664 MEM:0.11108% STATE:S THREADS:3 WCHAN:futex_wait_queue
[2026-09-18T09:15:36.499+00:00] PID:2448732 CPU:0.00% RSS_KIB:2048 MEM:0.01288% STATE:S THREADS:1 WCHAN:do_wait
[2026-09-18T09:15:36.500+00:00] PID:2448740 CPU:0.00% RSS_KIB:17664 MEM:0.11108% STATE:S THREADS:3 WCHAN:futex_wait_queue
[2026-09-18T09:15:37.003+00:00] PID:2448732 CPU:0.00% RSS_KIB:2048 MEM:0.01288% STATE:S THREADS:1 WCHAN:do_wait
[2026-09-18T09:15:37.003+00:00] PID:2448740 CPU:0.00% RSS_KIB:17664 MEM:0.11108% STATE:S THREADS:3 WCHAN:futex_wait_queue
[2026-09-18T09:15:37.506+00:00] PID:2448732 CPU:0.00% RSS_KIB:2048 MEM:0.01288% STATE:S THREADS:1 WCHAN:do_wait
[2026-09-18T09:15:37.507+00:00] PID:2448740 CPU:0.00% RSS_KIB:17664 MEM:0.11108% STATE:S THREADS:3 WCHAN:futex_wait_queue
[2026-09-18T09:15:38.009+00:00] PID:2448732 CPU:0.00% RSS_KIB:2048 MEM:0.01288% STATE:S THREADS:1 WCHAN:do_wait
[2026-09-18T09:15:38.009+00:00] PID:2448740 CPU:0.00% RSS_KIB:17664 MEM:0.11108% STATE:S THREADS:3 WCHAN:futex_wait_queue
[2026-09-18T09:15:38.512+00:00] PID:2448732 CPU:0.00% RSS_KIB:2048 MEM:0.01288% STATE:S THREADS:1 WCHAN:do_wait
[2026-09-18T09:15:38.512+00:00] PID:2448740 CPU:0.00% RSS_KIB:17664 MEM:0.11108% STATE:S THREADS:3 WCHAN:futex_wait_queue
[2026-09-18T09:15:39.014+00:00] PID:2448732 CPU:0.00% RSS_KIB:2048 MEM:0.01288% STATE:S THREADS:1 WCHAN:do_wait
[2026-09-18T09:15:39.015+00:00] PID:2448740 CPU:0.00% RSS_KIB:17664 MEM:0.11108% STATE:S THREADS:3 WCHAN:futex_wait_queue
[2026-09-18T09:15:39.517+00:00] PID:2448732 CPU:0.00% RSS_KIB:2048 MEM:0.01288% STATE:S THREADS:1 WCHAN:do_wait
[2026-09-18T09:15:39.517+00:00] PID:2448740 CPU:0.00% RSS_KIB:17664 MEM:0.11108% STATE:S THREADS:3 WCHAN:futex_wait_queue
[2026-09-18T09:15:40.020+00:00] PID:2448732 CPU:0.00% RSS_KIB:2048 MEM:0.01288% STATE:S THREADS:1 WCHAN:do_wait
[2026-09-18T09:15:40.021+00:00] PID:2448740 CPU:0.00% RSS_KIB:17664 MEM:0.11108% STATE:S THREADS:3 WCHAN:futex_wait_queue
[2026-09-18T09:15:40.523+00:00] PID:2448732 CPU:0.00% RSS_KIB:2048 MEM:0.01288% STATE:S THREADS:1 WCHAN:do_wait
[2026-09-18T09:15:40.523+00:00] PID:2448740 CPU:0.00% RSS_KIB:17664 MEM:0.11108% STATE:S THREADS:3 WCHAN:futex_wait_queue
[2026-09-18T09:15:41.025+00:00] PID:2448732 CPU:0.00% RSS_KIB:2048 MEM:0.01288% STATE:S THREADS:1 WCHAN:do_wait
[2026-09-18T09:15:41.026+00:00] PID:2448740 CPU:0.00% RSS_KIB:17664 MEM:0.11108% STATE:S THREADS:3 WCHAN:futex_wait_queue
[2026-09-18T09:15:41.528+00:00] PID:2448732 CPU:0.00% RSS_KIB:2048 MEM:0.01288% STATE:S THREADS:1 WCHAN:do_wait
[2026-09-18T09:15:41.529+00:00] PID:2448740 CPU:0.00% RSS_KIB:17664 MEM:0.11108% STATE:S THREADS:3 WCHAN:futex_wait_queue
[2026-09-18T09:15:42.031+00:00] PID:2448732 CPU:0.00% RSS_KIB:2048 MEM:0.01288% STATE:S THREADS:1 WCHAN:do_wait
[2026-09-18T09:15:42.032+00:00] PID:2448740 CPU:0.00% RSS_KIB:17664 MEM:0.11108% STATE:S THREADS:3 WCHAN:futex_wait_queue
[2026-09-18T09:15:42.534+00:00] PID:2448732 CPU:0.00% RSS_KIB:2048 MEM:0.01288% STATE:S THREADS:1 WCHAN:do_wait
[2026-09-18T09:15:42.534+00:00] PID:2448740 CPU:0.00% RSS_KIB:17664 MEM:0.11108% STATE:S THREADS:3 WCHAN:futex_wait_queue
[2026-09-18T09:15:43.036+00:00] PID:2448732 CPU:0.00% RSS_KIB:2048 MEM:0.01288% STATE:S THREADS:1 WCHAN:do_wait
[2026-09-18T09:15:43.036+00:00] PID:2448740 CPU:0.00% RSS_KIB:17664 MEM:0.11108% STATE:S THREADS:3 WCHAN:futex_wait_queue
[2026-09-18T09:15:43.538+00:00] PID:2448732 CPU:0.00% RSS_KIB:2048 MEM:0.01288% STATE:S THREADS:1 WCHAN:do_wait
[2026-09-18T09:15:43.539+00:00] PID:2448740 CPU:0.00% RSS_KIB:17664 MEM:0.11108% STATE:S THREADS:3 WCHAN:futex_wait_queue
[2026-09-18T09:15:44.041+00:00] PID:2448732 CPU:0.00% RSS_KIB:2048 MEM:0.01288% STATE:S THREADS:1 WCHAN:do_wait
[2026-09-18T09:15:44.041+00:00] PID:2448740 CPU:0.00% RSS_KIB:17664 MEM:0.11108% STATE:S THREADS:3 WCHAN:futex_wait_queue
[2026-09-18T09:15:44.544+00:00] PID:2448732 CPU:0.00% RSS_KIB:2048 MEM:0.01288% STATE:S THREADS:1 WCHAN:do_wait
[2026-09-18T09:15:44.544+00:00] PID:2448740 CPU:0.00% RSS_KIB:17664 MEM:0.11108% STATE:S THREADS:3 WCHAN:futex_wait_queue
[2026-09-18T09:15:45.046+00:00] PID:2448732 CPU:0.00% RSS_KIB:2048 MEM:0.01288% STATE:S THREADS:1 WCHAN:do_wait
[2026-09-18T09:15:45.046+00:00] PID:2448740 CPU:0.00% RSS_KIB:17664 MEM:0.11108% STATE:S THREADS:3 WCHAN:futex_wait_queue
[2026-09-18T09:15:45.548+00:00] PID:2448732 CPU:0.00% RSS_KIB:2048 MEM:0.01288% STATE:S THREADS:1 WCHAN:do_wait
[2026-09-18T09:15:45.549+00:00] PID:2448740 CPU:0.00% RSS_KIB:17664 MEM:0.11108% STATE:S THREADS:3 WCHAN:futex_wait_queue
[2026-09-18T09:15:46.051+00:00] PID:2448732 CPU:0.00% RSS_KIB:2048 MEM:0.01288% STATE:S THREADS:1 WCHAN:do_wait
[2026-09-18T09:15:46.052+00:00] PID:2448740 CPU:0.00% RSS_KIB:17664 MEM:0.11108% STATE:S THREADS:3 WCHAN:futex_wait_queue
[2026-09-18T09:15:46.554+00:00] PID:2448732 CPU:0.00% RSS_KIB:2048 MEM:0.01288% STATE:S THREADS:1 WCHAN:do_wait
[2026-09-18T09:15:46.554+00:00] PID:2448740 CPU:0.00% RSS_KIB:17664 MEM:0.11108% STATE:S THREADS:3 WCHAN:futex_wait_queue
[2026-09-18T09:15:47.056+00:00] PID:2448732 CPU:0.00% RSS_KIB:2048 MEM:0.01288% STATE:S THREADS:1 WCHAN:do_wait
[2026-09-18T09:15:47.057+00:00] PID:2448740 CPU:0.00% RSS_KIB:17664 MEM:0.11108% STATE:S THREADS:3 WCHAN:futex_wait_queue
[2026-09-18T09:15:47.559+00:00] PID:2448732 CPU:0.00% RSS_KIB:2048 MEM:0.01288% STATE:S THREADS:1 WCHAN:do_wait
[2026-09-18T09:15:47.560+00:00] PID:2448740 CPU:0.00% RSS_KIB:17664 MEM:0.11108% STATE:S THREADS:3 WCHAN:futex_wait_queue
[2026-09-18T09:15:48.062+00:00] PID:2448732 CPU:0.00% RSS_KIB:2048 MEM:0.01288% STATE:S THREADS:1 WCHAN:do_wait
[2026-09-18T09:15:48.063+00:00] PID:2448740 CPU:0.00% RSS_KIB:17664 MEM:0.11108% STATE:S THREADS:3 WCHAN:futex_wait_queue
[2026-09-18T09:15:48.565+00:00] PID:2448732 CPU:0.00% RSS_KIB:2048 MEM:0.01288% STATE:S THREADS:1 WCHAN:do_wait
[2026-09-18T09:15:48.565+00:00] PID:2448740 CPU:0.00% RSS_KIB:17664 MEM:0.11108% STATE:S THREADS:3 WCHAN:futex_wait_queue
[2026-09-18T09:15:49.068+00:00] PID:2448732 CPU:0.00% RSS_KIB:2048 MEM:0.01288% STATE:S THREADS:1 WCHAN:do_wait
[2026-09-18T09:15:49.069+00:00] PID:2448740 CPU:0.00% RSS_KIB:17664 MEM:0.11108% STATE:S THREADS:3 WCHAN:futex_wait_queue
[2026-09-18T09:15:49.571+00:00] PID:2448732 CPU:0.00% RSS_KIB:2048 MEM:0.01288% STATE:S THREADS:1 WCHAN:do_wait
[2026-09-18T09:15:49.572+00:00] PID:2448740 CPU:0.00% RSS_KIB:17664 MEM:0.11108% STATE:S THREADS:3 WCHAN:futex_wait_queue
[2026-09-18T09:15:50.074+00:00] PID:2448732 CPU:0.00% RSS_KIB:2048 MEM:0.01288% STATE:S THREADS:1 WCHAN:do_wait
[2026-09-18T09:15:50.075+00:00] PID:2448740 CPU:0.00% RSS_KIB:17664 MEM:0.11108% STATE:S THREADS:3 WCHAN:futex_wait_queue
[2026-09-18T09:15:50.577+00:00] PID:2448732 CPU:0.00% RSS_KIB:2048 MEM:0.01288% STATE:S THREADS:1 WCHAN:do_wait
[2026-09-18T09:15:50.577+00:00] PID:2448740 CPU:0.00% RSS_KIB:17664 MEM:0.11108% STATE:S THREADS:3 WCHAN:futex_wait_queue
[2026-09-18T09:15:51.079+00:00] PID:2448732 CPU:0.00% RSS_KIB:2048 MEM:0.01288% STATE:S THREADS:1 WCHAN:do_wait
[2026-09-18T09:15:51.080+00:00] PID:2448740 CPU:0.00% RSS_KIB:17664 MEM:0.11108% STATE:S THREADS:3 WCHAN:futex_wait_queue
[2026-09-18T09:15:51.582+00:00] PID:2448732 CPU:0.00% RSS_KIB:2048 MEM:0.01288% STATE:S THREADS:1 WCHAN:do_wait
[2026-09-18T09:15:51.583+00:00] PID:2448740 CPU:0.00% RSS_KIB:17664 MEM:0.11108% STATE:S THREADS:3 WCHAN:futex_wait_queue
[2026-09-18T09:15:52.085+00:00] PID:2448732 CPU:0.00% RSS_KIB:2048 MEM:0.01288% STATE:S THREADS:1 WCHAN:do_wait
[2026-09-18T09:15:52.086+00:00] PID:2448740 CPU:0.00% RSS_KIB:17664 MEM:0.11108% STATE:S THREADS:3 WCHAN:futex_wait_queue
[2026-09-18T09:15:52.589+00:00] PID:2448732 CPU:0.00% RSS_KIB:2048 MEM:0.01288% STATE:S THREADS:1 WCHAN:do_wait
[2026-09-18T09:15:52.589+00:00] PID:2448740 CPU:0.00% RSS_KIB:17664 MEM:0.11108% STATE:S THREADS:3 WCHAN:futex_wait_queue
[2026-09-18T09:15:53.091+00:00] PID:2448732 CPU:0.00% RSS_KIB:2048 MEM:0.01288% STATE:S THREADS:1 WCHAN:do_wait
[2026-09-18T09:15:53.092+00:00] PID:2448740 CPU:0.00% RSS_KIB:17664 MEM:0.11108% STATE:S THREADS:3 WCHAN:futex_wait_queue
[2026-09-18T09:15:53.594+00:00] PID:2448732 CPU:0.00% RSS_KIB:2048 MEM:0.01288% STATE:S THREADS:1 WCHAN:do_wait
[2026-09-18T09:15:53.594+00:00] PID:2448740 CPU:0.00% RSS_KIB:17664 MEM:0.11108% STATE:S THREADS:3 WCHAN:futex_wait_queue
[2026-09-18T09:15:54.096+00:00] PID:2448732 CPU:0.00% RSS_KIB:2048 MEM:0.01288% STATE:S THREADS:1 WCHAN:do_wait
[2026-09-18T09:15:54.097+00:00] PID:2448740 CPU:0.00% RSS_KIB:17664 MEM:0.11108% STATE:S THREADS:3 WCHAN:futex_wait_queue
[2026-09-18T09:15:54.599+00:00] PID:2448732 CPU:0.00% RSS_KIB:2048 MEM:0.01288% STATE:S THREADS:1 WCHAN:do_wait
[2026-09-18T09:15:54.600+00:00] PID:2448740 CPU:0.00% RSS_KIB:17664 MEM:0.11108% STATE:S THREADS:3 WCHAN:futex_wait_queue
[2026-09-18T09:15:55.102+00:00] PID:2448732 CPU:0.00% RSS_KIB:2048 MEM:0.01288% STATE:S THREADS:1 WCHAN:do_wait
[2026-09-18T09:15:55.103+00:00] PID:2448740 CPU:0.00% RSS_KIB:17664 MEM:0.11108% STATE:S THREADS:3 WCHAN:futex_wait_queue
[2026-09-18T09:15:55.605+00:00] PID:2448732 CPU:0.00% RSS_KIB:2048 MEM:0.01288% STATE:S THREADS:1 WCHAN:do_wait
[2026-09-18T09:15:55.605+00:00] PID:2448740 CPU:0.00% RSS_KIB:17664 MEM:0.11108% STATE:S THREADS:3 WCHAN:futex_wait_queue
[2026-09-18T09:15:56.107+00:00] PID:2448732 CPU:0.00% RSS_KIB:2048 MEM:0.01288% STATE:S THREADS:1 WCHAN:do_wait
[2026-09-18T09:15:56.107+00:00] PID:2448740 CPU:0.00% RSS_KIB:17664 MEM:0.11108% STATE:S THREADS:3 WCHAN:futex_wait_queue
[2026-09-18T09:15:56.610+00:00] PID:2448732 CPU:0.00% RSS_KIB:2048 MEM:0.01288% STATE:S THREADS:1 WCHAN:do_wait
[2026-09-18T09:15:56.610+00:00] PID:2448740 CPU:0.00% RSS_KIB:17664 MEM:0.11108% STATE:S THREADS:3 WCHAN:futex_wait_queue
[2026-09-18T09:15:57.112+00:00] PID:2448732 CPU:0.00% RSS_KIB:2048 MEM:0.01288% STATE:S THREADS:1 WCHAN:do_wait
[2026-09-18T09:15:57.113+00:00] PID:2448740 CPU:0.00% RSS_KIB:17664 MEM:0.11108% STATE:S THREADS:3 WCHAN:futex_wait_queue
[2026-09-18T09:15:57.615+00:00] PID:2448732 CPU:0.00% RSS_KIB:2048 MEM:0.01288% STATE:S THREADS:1 WCHAN:do_wait
[2026-09-18T09:15:57.615+00:00] PID:2448740 CPU:0.00% RSS_KIB:17664 MEM:0.11108% STATE:S THREADS:3 WCHAN:futex_wait_queue
[2026-09-18T09:15:58.118+00:00] PID:2448732 CPU:0.00% RSS_KIB:2048 MEM:0.01288% STATE:S THREADS:1 WCHAN:do_wait
[2026-09-18T09:15:58.118+00:00] PID:2448740 CPU:0.00% RSS_KIB:17664 MEM:0.11108% STATE:S THREADS:3 WCHAN:futex_wait_queue
[2026-09-18T09:15:58.621+00:00] PID:2448732 CPU:0.00% RSS_KIB:2048 MEM:0.01288% STATE:S THREADS:1 WCHAN:do_wait
[2026-09-18T09:15:58.622+00:00] PID:2448740 CPU:0.00% RSS_KIB:17664 MEM:0.11108% STATE:S THREADS:3 WCHAN:futex_wait_queue
[2026-09-18T09:15:59.124+00:00] PID:2448732 CPU:0.00% RSS_KIB:2048 MEM:0.01288% STATE:S THREADS:1 WCHAN:do_wait
[2026-09-18T09:15:59.124+00:00] PID:2448740 CPU:0.00% RSS_KIB:17664 MEM:0.11108% STATE:S THREADS:3 WCHAN:futex_wait_queue
[2026-09-18T09:15:59.627+00:00] PID:2448732 CPU:0.00% RSS_KIB:2048 MEM:0.01288% STATE:S THREADS:1 WCHAN:do_wait
[2026-09-18T09:15:59.627+00:00] PID:2448740 CPU:0.00% RSS_KIB:17664 MEM:0.11108% STATE:S THREADS:3 WCHAN:futex_wait_queue
[2026-09-18T09:16:00.130+00:00] PID:2448732 CPU:0.00% RSS_KIB:2048 MEM:0.01288% STATE:S THREADS:1 WCHAN:do_wait
[2026-09-18T09:16:00.131+00:00] PID:2448740 CPU:0.00% RSS_KIB:17664 MEM:0.11108% STATE:S THREADS:3 WCHAN:futex_wait_queue
[2026-09-18T09:16:00.633+00:00] PID:2448732 CPU:0.00% RSS_KIB:2048 MEM:0.01288% STATE:S THREADS:1 WCHAN:do_wait
[2026-09-18T09:16:00.634+00:00] PID:2448740 CPU:0.00% RSS_KIB:17664 MEM:0.11108% STATE:S THREADS:3 WCHAN:futex_wait_queue
[2026-09-18T09:16:01.136+00:00] PID:2448732 CPU:0.00% RSS_KIB:2048 MEM:0.01288% STATE:S THREADS:1 WCHAN:do_wait
[2026-09-18T09:16:01.137+00:00] PID:2448740 CPU:0.00% RSS_KIB:17664 MEM:0.11108% STATE:S THREADS:3 WCHAN:futex_wait_queue
[2026-09-18T09:16:01.639+00:00] PID:2448732 CPU:0.00% RSS_KIB:2048 MEM:0.01288% STATE:S THREADS:1 WCHAN:do_wait
[2026-09-18T09:16:01.639+00:00] PID:2448740 CPU:0.00% RSS_KIB:17664 MEM:0.11108% STATE:S THREADS:3 WCHAN:futex_wait_queue
[2026-09-18T09:16:02.142+00:00] PID:2448732 CPU:0.00% RSS_KIB:2048 MEM:0.01288% STATE:S THREADS:1 WCHAN:do_wait
[2026-09-18T09:16:02.142+00:00] PID:2448740 CPU:0.00% RSS_KIB:17664 MEM:0.11108% STATE:S THREADS:3 WCHAN:futex_wait_queue
[2026-09-18T09:16:02.644+00:00] PID:2448732 CPU:0.00% RSS_KIB:2048 MEM:0.01288% STATE:S THREADS:1 WCHAN:do_wait
[2026-09-18T09:16:02.644+00:00] PID:2448740 CPU:0.00% RSS_KIB:17664 MEM:0.11108% STATE:S THREADS:3 WCHAN:futex_wait_queue
[2026-09-18T09:16:03.146+00:00] PID:2448732 CPU:0.00% RSS_KIB:2048 MEM:0.01288% STATE:S THREADS:1 WCHAN:do_wait
[2026-09-18T09:16:03.147+00:00] PID:2448740 CPU:0.00% RSS_KIB:17664 MEM:0.11108% STATE:S THREADS:3 WCHAN:futex_wait_queue
[2026-09-18T09:16:03.649+00:00] PID:2448732 CPU:0.00% RSS_KIB:2048 MEM:0.01288% STATE:S THREADS:1 WCHAN:do_wait
[2026-09-18T09:16:03.649+00:00] PID:2448740 CPU:0.00% RSS_KIB:17664 MEM:0.11108% STATE:S THREADS:3 WCHAN:futex_wait_queue
[2026-09-18T09:16:04.151+00:00] EVENT:PROCESS_EXITED
