>>> Starting Agent Boot Sequence...
[1/6] Checking User Account               [OK]
   ... Running as service user 'kjw' (uid=1000)
[2/6] Verifying Environment Variables     [OK]
   ... All required Envs correct
[3/6] Checking Required Files             [OK]
   ... Verified 'secret.key' with correct key string.
[4/6] Checking Port Availability          [OK]
   ... Port 15034 is available.
[5/6] Verifying Log Permission            [OK]
   ... Log directory is writable: /mnt/c/Users/jump0/Desktop/Obsidian/RawData/Codyssey/AI올인원 본과정/AI_SW_Basic/미션4_Linux와 OS/과제2_컴퓨터가 갑자기 느려지거나 멈췄을 때 원인 찾아 고치기/code/evidence/runs/20260918T091047Z-cpu-before-727098517/app-logs
[6/6] Verifying Mission Environment       [OK]
   ... MEMORY_LIMIT=512MB, CPU_MAX_OCCUPY=100%, MULTI_THREAD_ENABLE=False
------------------------------------------------------------
All Boot Checks Passed!
Agent READY
2026-09-18 18:10:48,077 [INFO] [SafetyGuard] Process priority lowered (nice=10).
2026-09-18 18:10:48,077 [INFO] Agent listening at port 15034

==================================================
 [ Agent Initiate ] Resource Check 
==================================================
 [ MEMORY ] Limit: 512MB 		[ OK ]
 [ CPU    ] Limit: 100%  		[ WARNING: Recommend Under 50% ]
 [ THREAD ] Concurrency: False 		[ OK ]
--------------------------------------------------
 >>> SYSTEM STATUS: STABLE. STARTING WORKLOAD MONITORING...
==================================================

2026-09-18 18:10:50,078 [INFO] [CpuWorker] Started. Maximum CPU Limit: 100%
2026-09-18 18:10:50,079 [INFO] [CpuWorker] Current Load: 5.00%
2026-09-18 18:10:53,190 [INFO] [CpuWorker] Current Load: 14.97%
2026-09-18 18:10:56,307 [INFO] [CpuWorker] Current Load: 17.43%
2026-09-18 18:10:59,420 [INFO] [CpuWorker] Current Load: 27.43%
2026-09-18 18:11:02,529 [INFO] [CpuWorker] Current Load: 27.95%
2026-09-18 18:11:05,645 [INFO] [CpuWorker] Current Load: 29.47%
2026-09-18 18:11:08,763 [INFO] [CpuWorker] Current Load: 38.77%
2026-09-18 18:11:11,870 [INFO] [CpuWorker] Current Load: 48.23%
2026-09-18 18:11:14,986 [INFO] [CpuWorker] Current Load: 49.20%
2026-09-18 18:11:18,098 [INFO] [CpuWorker] Current Load: 49.24%
2026-09-18 18:11:21,210 [INFO] [CpuWorker] Current Load: 55.63%
2026-09-18 18:11:21,311 [CRITICAL] [CpuWorker] CPU Threshold Violated! (55.629999999999995%).

>>> [SYSTEM] WATCHDOG: INITIATING EMERGENCY ABORT (SIGTERM) <<<

