[2026-09-18T09:10:47.873+00:00] PID:2445059 CPU:NA% RSS_KIB:1920 MEM:0.01207% STATE:D THREADS:1 WCHAN:0
[2026-09-18T09:10:48.376+00:00] PID:2445059 CPU:9.96% RSS_KIB:2048 MEM:0.01288% STATE:S THREADS:1 WCHAN:do_wait
[2026-09-18T09:10:48.376+00:00] PID:2445074 CPU:NA% RSS_KIB:17792 MEM:0.11189% STATE:S THREADS:1 WCHAN:do_select
[2026-09-18T09:10:48.879+00:00] PID:2445059 CPU:0.00% RSS_KIB:2048 MEM:0.01288% STATE:S THREADS:1 WCHAN:do_wait
[2026-09-18T09:10:48.879+00:00] PID:2445074 CPU:0.00% RSS_KIB:17792 MEM:0.11189% STATE:S THREADS:1 WCHAN:do_select
[2026-09-18T09:10:49.382+00:00] PID:2445059 CPU:0.00% RSS_KIB:2048 MEM:0.01288% STATE:S THREADS:1 WCHAN:do_wait
[2026-09-18T09:10:49.384+00:00] PID:2445074 CPU:0.00% RSS_KIB:17792 MEM:0.11189% STATE:S THREADS:1 WCHAN:do_select
[2026-09-18T09:10:49.886+00:00] PID:2445059 CPU:0.00% RSS_KIB:2048 MEM:0.01288% STATE:S THREADS:1 WCHAN:do_wait
[2026-09-18T09:10:49.887+00:00] PID:2445074 CPU:0.00% RSS_KIB:17792 MEM:0.11189% STATE:S THREADS:1 WCHAN:do_select
[2026-09-18T09:10:50.389+00:00] PID:2445059 CPU:0.00% RSS_KIB:2048 MEM:0.01288% STATE:S THREADS:1 WCHAN:do_wait
[2026-09-18T09:10:50.389+00:00] PID:2445074 CPU:1.99% RSS_KIB:17920 MEM:0.11269% STATE:S THREADS:1 WCHAN:do_select
[2026-09-18T09:10:50.891+00:00] PID:2445059 CPU:0.00% RSS_KIB:2048 MEM:0.01288% STATE:S THREADS:1 WCHAN:do_wait
[2026-09-18T09:10:50.892+00:00] PID:2445074 CPU:0.00% RSS_KIB:17920 MEM:0.11269% STATE:S THREADS:1 WCHAN:do_select
[2026-09-18T09:10:51.394+00:00] PID:2445059 CPU:0.00% RSS_KIB:2048 MEM:0.01288% STATE:S THREADS:1 WCHAN:do_wait
[2026-09-18T09:10:51.394+00:00] PID:2445074 CPU:0.00% RSS_KIB:17920 MEM:0.11269% STATE:S THREADS:1 WCHAN:do_select
[2026-09-18T09:10:51.897+00:00] PID:2445059 CPU:0.00% RSS_KIB:2048 MEM:0.01288% STATE:S THREADS:1 WCHAN:do_wait
[2026-09-18T09:10:51.897+00:00] PID:2445074 CPU:0.00% RSS_KIB:17920 MEM:0.11269% STATE:S THREADS:1 WCHAN:do_select
[2026-09-18T09:10:52.399+00:00] PID:2445059 CPU:0.00% RSS_KIB:2048 MEM:0.01288% STATE:S THREADS:1 WCHAN:do_wait
[2026-09-18T09:10:52.400+00:00] PID:2445074 CPU:0.00% RSS_KIB:17920 MEM:0.11269% STATE:S THREADS:1 WCHAN:do_select
[2026-09-18T09:10:52.903+00:00] PID:2445059 CPU:0.00% RSS_KIB:2048 MEM:0.01288% STATE:S THREADS:1 WCHAN:do_wait
[2026-09-18T09:10:52.903+00:00] PID:2445074 CPU:0.00% RSS_KIB:17920 MEM:0.11269% STATE:S THREADS:1 WCHAN:do_select
[2026-09-18T09:10:53.405+00:00] PID:2445059 CPU:0.00% RSS_KIB:2048 MEM:0.01288% STATE:S THREADS:1 WCHAN:do_wait
[2026-09-18T09:10:53.405+00:00] PID:2445074 CPU:1.99% RSS_KIB:17920 MEM:0.11269% STATE:S THREADS:1 WCHAN:do_select
[2026-09-18T09:10:53.907+00:00] PID:2445059 CPU:0.00% RSS_KIB:2048 MEM:0.01288% STATE:S THREADS:1 WCHAN:do_wait
[2026-09-18T09:10:53.908+00:00] PID:2445074 CPU:0.00% RSS_KIB:17920 MEM:0.11269% STATE:S THREADS:1 WCHAN:do_select
[2026-09-18T09:10:54.410+00:00] PID:2445059 CPU:0.00% RSS_KIB:2048 MEM:0.01288% STATE:S THREADS:1 WCHAN:do_wait
[2026-09-18T09:10:54.410+00:00] PID:2445074 CPU:0.00% RSS_KIB:17920 MEM:0.11269% STATE:S THREADS:1 WCHAN:do_select
[2026-09-18T09:10:54.912+00:00] PID:2445059 CPU:0.00% RSS_KIB:2048 MEM:0.01288% STATE:S THREADS:1 WCHAN:do_wait
[2026-09-18T09:10:54.913+00:00] PID:2445074 CPU:0.00% RSS_KIB:17920 MEM:0.11269% STATE:S THREADS:1 WCHAN:do_select
[2026-09-18T09:10:55.415+00:00] PID:2445059 CPU:0.00% RSS_KIB:2048 MEM:0.01288% STATE:S THREADS:1 WCHAN:do_wait
[2026-09-18T09:10:55.415+00:00] PID:2445074 CPU:0.00% RSS_KIB:17920 MEM:0.11269% STATE:S THREADS:1 WCHAN:do_select
[2026-09-18T09:10:55.917+00:00] PID:2445059 CPU:0.00% RSS_KIB:2048 MEM:0.01288% STATE:S THREADS:1 WCHAN:do_wait
[2026-09-18T09:10:55.918+00:00] PID:2445074 CPU:0.00% RSS_KIB:17920 MEM:0.11269% STATE:S THREADS:1 WCHAN:do_select
[2026-09-18T09:10:56.420+00:00] PID:2445059 CPU:0.00% RSS_KIB:2048 MEM:0.01288% STATE:S THREADS:1 WCHAN:do_wait
[2026-09-18T09:10:56.421+00:00] PID:2445074 CPU:3.98% RSS_KIB:17920 MEM:0.11269% STATE:S THREADS:1 WCHAN:do_select
[2026-09-18T09:10:56.923+00:00] PID:2445059 CPU:0.00% RSS_KIB:2048 MEM:0.01288% STATE:S THREADS:1 WCHAN:do_wait
[2026-09-18T09:10:56.923+00:00] PID:2445074 CPU:0.00% RSS_KIB:17920 MEM:0.11269% STATE:S THREADS:1 WCHAN:do_select
[2026-09-18T09:10:57.426+00:00] PID:2445059 CPU:0.00% RSS_KIB:2048 MEM:0.01288% STATE:S THREADS:1 WCHAN:do_wait
[2026-09-18T09:10:57.426+00:00] PID:2445074 CPU:0.00% RSS_KIB:17920 MEM:0.11269% STATE:S THREADS:1 WCHAN:do_select
[2026-09-18T09:10:57.928+00:00] PID:2445059 CPU:0.00% RSS_KIB:2048 MEM:0.01288% STATE:S THREADS:1 WCHAN:do_wait
[2026-09-18T09:10:57.929+00:00] PID:2445074 CPU:0.00% RSS_KIB:17920 MEM:0.11269% STATE:S THREADS:1 WCHAN:do_select
[2026-09-18T09:10:58.431+00:00] PID:2445059 CPU:0.00% RSS_KIB:2048 MEM:0.01288% STATE:S THREADS:1 WCHAN:do_wait
[2026-09-18T09:10:58.431+00:00] PID:2445074 CPU:0.00% RSS_KIB:17920 MEM:0.11269% STATE:S THREADS:1 WCHAN:do_select
[2026-09-18T09:10:58.934+00:00] PID:2445059 CPU:0.00% RSS_KIB:2048 MEM:0.01288% STATE:S THREADS:1 WCHAN:do_wait
[2026-09-18T09:10:58.935+00:00] PID:2445074 CPU:0.00% RSS_KIB:17920 MEM:0.11269% STATE:S THREADS:1 WCHAN:do_select
[2026-09-18T09:10:59.437+00:00] PID:2445059 CPU:0.00% RSS_KIB:2048 MEM:0.01288% STATE:S THREADS:1 WCHAN:do_wait
[2026-09-18T09:10:59.437+00:00] PID:2445074 CPU:3.97% RSS_KIB:17920 MEM:0.11269% STATE:R THREADS:1 WCHAN:0
[2026-09-18T09:10:59.939+00:00] PID:2445059 CPU:0.00% RSS_KIB:2048 MEM:0.01288% STATE:S THREADS:1 WCHAN:do_wait
[2026-09-18T09:10:59.940+00:00] PID:2445074 CPU:1.99% RSS_KIB:17920 MEM:0.11269% STATE:S THREADS:1 WCHAN:do_select
[2026-09-18T09:11:00.442+00:00] PID:2445059 CPU:0.00% RSS_KIB:2048 MEM:0.01288% STATE:S THREADS:1 WCHAN:do_wait
[2026-09-18T09:11:00.443+00:00] PID:2445074 CPU:0.00% RSS_KIB:17920 MEM:0.11269% STATE:S THREADS:1 WCHAN:do_select
[2026-09-18T09:11:00.945+00:00] PID:2445059 CPU:0.00% RSS_KIB:2048 MEM:0.01288% STATE:S THREADS:1 WCHAN:do_wait
[2026-09-18T09:11:00.945+00:00] PID:2445074 CPU:0.00% RSS_KIB:17920 MEM:0.11269% STATE:S THREADS:1 WCHAN:do_select
[2026-09-18T09:11:01.447+00:00] PID:2445059 CPU:0.00% RSS_KIB:2048 MEM:0.01288% STATE:S THREADS:1 WCHAN:do_wait
[2026-09-18T09:11:01.450+00:00] PID:2445074 CPU:0.00% RSS_KIB:17920 MEM:0.11269% STATE:S THREADS:1 WCHAN:do_select
[2026-09-18T09:11:01.953+00:00] PID:2445059 CPU:0.00% RSS_KIB:2048 MEM:0.01288% STATE:S THREADS:1 WCHAN:do_wait
[2026-09-18T09:11:01.953+00:00] PID:2445074 CPU:0.00% RSS_KIB:17920 MEM:0.11269% STATE:S THREADS:1 WCHAN:do_select
[2026-09-18T09:11:02.455+00:00] PID:2445059 CPU:0.00% RSS_KIB:2048 MEM:0.01288% STATE:S THREADS:1 WCHAN:do_wait
[2026-09-18T09:11:02.456+00:00] PID:2445074 CPU:0.00% RSS_KIB:17920 MEM:0.11269% STATE:S THREADS:1 WCHAN:do_select
[2026-09-18T09:11:02.958+00:00] PID:2445059 CPU:0.00% RSS_KIB:2048 MEM:0.01288% STATE:S THREADS:1 WCHAN:do_wait
[2026-09-18T09:11:02.959+00:00] PID:2445074 CPU:5.97% RSS_KIB:17920 MEM:0.11269% STATE:S THREADS:1 WCHAN:do_select
[2026-09-18T09:11:03.461+00:00] PID:2445059 CPU:0.00% RSS_KIB:2048 MEM:0.01288% STATE:S THREADS:1 WCHAN:do_wait
[2026-09-18T09:11:03.462+00:00] PID:2445074 CPU:0.00% RSS_KIB:17920 MEM:0.11269% STATE:S THREADS:1 WCHAN:do_select
[2026-09-18T09:11:03.964+00:00] PID:2445059 CPU:0.00% RSS_KIB:2048 MEM:0.01288% STATE:S THREADS:1 WCHAN:do_wait
[2026-09-18T09:11:03.965+00:00] PID:2445074 CPU:0.00% RSS_KIB:17920 MEM:0.11269% STATE:S THREADS:1 WCHAN:do_select
[2026-09-18T09:11:04.466+00:00] PID:2445059 CPU:0.00% RSS_KIB:2048 MEM:0.01288% STATE:S THREADS:1 WCHAN:do_wait
[2026-09-18T09:11:04.467+00:00] PID:2445074 CPU:0.00% RSS_KIB:17920 MEM:0.11269% STATE:S THREADS:1 WCHAN:do_select
[2026-09-18T09:11:04.969+00:00] PID:2445059 CPU:0.00% RSS_KIB:2048 MEM:0.01288% STATE:S THREADS:1 WCHAN:do_wait
[2026-09-18T09:11:04.970+00:00] PID:2445074 CPU:0.00% RSS_KIB:17920 MEM:0.11269% STATE:S THREADS:1 WCHAN:do_select
[2026-09-18T09:11:05.472+00:00] PID:2445059 CPU:0.00% RSS_KIB:2048 MEM:0.01288% STATE:S THREADS:1 WCHAN:do_wait
[2026-09-18T09:11:05.472+00:00] PID:2445074 CPU:0.00% RSS_KIB:17920 MEM:0.11269% STATE:S THREADS:1 WCHAN:do_select
[2026-09-18T09:11:05.974+00:00] PID:2445059 CPU:0.00% RSS_KIB:2048 MEM:0.01288% STATE:S THREADS:1 WCHAN:do_wait
[2026-09-18T09:11:05.975+00:00] PID:2445074 CPU:5.97% RSS_KIB:17920 MEM:0.11269% STATE:S THREADS:1 WCHAN:do_select
[2026-09-18T09:11:06.477+00:00] PID:2445059 CPU:0.00% RSS_KIB:2048 MEM:0.01288% STATE:S THREADS:1 WCHAN:do_wait
[2026-09-18T09:11:06.478+00:00] PID:2445074 CPU:0.00% RSS_KIB:17920 MEM:0.11269% STATE:S THREADS:1 WCHAN:do_select
[2026-09-18T09:11:06.980+00:00] PID:2445059 CPU:0.00% RSS_KIB:2048 MEM:0.01288% STATE:S THREADS:1 WCHAN:do_wait
[2026-09-18T09:11:06.980+00:00] PID:2445074 CPU:0.00% RSS_KIB:17920 MEM:0.11269% STATE:S THREADS:1 WCHAN:do_select
[2026-09-18T09:11:07.482+00:00] PID:2445059 CPU:0.00% RSS_KIB:2048 MEM:0.01288% STATE:S THREADS:1 WCHAN:do_wait
[2026-09-18T09:11:07.483+00:00] PID:2445074 CPU:0.00% RSS_KIB:17920 MEM:0.11269% STATE:S THREADS:1 WCHAN:do_select
[2026-09-18T09:11:07.985+00:00] PID:2445059 CPU:0.00% RSS_KIB:2048 MEM:0.01288% STATE:S THREADS:1 WCHAN:do_wait
[2026-09-18T09:11:07.985+00:00] PID:2445074 CPU:0.00% RSS_KIB:17920 MEM:0.11269% STATE:S THREADS:1 WCHAN:do_select
[2026-09-18T09:11:08.487+00:00] PID:2445059 CPU:0.00% RSS_KIB:2048 MEM:0.01288% STATE:S THREADS:1 WCHAN:do_wait
[2026-09-18T09:11:08.488+00:00] PID:2445074 CPU:0.00% RSS_KIB:17920 MEM:0.11269% STATE:S THREADS:1 WCHAN:do_select
[2026-09-18T09:11:08.991+00:00] PID:2445059 CPU:0.00% RSS_KIB:2048 MEM:0.01288% STATE:S THREADS:1 WCHAN:do_wait
[2026-09-18T09:11:08.991+00:00] PID:2445074 CPU:7.95% RSS_KIB:17920 MEM:0.11269% STATE:S THREADS:1 WCHAN:do_select
[2026-09-18T09:11:09.494+00:00] PID:2445059 CPU:0.00% RSS_KIB:2048 MEM:0.01288% STATE:S THREADS:1 WCHAN:do_wait
[2026-09-18T09:11:09.494+00:00] PID:2445074 CPU:0.00% RSS_KIB:17920 MEM:0.11269% STATE:S THREADS:1 WCHAN:do_select
[2026-09-18T09:11:09.996+00:00] PID:2445059 CPU:0.00% RSS_KIB:2048 MEM:0.01288% STATE:S THREADS:1 WCHAN:do_wait
[2026-09-18T09:11:09.996+00:00] PID:2445074 CPU:0.00% RSS_KIB:17920 MEM:0.11269% STATE:S THREADS:1 WCHAN:do_select
[2026-09-18T09:11:10.499+00:00] PID:2445059 CPU:0.00% RSS_KIB:2048 MEM:0.01288% STATE:S THREADS:1 WCHAN:do_wait
[2026-09-18T09:11:10.500+00:00] PID:2445074 CPU:0.00% RSS_KIB:17920 MEM:0.11269% STATE:S THREADS:1 WCHAN:do_select
[2026-09-18T09:11:11.002+00:00] PID:2445059 CPU:0.00% RSS_KIB:2048 MEM:0.01288% STATE:S THREADS:1 WCHAN:do_wait
[2026-09-18T09:11:11.002+00:00] PID:2445074 CPU:0.00% RSS_KIB:17920 MEM:0.11269% STATE:S THREADS:1 WCHAN:do_select
[2026-09-18T09:11:11.505+00:00] PID:2445059 CPU:0.00% RSS_KIB:2048 MEM:0.01288% STATE:S THREADS:1 WCHAN:do_wait
[2026-09-18T09:11:11.505+00:00] PID:2445074 CPU:0.00% RSS_KIB:17920 MEM:0.11269% STATE:S THREADS:1 WCHAN:do_select
[2026-09-18T09:11:12.007+00:00] PID:2445059 CPU:0.00% RSS_KIB:2048 MEM:0.01288% STATE:S THREADS:1 WCHAN:do_wait
[2026-09-18T09:11:12.008+00:00] PID:2445074 CPU:7.95% RSS_KIB:17920 MEM:0.11269% STATE:S THREADS:1 WCHAN:do_select
[2026-09-18T09:11:12.510+00:00] PID:2445059 CPU:0.00% RSS_KIB:2048 MEM:0.01288% STATE:S THREADS:1 WCHAN:do_wait
[2026-09-18T09:11:12.510+00:00] PID:2445074 CPU:0.00% RSS_KIB:17920 MEM:0.11269% STATE:S THREADS:1 WCHAN:do_select
[2026-09-18T09:11:13.013+00:00] PID:2445059 CPU:0.00% RSS_KIB:2048 MEM:0.01288% STATE:S THREADS:1 WCHAN:do_wait
[2026-09-18T09:11:13.013+00:00] PID:2445074 CPU:0.00% RSS_KIB:17920 MEM:0.11269% STATE:S THREADS:1 WCHAN:do_select
[2026-09-18T09:11:13.515+00:00] PID:2445059 CPU:0.00% RSS_KIB:2048 MEM:0.01288% STATE:S THREADS:1 WCHAN:do_wait
[2026-09-18T09:11:13.516+00:00] PID:2445074 CPU:0.00% RSS_KIB:17920 MEM:0.11269% STATE:S THREADS:1 WCHAN:do_select
[2026-09-18T09:11:14.019+00:00] PID:2445059 CPU:0.00% RSS_KIB:2048 MEM:0.01288% STATE:S THREADS:1 WCHAN:do_wait
[2026-09-18T09:11:14.020+00:00] PID:2445074 CPU:0.00% RSS_KIB:17920 MEM:0.11269% STATE:S THREADS:1 WCHAN:do_select
[2026-09-18T09:11:14.522+00:00] PID:2445059 CPU:0.00% RSS_KIB:2048 MEM:0.01288% STATE:S THREADS:1 WCHAN:do_wait
[2026-09-18T09:11:14.522+00:00] PID:2445074 CPU:0.00% RSS_KIB:17920 MEM:0.11269% STATE:S THREADS:1 WCHAN:do_select
[2026-09-18T09:11:15.024+00:00] PID:2445059 CPU:0.00% RSS_KIB:2048 MEM:0.01288% STATE:S THREADS:1 WCHAN:do_wait
[2026-09-18T09:11:15.024+00:00] PID:2445074 CPU:7.96% RSS_KIB:17920 MEM:0.11269% STATE:R THREADS:1 WCHAN:0
[2026-09-18T09:11:15.527+00:00] PID:2445059 CPU:0.00% RSS_KIB:2048 MEM:0.01288% STATE:S THREADS:1 WCHAN:do_wait
[2026-09-18T09:11:15.527+00:00] PID:2445074 CPU:1.99% RSS_KIB:17920 MEM:0.11269% STATE:S THREADS:1 WCHAN:do_select
[2026-09-18T09:11:16.030+00:00] PID:2445059 CPU:0.00% RSS_KIB:2048 MEM:0.01288% STATE:S THREADS:1 WCHAN:do_wait
[2026-09-18T09:11:16.030+00:00] PID:2445074 CPU:0.00% RSS_KIB:17920 MEM:0.11269% STATE:S THREADS:1 WCHAN:do_select
[2026-09-18T09:11:16.532+00:00] PID:2445059 CPU:0.00% RSS_KIB:2048 MEM:0.01288% STATE:S THREADS:1 WCHAN:do_wait
[2026-09-18T09:11:16.533+00:00] PID:2445074 CPU:0.00% RSS_KIB:17920 MEM:0.11269% STATE:S THREADS:1 WCHAN:do_select
[2026-09-18T09:11:17.036+00:00] PID:2445059 CPU:0.00% RSS_KIB:2048 MEM:0.01288% STATE:S THREADS:1 WCHAN:do_wait
[2026-09-18T09:11:17.037+00:00] PID:2445074 CPU:0.00% RSS_KIB:17920 MEM:0.11269% STATE:S THREADS:1 WCHAN:do_select
[2026-09-18T09:11:17.539+00:00] PID:2445059 CPU:0.00% RSS_KIB:2048 MEM:0.01288% STATE:S THREADS:1 WCHAN:do_wait
[2026-09-18T09:11:17.539+00:00] PID:2445074 CPU:0.00% RSS_KIB:17920 MEM:0.11269% STATE:S THREADS:1 WCHAN:do_select
[2026-09-18T09:11:18.041+00:00] PID:2445059 CPU:0.00% RSS_KIB:2048 MEM:0.01288% STATE:S THREADS:1 WCHAN:do_wait
[2026-09-18T09:11:18.042+00:00] PID:2445074 CPU:0.00% RSS_KIB:17920 MEM:0.11269% STATE:S THREADS:1 WCHAN:do_select
[2026-09-18T09:11:18.544+00:00] PID:2445059 CPU:0.00% RSS_KIB:2048 MEM:0.01288% STATE:S THREADS:1 WCHAN:do_wait
[2026-09-18T09:11:18.545+00:00] PID:2445074 CPU:9.95% RSS_KIB:17920 MEM:0.11269% STATE:S THREADS:1 WCHAN:do_select
[2026-09-18T09:11:19.047+00:00] PID:2445059 CPU:0.00% RSS_KIB:2048 MEM:0.01288% STATE:S THREADS:1 WCHAN:do_wait
[2026-09-18T09:11:19.047+00:00] PID:2445074 CPU:0.00% RSS_KIB:17920 MEM:0.11269% STATE:S THREADS:1 WCHAN:do_select
[2026-09-18T09:11:19.549+00:00] PID:2445059 CPU:0.00% RSS_KIB:2048 MEM:0.01288% STATE:S THREADS:1 WCHAN:do_wait
[2026-09-18T09:11:19.550+00:00] PID:2445074 CPU:0.00% RSS_KIB:17920 MEM:0.11269% STATE:S THREADS:1 WCHAN:do_select
[2026-09-18T09:11:20.052+00:00] PID:2445059 CPU:0.00% RSS_KIB:2048 MEM:0.01288% STATE:S THREADS:1 WCHAN:do_wait
[2026-09-18T09:11:20.053+00:00] PID:2445074 CPU:0.00% RSS_KIB:17920 MEM:0.11269% STATE:S THREADS:1 WCHAN:do_select
[2026-09-18T09:11:20.554+00:00] PID:2445059 CPU:0.00% RSS_KIB:2048 MEM:0.01288% STATE:S THREADS:1 WCHAN:do_wait
[2026-09-18T09:11:20.555+00:00] PID:2445074 CPU:0.00% RSS_KIB:17920 MEM:0.11269% STATE:S THREADS:1 WCHAN:do_select
[2026-09-18T09:11:21.058+00:00] PID:2445059 CPU:0.00% RSS_KIB:2048 MEM:0.01288% STATE:S THREADS:1 WCHAN:do_wait
[2026-09-18T09:11:21.059+00:00] PID:2445074 CPU:0.00% RSS_KIB:17920 MEM:0.11269% STATE:S THREADS:1 WCHAN:do_select
[2026-09-18T09:11:21.561+00:00] EVENT:PROCESS_EXITED
