[2026-09-18T09:17:13.303+00:00] PID:2451248 CPU:NA% RSS_KIB:1792 MEM:0.01127% STATE:D THREADS:1 WCHAN:0
[2026-09-18T09:17:13.805+00:00] PID:2451248 CPU:7.97% RSS_KIB:1920 MEM:0.01207% STATE:S THREADS:1 WCHAN:do_wait
[2026-09-18T09:17:13.806+00:00] PID:2451259 CPU:NA% RSS_KIB:17664 MEM:0.11108% STATE:S THREADS:1 WCHAN:do_select
[2026-09-18T09:17:14.307+00:00] PID:2451248 CPU:0.00% RSS_KIB:1920 MEM:0.01207% STATE:S THREADS:1 WCHAN:do_wait
[2026-09-18T09:17:14.308+00:00] PID:2451259 CPU:0.00% RSS_KIB:17664 MEM:0.11108% STATE:S THREADS:1 WCHAN:do_select
[2026-09-18T09:17:14.810+00:00] PID:2451248 CPU:0.00% RSS_KIB:1920 MEM:0.01207% STATE:S THREADS:1 WCHAN:do_wait
[2026-09-18T09:17:14.812+00:00] PID:2451259 CPU:0.00% RSS_KIB:17664 MEM:0.11108% STATE:S THREADS:1 WCHAN:do_select
[2026-09-18T09:17:15.314+00:00] PID:2451248 CPU:0.00% RSS_KIB:1920 MEM:0.01207% STATE:S THREADS:1 WCHAN:do_wait
[2026-09-18T09:17:15.315+00:00] PID:2451259 CPU:0.00% RSS_KIB:17664 MEM:0.11108% STATE:S THREADS:1 WCHAN:do_select
[2026-09-18T09:17:15.817+00:00] PID:2451248 CPU:0.00% RSS_KIB:1920 MEM:0.01207% STATE:S THREADS:1 WCHAN:do_wait
[2026-09-18T09:17:15.818+00:00] PID:2451259 CPU:1.99% RSS_KIB:17792 MEM:0.11189% STATE:S THREADS:1 WCHAN:do_select
[2026-09-18T09:17:16.320+00:00] PID:2451248 CPU:0.00% RSS_KIB:1920 MEM:0.01207% STATE:S THREADS:1 WCHAN:do_wait
[2026-09-18T09:17:16.320+00:00] PID:2451259 CPU:0.00% RSS_KIB:17792 MEM:0.11189% STATE:S THREADS:1 WCHAN:do_select
[2026-09-18T09:17:16.823+00:00] PID:2451248 CPU:0.00% RSS_KIB:1920 MEM:0.01207% STATE:S THREADS:1 WCHAN:do_wait
[2026-09-18T09:17:16.823+00:00] PID:2451259 CPU:3.98% RSS_KIB:43648 MEM:0.27448% STATE:S THREADS:3 WCHAN:futex_wait_queue
[2026-09-18T09:17:17.325+00:00] PID:2451248 CPU:0.00% RSS_KIB:1920 MEM:0.01207% STATE:S THREADS:1 WCHAN:do_wait
[2026-09-18T09:17:17.325+00:00] PID:2451259 CPU:0.00% RSS_KIB:43648 MEM:0.27448% STATE:S THREADS:3 WCHAN:futex_wait_queue
[2026-09-18T09:17:17.827+00:00] PID:2451248 CPU:0.00% RSS_KIB:1920 MEM:0.01207% STATE:S THREADS:1 WCHAN:do_wait
[2026-09-18T09:17:17.828+00:00] PID:2451259 CPU:0.00% RSS_KIB:43648 MEM:0.27448% STATE:S THREADS:3 WCHAN:futex_wait_queue
[2026-09-18T09:17:18.330+00:00] PID:2451248 CPU:0.00% RSS_KIB:1920 MEM:0.01207% STATE:S THREADS:1 WCHAN:do_wait
[2026-09-18T09:17:18.331+00:00] PID:2451259 CPU:0.00% RSS_KIB:43648 MEM:0.27448% STATE:S THREADS:3 WCHAN:futex_wait_queue
[2026-09-18T09:17:18.833+00:00] PID:2451248 CPU:0.00% RSS_KIB:1920 MEM:0.01207% STATE:S THREADS:1 WCHAN:do_wait
[2026-09-18T09:17:18.833+00:00] PID:2451259 CPU:0.00% RSS_KIB:43648 MEM:0.27448% STATE:S THREADS:3 WCHAN:futex_wait_queue
[2026-09-18T09:17:19.335+00:00] PID:2451248 CPU:0.00% RSS_KIB:1920 MEM:0.01207% STATE:S THREADS:1 WCHAN:do_wait
[2026-09-18T09:17:19.336+00:00] PID:2451259 CPU:0.00% RSS_KIB:43648 MEM:0.27448% STATE:S THREADS:3 WCHAN:futex_wait_queue
[2026-09-18T09:17:19.839+00:00] PID:2451248 CPU:0.00% RSS_KIB:1920 MEM:0.01207% STATE:S THREADS:1 WCHAN:do_wait
[2026-09-18T09:17:19.839+00:00] PID:2451259 CPU:3.98% RSS_KIB:69248 MEM:0.43547% STATE:S THREADS:3 WCHAN:futex_wait_queue
[2026-09-18T09:17:20.341+00:00] PID:2451248 CPU:0.00% RSS_KIB:1920 MEM:0.01207% STATE:S THREADS:1 WCHAN:do_wait
[2026-09-18T09:17:20.342+00:00] PID:2451259 CPU:0.00% RSS_KIB:69248 MEM:0.43547% STATE:S THREADS:3 WCHAN:futex_wait_queue
[2026-09-18T09:17:20.844+00:00] PID:2451248 CPU:0.00% RSS_KIB:1920 MEM:0.01207% STATE:S THREADS:1 WCHAN:do_wait
[2026-09-18T09:17:20.844+00:00] PID:2451259 CPU:0.00% RSS_KIB:69248 MEM:0.43547% STATE:S THREADS:3 WCHAN:futex_wait_queue
[2026-09-18T09:17:21.347+00:00] PID:2451248 CPU:0.00% RSS_KIB:1920 MEM:0.01207% STATE:S THREADS:1 WCHAN:do_wait
[2026-09-18T09:17:21.347+00:00] PID:2451259 CPU:0.00% RSS_KIB:69248 MEM:0.43547% STATE:S THREADS:3 WCHAN:futex_wait_queue
[2026-09-18T09:17:21.850+00:00] PID:2451248 CPU:0.00% RSS_KIB:1920 MEM:0.01207% STATE:S THREADS:1 WCHAN:do_wait
[2026-09-18T09:17:21.850+00:00] PID:2451259 CPU:0.00% RSS_KIB:69248 MEM:0.43547% STATE:S THREADS:3 WCHAN:futex_wait_queue
[2026-09-18T09:17:22.352+00:00] PID:2451248 CPU:0.00% RSS_KIB:1920 MEM:0.01207% STATE:S THREADS:1 WCHAN:do_wait
[2026-09-18T09:17:22.353+00:00] PID:2451259 CPU:0.00% RSS_KIB:69248 MEM:0.43547% STATE:S THREADS:3 WCHAN:futex_wait_queue
[2026-09-18T09:17:22.855+00:00] PID:2451248 CPU:0.00% RSS_KIB:1920 MEM:0.01207% STATE:S THREADS:1 WCHAN:do_wait
[2026-09-18T09:17:22.855+00:00] PID:2451259 CPU:7.96% RSS_KIB:94848 MEM:0.59646% STATE:S THREADS:3 WCHAN:futex_wait_queue
[2026-09-18T09:17:23.357+00:00] PID:2451248 CPU:0.00% RSS_KIB:1920 MEM:0.01207% STATE:S THREADS:1 WCHAN:do_wait
[2026-09-18T09:17:23.358+00:00] PID:2451259 CPU:0.00% RSS_KIB:94848 MEM:0.59646% STATE:S THREADS:3 WCHAN:futex_wait_queue
[2026-09-18T09:17:23.860+00:00] PID:2451248 CPU:0.00% RSS_KIB:1920 MEM:0.01207% STATE:S THREADS:1 WCHAN:do_wait
[2026-09-18T09:17:23.860+00:00] PID:2451259 CPU:0.00% RSS_KIB:94848 MEM:0.59646% STATE:S THREADS:3 WCHAN:futex_wait_queue
[2026-09-18T09:17:24.363+00:00] PID:2451248 CPU:0.00% RSS_KIB:1920 MEM:0.01207% STATE:S THREADS:1 WCHAN:do_wait
[2026-09-18T09:17:24.363+00:00] PID:2451259 CPU:0.00% RSS_KIB:94848 MEM:0.59646% STATE:S THREADS:3 WCHAN:futex_wait_queue
[2026-09-18T09:17:24.865+00:00] PID:2451248 CPU:0.00% RSS_KIB:1920 MEM:0.01207% STATE:S THREADS:1 WCHAN:do_wait
[2026-09-18T09:17:24.866+00:00] PID:2451259 CPU:0.00% RSS_KIB:94848 MEM:0.59646% STATE:S THREADS:3 WCHAN:futex_wait_queue
[2026-09-18T09:17:25.368+00:00] PID:2451248 CPU:0.00% RSS_KIB:1920 MEM:0.01207% STATE:S THREADS:1 WCHAN:do_wait
[2026-09-18T09:17:25.368+00:00] PID:2451259 CPU:0.00% RSS_KIB:94848 MEM:0.59646% STATE:S THREADS:3 WCHAN:futex_wait_queue
[2026-09-18T09:17:25.871+00:00] PID:2451248 CPU:0.00% RSS_KIB:1920 MEM:0.01207% STATE:S THREADS:1 WCHAN:do_wait
[2026-09-18T09:17:25.871+00:00] PID:2451259 CPU:0.00% RSS_KIB:120448 MEM:0.75744% STATE:S THREADS:3 WCHAN:futex_wait_queue
[2026-09-18T09:17:26.373+00:00] PID:2451248 CPU:0.00% RSS_KIB:1920 MEM:0.01207% STATE:S THREADS:1 WCHAN:do_wait
[2026-09-18T09:17:26.373+00:00] PID:2451259 CPU:3.98% RSS_KIB:120448 MEM:0.75744% STATE:S THREADS:3 WCHAN:futex_wait_queue
[2026-09-18T09:17:26.876+00:00] PID:2451248 CPU:0.00% RSS_KIB:1920 MEM:0.01207% STATE:S THREADS:1 WCHAN:do_wait
[2026-09-18T09:17:26.876+00:00] PID:2451259 CPU:0.00% RSS_KIB:120448 MEM:0.75744% STATE:S THREADS:3 WCHAN:futex_wait_queue
[2026-09-18T09:17:27.379+00:00] PID:2451248 CPU:0.00% RSS_KIB:1920 MEM:0.01207% STATE:S THREADS:1 WCHAN:do_wait
[2026-09-18T09:17:27.379+00:00] PID:2451259 CPU:0.00% RSS_KIB:120448 MEM:0.75744% STATE:S THREADS:3 WCHAN:futex_wait_queue
[2026-09-18T09:17:27.882+00:00] PID:2451248 CPU:0.00% RSS_KIB:1920 MEM:0.01207% STATE:S THREADS:1 WCHAN:do_wait
[2026-09-18T09:17:27.882+00:00] PID:2451259 CPU:0.00% RSS_KIB:120448 MEM:0.75744% STATE:S THREADS:3 WCHAN:futex_wait_queue
[2026-09-18T09:17:28.384+00:00] PID:2451248 CPU:0.00% RSS_KIB:1920 MEM:0.01207% STATE:S THREADS:1 WCHAN:do_wait
[2026-09-18T09:17:28.384+00:00] PID:2451259 CPU:0.00% RSS_KIB:120448 MEM:0.75744% STATE:S THREADS:3 WCHAN:futex_wait_queue
[2026-09-18T09:17:28.887+00:00] PID:2451248 CPU:0.00% RSS_KIB:1920 MEM:0.01207% STATE:S THREADS:1 WCHAN:do_wait
[2026-09-18T09:17:28.887+00:00] PID:2451259 CPU:3.98% RSS_KIB:146048 MEM:0.91843% STATE:S THREADS:3 WCHAN:futex_wait_queue
[2026-09-18T09:17:29.389+00:00] PID:2451248 CPU:0.00% RSS_KIB:1920 MEM:0.01207% STATE:S THREADS:1 WCHAN:do_wait
[2026-09-18T09:17:29.389+00:00] PID:2451259 CPU:5.97% RSS_KIB:146048 MEM:0.91843% STATE:S THREADS:3 WCHAN:futex_wait_queue
[2026-09-18T09:17:29.891+00:00] PID:2451248 CPU:0.00% RSS_KIB:1920 MEM:0.01207% STATE:S THREADS:1 WCHAN:do_wait
[2026-09-18T09:17:29.892+00:00] PID:2451259 CPU:0.00% RSS_KIB:146048 MEM:0.91843% STATE:S THREADS:3 WCHAN:futex_wait_queue
[2026-09-18T09:17:30.395+00:00] PID:2451248 CPU:0.00% RSS_KIB:1920 MEM:0.01207% STATE:S THREADS:1 WCHAN:do_wait
[2026-09-18T09:17:30.395+00:00] PID:2451259 CPU:0.00% RSS_KIB:146048 MEM:0.91843% STATE:S THREADS:3 WCHAN:futex_wait_queue
[2026-09-18T09:17:30.897+00:00] PID:2451248 CPU:0.00% RSS_KIB:1920 MEM:0.01207% STATE:S THREADS:1 WCHAN:do_wait
[2026-09-18T09:17:30.898+00:00] PID:2451259 CPU:0.00% RSS_KIB:146048 MEM:0.91843% STATE:S THREADS:3 WCHAN:futex_wait_queue
[2026-09-18T09:17:31.400+00:00] PID:2451248 CPU:0.00% RSS_KIB:1920 MEM:0.01207% STATE:S THREADS:1 WCHAN:do_wait
[2026-09-18T09:17:31.401+00:00] PID:2451259 CPU:0.00% RSS_KIB:146048 MEM:0.91843% STATE:S THREADS:3 WCHAN:futex_wait_queue
[2026-09-18T09:17:31.903+00:00] PID:2451248 CPU:0.00% RSS_KIB:1920 MEM:0.01207% STATE:S THREADS:1 WCHAN:do_wait
[2026-09-18T09:17:31.903+00:00] PID:2451259 CPU:1.99% RSS_KIB:171648 MEM:1.07942% STATE:S THREADS:3 WCHAN:futex_wait_queue
[2026-09-18T09:17:32.405+00:00] PID:2451248 CPU:0.00% RSS_KIB:1920 MEM:0.01207% STATE:S THREADS:1 WCHAN:do_wait
[2026-09-18T09:17:32.406+00:00] PID:2451259 CPU:3.98% RSS_KIB:171648 MEM:1.07942% STATE:S THREADS:3 WCHAN:futex_wait_queue
[2026-09-18T09:17:32.908+00:00] PID:2451248 CPU:0.00% RSS_KIB:1920 MEM:0.01207% STATE:S THREADS:1 WCHAN:do_wait
[2026-09-18T09:17:32.908+00:00] PID:2451259 CPU:0.00% RSS_KIB:171648 MEM:1.07942% STATE:S THREADS:3 WCHAN:futex_wait_queue
[2026-09-18T09:17:33.410+00:00] PID:2451248 CPU:0.00% RSS_KIB:1920 MEM:0.01207% STATE:S THREADS:1 WCHAN:do_wait
[2026-09-18T09:17:33.410+00:00] PID:2451259 CPU:0.00% RSS_KIB:171648 MEM:1.07942% STATE:S THREADS:3 WCHAN:futex_wait_queue
[2026-09-18T09:17:33.912+00:00] PID:2451248 CPU:0.00% RSS_KIB:1920 MEM:0.01207% STATE:S THREADS:1 WCHAN:do_wait
[2026-09-18T09:17:33.913+00:00] PID:2451259 CPU:0.00% RSS_KIB:171648 MEM:1.07942% STATE:S THREADS:3 WCHAN:futex_wait_queue
[2026-09-18T09:17:34.415+00:00] PID:2451248 CPU:0.00% RSS_KIB:1920 MEM:0.01207% STATE:S THREADS:1 WCHAN:do_wait
[2026-09-18T09:17:34.415+00:00] PID:2451259 CPU:0.00% RSS_KIB:171648 MEM:1.07942% STATE:S THREADS:3 WCHAN:futex_wait_queue
[2026-09-18T09:17:34.918+00:00] PID:2451248 CPU:0.00% RSS_KIB:1920 MEM:0.01207% STATE:S THREADS:1 WCHAN:do_wait
[2026-09-18T09:17:34.918+00:00] PID:2451259 CPU:3.98% RSS_KIB:197248 MEM:1.24041% STATE:S THREADS:3 WCHAN:futex_wait_queue
[2026-09-18T09:17:35.420+00:00] PID:2451248 CPU:0.00% RSS_KIB:1920 MEM:0.01207% STATE:S THREADS:1 WCHAN:do_wait
[2026-09-18T09:17:35.421+00:00] PID:2451259 CPU:5.97% RSS_KIB:197248 MEM:1.24041% STATE:S THREADS:3 WCHAN:futex_wait_queue
[2026-09-18T09:17:35.922+00:00] PID:2451248 CPU:0.00% RSS_KIB:1920 MEM:0.01207% STATE:S THREADS:1 WCHAN:do_wait
[2026-09-18T09:17:35.923+00:00] PID:2451259 CPU:0.00% RSS_KIB:197248 MEM:1.24041% STATE:S THREADS:3 WCHAN:futex_wait_queue
[2026-09-18T09:17:36.425+00:00] PID:2451248 CPU:0.00% RSS_KIB:1920 MEM:0.01207% STATE:S THREADS:1 WCHAN:do_wait
[2026-09-18T09:17:36.425+00:00] PID:2451259 CPU:0.00% RSS_KIB:197248 MEM:1.24041% STATE:S THREADS:3 WCHAN:futex_wait_queue
[2026-09-18T09:17:36.927+00:00] PID:2451248 CPU:0.00% RSS_KIB:1920 MEM:0.01207% STATE:S THREADS:1 WCHAN:do_wait
[2026-09-18T09:17:36.927+00:00] PID:2451259 CPU:0.00% RSS_KIB:197248 MEM:1.24041% STATE:S THREADS:3 WCHAN:futex_wait_queue
[2026-09-18T09:17:37.429+00:00] PID:2451248 CPU:0.00% RSS_KIB:1920 MEM:0.01207% STATE:S THREADS:1 WCHAN:do_wait
[2026-09-18T09:17:37.429+00:00] PID:2451259 CPU:0.00% RSS_KIB:197248 MEM:1.24041% STATE:S THREADS:3 WCHAN:futex_wait_queue
[2026-09-18T09:17:37.931+00:00] PID:2451248 CPU:0.00% RSS_KIB:1920 MEM:0.01207% STATE:S THREADS:1 WCHAN:do_wait
[2026-09-18T09:17:37.932+00:00] PID:2451259 CPU:3.98% RSS_KIB:222848 MEM:1.40139% STATE:S THREADS:3 WCHAN:futex_wait_queue
[2026-09-18T09:17:38.434+00:00] PID:2451248 CPU:0.00% RSS_KIB:1920 MEM:0.01207% STATE:S THREADS:1 WCHAN:do_wait
[2026-09-18T09:17:38.435+00:00] PID:2451259 CPU:5.97% RSS_KIB:222848 MEM:1.40139% STATE:S THREADS:3 WCHAN:futex_wait_queue
[2026-09-18T09:17:38.938+00:00] PID:2451248 CPU:0.00% RSS_KIB:1920 MEM:0.01207% STATE:S THREADS:1 WCHAN:do_wait
[2026-09-18T09:17:38.938+00:00] PID:2451259 CPU:0.00% RSS_KIB:222848 MEM:1.40139% STATE:S THREADS:3 WCHAN:futex_wait_queue
[2026-09-18T09:17:39.440+00:00] PID:2451248 CPU:0.00% RSS_KIB:1920 MEM:0.01207% STATE:S THREADS:1 WCHAN:do_wait
[2026-09-18T09:17:39.441+00:00] PID:2451259 CPU:0.00% RSS_KIB:222848 MEM:1.40139% STATE:S THREADS:3 WCHAN:futex_wait_queue
[2026-09-18T09:17:39.943+00:00] PID:2451248 CPU:0.00% RSS_KIB:1920 MEM:0.01207% STATE:S THREADS:1 WCHAN:do_wait
[2026-09-18T09:17:39.943+00:00] PID:2451259 CPU:0.00% RSS_KIB:222848 MEM:1.40139% STATE:S THREADS:3 WCHAN:futex_wait_queue
[2026-09-18T09:17:40.445+00:00] PID:2451248 CPU:0.00% RSS_KIB:1920 MEM:0.01207% STATE:S THREADS:1 WCHAN:do_wait
[2026-09-18T09:17:40.446+00:00] PID:2451259 CPU:0.00% RSS_KIB:222848 MEM:1.40139% STATE:S THREADS:3 WCHAN:futex_wait_queue
[2026-09-18T09:17:40.948+00:00] PID:2451248 CPU:0.00% RSS_KIB:1920 MEM:0.01207% STATE:S THREADS:1 WCHAN:do_wait
[2026-09-18T09:17:40.948+00:00] PID:2451259 CPU:3.98% RSS_KIB:248448 MEM:1.56238% STATE:S THREADS:3 WCHAN:futex_wait_queue
[2026-09-18T09:17:41.450+00:00] PID:2451248 CPU:0.00% RSS_KIB:1920 MEM:0.01207% STATE:S THREADS:1 WCHAN:do_wait
[2026-09-18T09:17:41.450+00:00] PID:2451259 CPU:0.00% RSS_KIB:248448 MEM:1.56238% STATE:S THREADS:3 WCHAN:futex_wait_queue
[2026-09-18T09:17:41.952+00:00] PID:2451248 CPU:0.00% RSS_KIB:1920 MEM:0.01207% STATE:S THREADS:1 WCHAN:do_wait
[2026-09-18T09:17:41.953+00:00] PID:2451259 CPU:5.97% RSS_KIB:248448 MEM:1.56238% STATE:S THREADS:3 WCHAN:futex_wait_queue
[2026-09-18T09:17:42.455+00:00] PID:2451248 CPU:0.00% RSS_KIB:1920 MEM:0.01207% STATE:S THREADS:1 WCHAN:do_wait
[2026-09-18T09:17:42.456+00:00] PID:2451259 CPU:0.00% RSS_KIB:248448 MEM:1.56238% STATE:S THREADS:3 WCHAN:futex_wait_queue
[2026-09-18T09:17:42.958+00:00] PID:2451248 CPU:0.00% RSS_KIB:1920 MEM:0.01207% STATE:S THREADS:1 WCHAN:do_wait
[2026-09-18T09:17:42.958+00:00] PID:2451259 CPU:0.00% RSS_KIB:248448 MEM:1.56238% STATE:S THREADS:3 WCHAN:futex_wait_queue
[2026-09-18T09:17:43.460+00:00] PID:2451248 CPU:0.00% RSS_KIB:1920 MEM:0.01207% STATE:S THREADS:1 WCHAN:do_wait
[2026-09-18T09:17:43.460+00:00] PID:2451259 CPU:0.00% RSS_KIB:248448 MEM:1.56238% STATE:S THREADS:3 WCHAN:futex_wait_queue
[2026-09-18T09:17:43.962+00:00] PID:2451248 CPU:0.00% RSS_KIB:1920 MEM:0.01207% STATE:S THREADS:1 WCHAN:do_wait
[2026-09-18T09:17:43.963+00:00] PID:2451259 CPU:1.99% RSS_KIB:274048 MEM:1.72337% STATE:S THREADS:3 WCHAN:futex_wait_queue
[2026-09-18T09:17:44.465+00:00] PID:2451248 CPU:0.00% RSS_KIB:1920 MEM:0.01207% STATE:S THREADS:1 WCHAN:do_wait
[2026-09-18T09:17:44.465+00:00] PID:2451259 CPU:0.00% RSS_KIB:274048 MEM:1.72337% STATE:S THREADS:3 WCHAN:futex_wait_queue
[2026-09-18T09:17:44.967+00:00] PID:2451248 CPU:0.00% RSS_KIB:1920 MEM:0.01207% STATE:S THREADS:1 WCHAN:do_wait
[2026-09-18T09:17:44.968+00:00] PID:2451259 CPU:7.96% RSS_KIB:274048 MEM:1.72337% STATE:S THREADS:3 WCHAN:futex_wait_queue
[2026-09-18T09:17:45.470+00:00] PID:2451248 CPU:0.00% RSS_KIB:1920 MEM:0.01207% STATE:S THREADS:1 WCHAN:do_wait
[2026-09-18T09:17:45.470+00:00] PID:2451259 CPU:0.00% RSS_KIB:274048 MEM:1.72337% STATE:S THREADS:3 WCHAN:futex_wait_queue
[2026-09-18T09:17:45.972+00:00] PID:2451248 CPU:0.00% RSS_KIB:1920 MEM:0.01207% STATE:S THREADS:1 WCHAN:do_wait
[2026-09-18T09:17:45.973+00:00] PID:2451259 CPU:0.00% RSS_KIB:274048 MEM:1.72337% STATE:S THREADS:3 WCHAN:futex_wait_queue
[2026-09-18T09:17:46.475+00:00] PID:2451248 CPU:0.00% RSS_KIB:1920 MEM:0.01207% STATE:S THREADS:1 WCHAN:do_wait
[2026-09-18T09:17:46.475+00:00] PID:2451259 CPU:0.00% RSS_KIB:274048 MEM:1.72337% STATE:S THREADS:3 WCHAN:futex_wait_queue
[2026-09-18T09:17:46.978+00:00] PID:2451248 CPU:0.00% RSS_KIB:1920 MEM:0.01207% STATE:S THREADS:1 WCHAN:do_wait
[2026-09-18T09:17:46.979+00:00] PID:2451259 CPU:3.98% RSS_KIB:299648 MEM:1.88435% STATE:S THREADS:3 WCHAN:futex_wait_queue
[2026-09-18T09:17:47.481+00:00] PID:2451248 CPU:0.00% RSS_KIB:1920 MEM:0.01207% STATE:S THREADS:1 WCHAN:do_wait
[2026-09-18T09:17:47.481+00:00] PID:2451259 CPU:0.00% RSS_KIB:299648 MEM:1.88435% STATE:S THREADS:3 WCHAN:futex_wait_queue
[2026-09-18T09:17:47.984+00:00] PID:2451248 CPU:0.00% RSS_KIB:1920 MEM:0.01207% STATE:S THREADS:1 WCHAN:do_wait
[2026-09-18T09:17:47.984+00:00] PID:2451259 CPU:5.97% RSS_KIB:299648 MEM:1.88435% STATE:S THREADS:3 WCHAN:futex_wait_queue
[2026-09-18T09:17:48.486+00:00] PID:2451248 CPU:0.00% RSS_KIB:1920 MEM:0.01207% STATE:S THREADS:1 WCHAN:do_wait
[2026-09-18T09:17:48.487+00:00] PID:2451259 CPU:0.00% RSS_KIB:299648 MEM:1.88435% STATE:S THREADS:3 WCHAN:futex_wait_queue
[2026-09-18T09:17:48.989+00:00] PID:2451248 CPU:0.00% RSS_KIB:1920 MEM:0.01207% STATE:S THREADS:1 WCHAN:do_wait
[2026-09-18T09:17:48.989+00:00] PID:2451259 CPU:0.00% RSS_KIB:299648 MEM:1.88435% STATE:S THREADS:3 WCHAN:futex_wait_queue
[2026-09-18T09:17:49.491+00:00] PID:2451248 CPU:0.00% RSS_KIB:1920 MEM:0.01207% STATE:S THREADS:1 WCHAN:do_wait
[2026-09-18T09:17:49.491+00:00] PID:2451259 CPU:0.00% RSS_KIB:299648 MEM:1.88435% STATE:S THREADS:3 WCHAN:futex_wait_queue
[2026-09-18T09:17:49.993+00:00] PID:2451248 CPU:0.00% RSS_KIB:1920 MEM:0.01207% STATE:S THREADS:1 WCHAN:do_wait
[2026-09-18T09:17:49.994+00:00] PID:2451259 CPU:1.99% RSS_KIB:325248 MEM:2.04534% STATE:S THREADS:3 WCHAN:futex_wait_queue
[2026-09-18T09:17:50.496+00:00] PID:2451248 CPU:0.00% RSS_KIB:1920 MEM:0.01207% STATE:S THREADS:1 WCHAN:do_wait
[2026-09-18T09:17:50.496+00:00] PID:2451259 CPU:0.00% RSS_KIB:325248 MEM:2.04534% STATE:S THREADS:3 WCHAN:futex_wait_queue
[2026-09-18T09:17:50.998+00:00] PID:2451248 CPU:0.00% RSS_KIB:1920 MEM:0.01207% STATE:S THREADS:1 WCHAN:do_wait
[2026-09-18T09:17:50.999+00:00] PID:2451259 CPU:3.98% RSS_KIB:325248 MEM:2.04534% STATE:S THREADS:3 WCHAN:futex_wait_queue
[2026-09-18T09:17:51.501+00:00] PID:2451248 CPU:0.00% RSS_KIB:1920 MEM:0.01207% STATE:S THREADS:1 WCHAN:do_wait
[2026-09-18T09:17:51.501+00:00] PID:2451259 CPU:0.00% RSS_KIB:325248 MEM:2.04534% STATE:S THREADS:3 WCHAN:futex_wait_queue
[2026-09-18T09:17:52.004+00:00] PID:2451248 CPU:0.00% RSS_KIB:1920 MEM:0.01207% STATE:S THREADS:1 WCHAN:do_wait
[2026-09-18T09:17:52.004+00:00] PID:2451259 CPU:0.00% RSS_KIB:325248 MEM:2.04534% STATE:S THREADS:3 WCHAN:futex_wait_queue
[2026-09-18T09:17:52.506+00:00] PID:2451248 CPU:0.00% RSS_KIB:1920 MEM:0.01207% STATE:S THREADS:1 WCHAN:do_wait
[2026-09-18T09:17:52.507+00:00] PID:2451259 CPU:0.00% RSS_KIB:325248 MEM:2.04534% STATE:S THREADS:3 WCHAN:futex_wait_queue
[2026-09-18T09:17:53.009+00:00] PID:2451248 CPU:0.00% RSS_KIB:1920 MEM:0.01207% STATE:S THREADS:1 WCHAN:do_wait
[2026-09-18T09:17:53.009+00:00] PID:2451259 CPU:3.98% RSS_KIB:350848 MEM:2.20633% STATE:S THREADS:3 WCHAN:futex_wait_queue
[2026-09-18T09:17:53.512+00:00] PID:2451248 CPU:0.00% RSS_KIB:1920 MEM:0.01207% STATE:S THREADS:1 WCHAN:do_wait
[2026-09-18T09:17:53.512+00:00] PID:2451259 CPU:0.00% RSS_KIB:350848 MEM:2.20633% STATE:S THREADS:3 WCHAN:futex_wait_queue
[2026-09-18T09:17:54.014+00:00] PID:2451248 CPU:0.00% RSS_KIB:1920 MEM:0.01207% STATE:S THREADS:1 WCHAN:do_wait
[2026-09-18T09:17:54.015+00:00] PID:2451259 CPU:3.98% RSS_KIB:350848 MEM:2.20633% STATE:S THREADS:3 WCHAN:futex_wait_queue
[2026-09-18T09:17:54.517+00:00] PID:2451248 CPU:0.00% RSS_KIB:1920 MEM:0.01207% STATE:S THREADS:1 WCHAN:do_wait
[2026-09-18T09:17:54.517+00:00] PID:2451259 CPU:0.00% RSS_KIB:350848 MEM:2.20633% STATE:S THREADS:3 WCHAN:futex_wait_queue
[2026-09-18T09:17:55.019+00:00] PID:2451248 CPU:0.00% RSS_KIB:1920 MEM:0.01207% STATE:S THREADS:1 WCHAN:do_wait
[2026-09-18T09:17:55.020+00:00] PID:2451259 CPU:0.00% RSS_KIB:350848 MEM:2.20633% STATE:S THREADS:3 WCHAN:futex_wait_queue
[2026-09-18T09:17:55.522+00:00] PID:2451248 CPU:0.00% RSS_KIB:1920 MEM:0.01207% STATE:S THREADS:1 WCHAN:do_wait
[2026-09-18T09:17:55.523+00:00] PID:2451259 CPU:0.00% RSS_KIB:350848 MEM:2.20633% STATE:S THREADS:3 WCHAN:futex_wait_queue
[2026-09-18T09:17:56.024+00:00] PID:2451248 CPU:0.00% RSS_KIB:1920 MEM:0.01207% STATE:S THREADS:1 WCHAN:do_wait
[2026-09-18T09:17:56.025+00:00] PID:2451259 CPU:3.98% RSS_KIB:376448 MEM:2.36731% STATE:S THREADS:3 WCHAN:futex_wait_queue
[2026-09-18T09:17:56.527+00:00] PID:2451248 CPU:0.00% RSS_KIB:1920 MEM:0.01207% STATE:S THREADS:1 WCHAN:do_wait
[2026-09-18T09:17:56.527+00:00] PID:2451259 CPU:0.00% RSS_KIB:376448 MEM:2.36731% STATE:S THREADS:3 WCHAN:futex_wait_queue
[2026-09-18T09:17:57.029+00:00] PID:2451248 CPU:0.00% RSS_KIB:1920 MEM:0.01207% STATE:S THREADS:1 WCHAN:do_wait
[2026-09-18T09:17:57.030+00:00] PID:2451259 CPU:0.00% RSS_KIB:376448 MEM:2.36731% STATE:S THREADS:3 WCHAN:futex_wait_queue
[2026-09-18T09:17:57.532+00:00] PID:2451248 CPU:0.00% RSS_KIB:1920 MEM:0.01207% STATE:S THREADS:1 WCHAN:do_wait
[2026-09-18T09:17:57.532+00:00] PID:2451259 CPU:3.98% RSS_KIB:376448 MEM:2.36731% STATE:S THREADS:3 WCHAN:futex_wait_queue
[2026-09-18T09:17:58.034+00:00] PID:2451248 CPU:0.00% RSS_KIB:1920 MEM:0.01207% STATE:S THREADS:1 WCHAN:do_wait
[2026-09-18T09:17:58.035+00:00] PID:2451259 CPU:0.00% RSS_KIB:376448 MEM:2.36731% STATE:S THREADS:3 WCHAN:futex_wait_queue
[2026-09-18T09:17:58.537+00:00] PID:2451248 CPU:0.00% RSS_KIB:1920 MEM:0.01207% STATE:S THREADS:1 WCHAN:do_wait
[2026-09-18T09:17:58.538+00:00] PID:2451259 CPU:0.00% RSS_KIB:376448 MEM:2.36731% STATE:S THREADS:3 WCHAN:futex_wait_queue
[2026-09-18T09:17:59.040+00:00] PID:2451248 CPU:0.00% RSS_KIB:1920 MEM:0.01207% STATE:S THREADS:1 WCHAN:do_wait
[2026-09-18T09:17:59.041+00:00] PID:2451259 CPU:3.98% RSS_KIB:402048 MEM:2.52830% STATE:S THREADS:3 WCHAN:futex_wait_queue
[2026-09-18T09:17:59.543+00:00] PID:2451248 CPU:0.00% RSS_KIB:1920 MEM:0.01207% STATE:S THREADS:1 WCHAN:do_wait
[2026-09-18T09:17:59.543+00:00] PID:2451259 CPU:0.00% RSS_KIB:402048 MEM:2.52830% STATE:S THREADS:3 WCHAN:futex_wait_queue
[2026-09-18T09:18:00.045+00:00] PID:2451248 CPU:0.00% RSS_KIB:1920 MEM:0.01207% STATE:S THREADS:1 WCHAN:do_wait
[2026-09-18T09:18:00.046+00:00] PID:2451259 CPU:0.00% RSS_KIB:402048 MEM:2.52830% STATE:S THREADS:3 WCHAN:futex_wait_queue
[2026-09-18T09:18:00.548+00:00] PID:2451248 CPU:0.00% RSS_KIB:1920 MEM:0.01207% STATE:S THREADS:1 WCHAN:do_wait
[2026-09-18T09:18:00.548+00:00] PID:2451259 CPU:3.98% RSS_KIB:402048 MEM:2.52830% STATE:S THREADS:3 WCHAN:futex_wait_queue
[2026-09-18T09:18:01.050+00:00] PID:2451248 CPU:0.00% RSS_KIB:1920 MEM:0.01207% STATE:S THREADS:1 WCHAN:do_wait
[2026-09-18T09:18:01.050+00:00] PID:2451259 CPU:0.00% RSS_KIB:402048 MEM:2.52830% STATE:S THREADS:3 WCHAN:futex_wait_queue
[2026-09-18T09:18:01.552+00:00] PID:2451248 CPU:0.00% RSS_KIB:1920 MEM:0.01207% STATE:S THREADS:1 WCHAN:do_wait
[2026-09-18T09:18:01.553+00:00] PID:2451259 CPU:0.00% RSS_KIB:402048 MEM:2.52830% STATE:S THREADS:3 WCHAN:futex_wait_queue
[2026-09-18T09:18:02.055+00:00] PID:2451248 CPU:0.00% RSS_KIB:1920 MEM:0.01207% STATE:S THREADS:1 WCHAN:do_wait
[2026-09-18T09:18:02.056+00:00] PID:2451259 CPU:3.98% RSS_KIB:427648 MEM:2.68929% STATE:S THREADS:3 WCHAN:futex_wait_queue
[2026-09-18T09:18:02.558+00:00] PID:2451248 CPU:0.00% RSS_KIB:1920 MEM:0.01207% STATE:S THREADS:1 WCHAN:do_wait
[2026-09-18T09:18:02.559+00:00] PID:2451259 CPU:0.00% RSS_KIB:427648 MEM:2.68929% STATE:S THREADS:3 WCHAN:futex_wait_queue
[2026-09-18T09:18:03.061+00:00] PID:2451248 CPU:0.00% RSS_KIB:1920 MEM:0.01207% STATE:S THREADS:1 WCHAN:do_wait
[2026-09-18T09:18:03.061+00:00] PID:2451259 CPU:0.00% RSS_KIB:427648 MEM:2.68929% STATE:S THREADS:3 WCHAN:futex_wait_queue
[2026-09-18T09:18:03.563+00:00] PID:2451248 CPU:0.00% RSS_KIB:1920 MEM:0.01207% STATE:S THREADS:1 WCHAN:do_wait
[2026-09-18T09:18:03.564+00:00] PID:2451259 CPU:1.99% RSS_KIB:427648 MEM:2.68929% STATE:S THREADS:3 WCHAN:futex_wait_queue
[2026-09-18T09:18:04.066+00:00] PID:2451248 CPU:0.00% RSS_KIB:1920 MEM:0.01207% STATE:S THREADS:1 WCHAN:do_wait
[2026-09-18T09:18:04.066+00:00] PID:2451259 CPU:0.00% RSS_KIB:427648 MEM:2.68929% STATE:S THREADS:3 WCHAN:futex_wait_queue
[2026-09-18T09:18:04.568+00:00] PID:2451248 CPU:0.00% RSS_KIB:1920 MEM:0.01207% STATE:S THREADS:1 WCHAN:do_wait
[2026-09-18T09:18:04.569+00:00] PID:2451259 CPU:0.00% RSS_KIB:427648 MEM:2.68929% STATE:S THREADS:3 WCHAN:futex_wait_queue
[2026-09-18T09:18:05.071+00:00] PID:2451248 CPU:0.00% RSS_KIB:1920 MEM:0.01207% STATE:S THREADS:1 WCHAN:do_wait
[2026-09-18T09:18:05.071+00:00] PID:2451259 CPU:3.98% RSS_KIB:453248 MEM:2.85028% STATE:S THREADS:3 WCHAN:futex_wait_queue
[2026-09-18T09:18:05.573+00:00] PID:2451248 CPU:0.00% RSS_KIB:1920 MEM:0.01207% STATE:S THREADS:1 WCHAN:do_wait
[2026-09-18T09:18:05.574+00:00] PID:2451259 CPU:0.00% RSS_KIB:453248 MEM:2.85028% STATE:S THREADS:3 WCHAN:futex_wait_queue
[2026-09-18T09:18:06.076+00:00] PID:2451248 CPU:0.00% RSS_KIB:1920 MEM:0.01207% STATE:S THREADS:1 WCHAN:do_wait
[2026-09-18T09:18:06.077+00:00] PID:2451259 CPU:0.00% RSS_KIB:453248 MEM:2.85028% STATE:S THREADS:3 WCHAN:futex_wait_queue
[2026-09-18T09:18:06.579+00:00] PID:2451248 CPU:0.00% RSS_KIB:1920 MEM:0.01207% STATE:S THREADS:1 WCHAN:do_wait
[2026-09-18T09:18:06.579+00:00] PID:2451259 CPU:0.00% RSS_KIB:453248 MEM:2.85028% STATE:S THREADS:3 WCHAN:futex_wait_queue
[2026-09-18T09:18:07.081+00:00] PID:2451248 CPU:0.00% RSS_KIB:1920 MEM:0.01207% STATE:S THREADS:1 WCHAN:do_wait
[2026-09-18T09:18:07.082+00:00] PID:2451259 CPU:0.00% RSS_KIB:453248 MEM:2.85028% STATE:S THREADS:3 WCHAN:futex_wait_queue
[2026-09-18T09:18:07.584+00:00] PID:2451248 CPU:0.00% RSS_KIB:1920 MEM:0.01207% STATE:S THREADS:1 WCHAN:do_wait
[2026-09-18T09:18:07.584+00:00] PID:2451259 CPU:0.00% RSS_KIB:453248 MEM:2.85028% STATE:S THREADS:3 WCHAN:futex_wait_queue
[2026-09-18T09:18:08.086+00:00] PID:2451248 CPU:0.00% RSS_KIB:1920 MEM:0.01207% STATE:S THREADS:1 WCHAN:do_wait
[2026-09-18T09:18:08.086+00:00] PID:2451259 CPU:1.99% RSS_KIB:478848 MEM:3.01126% STATE:S THREADS:3 WCHAN:futex_wait_queue
[2026-09-18T09:18:08.588+00:00] PID:2451248 CPU:0.00% RSS_KIB:1920 MEM:0.01207% STATE:S THREADS:1 WCHAN:do_wait
[2026-09-18T09:18:08.589+00:00] PID:2451259 CPU:0.00% RSS_KIB:478848 MEM:3.01126% STATE:S THREADS:3 WCHAN:futex_wait_queue
[2026-09-18T09:18:09.091+00:00] PID:2451248 CPU:0.00% RSS_KIB:1920 MEM:0.01207% STATE:S THREADS:1 WCHAN:do_wait
[2026-09-18T09:18:09.091+00:00] PID:2451259 CPU:0.00% RSS_KIB:478848 MEM:3.01126% STATE:S THREADS:3 WCHAN:futex_wait_queue
[2026-09-18T09:18:09.593+00:00] PID:2451248 CPU:0.00% RSS_KIB:1920 MEM:0.01207% STATE:S THREADS:1 WCHAN:do_wait
[2026-09-18T09:18:09.593+00:00] PID:2451259 CPU:1.99% RSS_KIB:478848 MEM:3.01126% STATE:S THREADS:3 WCHAN:futex_wait_queue
[2026-09-18T09:18:10.096+00:00] PID:2451248 CPU:0.00% RSS_KIB:1920 MEM:0.01207% STATE:S THREADS:1 WCHAN:do_wait
[2026-09-18T09:18:10.096+00:00] PID:2451259 CPU:0.00% RSS_KIB:478848 MEM:3.01126% STATE:S THREADS:3 WCHAN:futex_wait_queue
[2026-09-18T09:18:10.598+00:00] PID:2451248 CPU:0.00% RSS_KIB:1920 MEM:0.01207% STATE:S THREADS:1 WCHAN:do_wait
[2026-09-18T09:18:10.599+00:00] PID:2451259 CPU:0.00% RSS_KIB:478848 MEM:3.01126% STATE:S THREADS:3 WCHAN:futex_wait_queue
[2026-09-18T09:18:11.101+00:00] PID:2451248 CPU:0.00% RSS_KIB:1920 MEM:0.01207% STATE:S THREADS:1 WCHAN:do_wait
[2026-09-18T09:18:11.101+00:00] PID:2451259 CPU:3.98% RSS_KIB:504448 MEM:3.17225% STATE:S THREADS:3 WCHAN:futex_wait_queue
[2026-09-18T09:18:11.604+00:00] PID:2451248 CPU:0.00% RSS_KIB:1920 MEM:0.01207% STATE:S THREADS:1 WCHAN:do_wait
[2026-09-18T09:18:11.605+00:00] PID:2451259 CPU:0.00% RSS_KIB:504448 MEM:3.17225% STATE:S THREADS:3 WCHAN:futex_wait_queue
[2026-09-18T09:18:12.107+00:00] PID:2451248 CPU:0.00% RSS_KIB:1920 MEM:0.01207% STATE:S THREADS:1 WCHAN:do_wait
[2026-09-18T09:18:12.107+00:00] PID:2451259 CPU:0.00% RSS_KIB:504448 MEM:3.17225% STATE:S THREADS:3 WCHAN:futex_wait_queue
[2026-09-18T09:18:12.610+00:00] PID:2451248 CPU:0.00% RSS_KIB:1920 MEM:0.01207% STATE:S THREADS:1 WCHAN:do_wait
[2026-09-18T09:18:12.610+00:00] PID:2451259 CPU:0.00% RSS_KIB:504448 MEM:3.17225% STATE:S THREADS:3 WCHAN:futex_wait_queue
[2026-09-18T09:18:13.112+00:00] PID:2451248 CPU:0.00% RSS_KIB:1920 MEM:0.01207% STATE:S THREADS:1 WCHAN:do_wait
[2026-09-18T09:18:13.112+00:00] PID:2451259 CPU:3.98% RSS_KIB:504448 MEM:3.17225% STATE:S THREADS:3 WCHAN:futex_wait_queue
[2026-09-18T09:18:13.614+00:00] PID:2451248 CPU:0.00% RSS_KIB:1920 MEM:0.01207% STATE:S THREADS:1 WCHAN:do_wait
[2026-09-18T09:18:13.615+00:00] PID:2451259 CPU:0.00% RSS_KIB:504448 MEM:3.17225% STATE:S THREADS:3 WCHAN:futex_wait_queue
[2026-09-18T09:18:14.117+00:00] PID:2451248 CPU:0.00% RSS_KIB:1920 MEM:0.01207% STATE:S THREADS:1 WCHAN:do_wait
[2026-09-18T09:18:14.117+00:00] PID:2451259 CPU:3.98% RSS_KIB:530048 MEM:3.33324% STATE:S THREADS:3 WCHAN:futex_wait_queue
[2026-09-18T09:18:14.620+00:00] PID:2451248 CPU:0.00% RSS_KIB:1920 MEM:0.01207% STATE:S THREADS:1 WCHAN:do_wait
[2026-09-18T09:18:14.621+00:00] PID:2451259 CPU:0.00% RSS_KIB:530048 MEM:3.33324% STATE:S THREADS:3 WCHAN:futex_wait_queue
[2026-09-18T09:18:15.123+00:00] PID:2451248 CPU:0.00% RSS_KIB:1920 MEM:0.01207% STATE:S THREADS:1 WCHAN:do_wait
[2026-09-18T09:18:15.123+00:00] PID:2451259 CPU:0.00% RSS_KIB:530048 MEM:3.33324% STATE:S THREADS:3 WCHAN:futex_wait_queue
[2026-09-18T09:18:15.625+00:00] PID:2451248 CPU:0.00% RSS_KIB:1920 MEM:0.01207% STATE:S THREADS:1 WCHAN:do_wait
[2026-09-18T09:18:15.626+00:00] PID:2451259 CPU:0.00% RSS_KIB:530048 MEM:3.33324% STATE:S THREADS:3 WCHAN:futex_wait_queue
[2026-09-18T09:18:16.128+00:00] PID:2451248 CPU:0.00% RSS_KIB:1920 MEM:0.01207% STATE:S THREADS:1 WCHAN:do_wait
[2026-09-18T09:18:16.128+00:00] PID:2451259 CPU:3.98% RSS_KIB:530048 MEM:3.33324% STATE:S THREADS:3 WCHAN:futex_wait_queue
[2026-09-18T09:18:16.631+00:00] PID:2451248 CPU:0.00% RSS_KIB:1920 MEM:0.01207% STATE:S THREADS:1 WCHAN:do_wait
[2026-09-18T09:18:16.631+00:00] PID:2451259 CPU:0.00% RSS_KIB:530048 MEM:3.33324% STATE:S THREADS:3 WCHAN:futex_wait_queue
[2026-09-18T09:18:17.133+00:00] PID:2451248 CPU:0.00% RSS_KIB:1920 MEM:0.01207% STATE:S THREADS:1 WCHAN:do_wait
[2026-09-18T09:18:17.133+00:00] PID:2451259 CPU:1.99% RSS_KIB:530100 MEM:3.33356% STATE:S THREADS:3 WCHAN:futex_wait_queue
[2026-09-18T09:18:17.635+00:00] PID:2451248 CPU:0.00% RSS_KIB:1920 MEM:0.01207% STATE:S THREADS:1 WCHAN:do_wait
[2026-09-18T09:18:17.636+00:00] PID:2451259 CPU:1.99% RSS_KIB:18020 MEM:0.11332% STATE:S THREADS:3 WCHAN:futex_wait_queue
[2026-09-18T09:18:18.138+00:00] PID:2451248 CPU:0.00% RSS_KIB:1920 MEM:0.01207% STATE:S THREADS:1 WCHAN:do_wait
[2026-09-18T09:18:18.138+00:00] PID:2451259 CPU:0.00% RSS_KIB:18020 MEM:0.11332% STATE:S THREADS:3 WCHAN:futex_wait_queue
[2026-09-18T09:18:18.640+00:00] PID:2451248 CPU:0.00% RSS_KIB:1920 MEM:0.01207% STATE:S THREADS:1 WCHAN:do_wait
[2026-09-18T09:18:18.640+00:00] PID:2451259 CPU:0.00% RSS_KIB:18020 MEM:0.11332% STATE:S THREADS:3 WCHAN:futex_wait_queue
[2026-09-18T09:18:19.142+00:00] PID:2451248 CPU:0.00% RSS_KIB:1920 MEM:0.01207% STATE:S THREADS:1 WCHAN:do_wait
[2026-09-18T09:18:19.143+00:00] PID:2451259 CPU:5.97% RSS_KIB:18020 MEM:0.11332% STATE:S THREADS:3 WCHAN:futex_wait_queue
[2026-09-18T09:18:19.645+00:00] PID:2451248 CPU:0.00% RSS_KIB:1920 MEM:0.01207% STATE:S THREADS:1 WCHAN:do_wait
[2026-09-18T09:18:19.646+00:00] PID:2451259 CPU:0.00% RSS_KIB:18020 MEM:0.11332% STATE:S THREADS:3 WCHAN:futex_wait_queue
[2026-09-18T09:18:20.148+00:00] PID:2451248 CPU:0.00% RSS_KIB:1920 MEM:0.01207% STATE:S THREADS:1 WCHAN:do_wait
[2026-09-18T09:18:20.148+00:00] PID:2451259 CPU:0.00% RSS_KIB:18020 MEM:0.11332% STATE:S THREADS:3 WCHAN:futex_wait_queue
[2026-09-18T09:18:20.650+00:00] PID:2451248 CPU:0.00% RSS_KIB:1920 MEM:0.01207% STATE:S THREADS:1 WCHAN:do_wait
[2026-09-18T09:18:20.650+00:00] PID:2451259 CPU:0.00% RSS_KIB:18020 MEM:0.11332% STATE:S THREADS:3 WCHAN:futex_wait_queue
[2026-09-18T09:18:21.152+00:00] PID:2451248 CPU:0.00% RSS_KIB:1920 MEM:0.01207% STATE:S THREADS:1 WCHAN:do_wait
[2026-09-18T09:18:21.153+00:00] PID:2451259 CPU:0.00% RSS_KIB:18020 MEM:0.11332% STATE:S THREADS:3 WCHAN:futex_wait_queue
[2026-09-18T09:18:21.655+00:00] PID:2451248 CPU:0.00% RSS_KIB:1920 MEM:0.01207% STATE:S THREADS:1 WCHAN:do_wait
[2026-09-18T09:18:21.656+00:00] PID:2451259 CPU:0.00% RSS_KIB:18020 MEM:0.11332% STATE:S THREADS:3 WCHAN:futex_wait_queue
[2026-09-18T09:18:22.158+00:00] PID:2451248 CPU:0.00% RSS_KIB:1920 MEM:0.01207% STATE:S THREADS:1 WCHAN:do_wait
[2026-09-18T09:18:22.159+00:00] PID:2451259 CPU:5.97% RSS_KIB:18020 MEM:0.11332% STATE:S THREADS:3 WCHAN:futex_wait_queue
[2026-09-18T09:18:22.661+00:00] PID:2451248 CPU:0.00% RSS_KIB:1920 MEM:0.01207% STATE:S THREADS:1 WCHAN:do_wait
[2026-09-18T09:18:22.661+00:00] PID:2451259 CPU:1.99% RSS_KIB:43620 MEM:0.27431% STATE:S THREADS:3 WCHAN:futex_wait_queue
[2026-09-18T09:18:23.163+00:00] PID:2451248 CPU:0.00% RSS_KIB:1920 MEM:0.01207% STATE:S THREADS:1 WCHAN:do_wait
[2026-09-18T09:18:23.164+00:00] PID:2451259 CPU:0.00% RSS_KIB:43620 MEM:0.27431% STATE:S THREADS:3 WCHAN:futex_wait_queue
[2026-09-18T09:18:23.666+00:00] PID:2451248 CPU:0.00% RSS_KIB:1920 MEM:0.01207% STATE:S THREADS:1 WCHAN:do_wait
[2026-09-18T09:18:23.666+00:00] PID:2451259 CPU:0.00% RSS_KIB:43620 MEM:0.27431% STATE:S THREADS:3 WCHAN:futex_wait_queue
[2026-09-18T09:18:24.168+00:00] PID:2451248 CPU:0.00% RSS_KIB:1920 MEM:0.01207% STATE:S THREADS:1 WCHAN:do_wait
[2026-09-18T09:18:24.169+00:00] PID:2451259 CPU:0.00% RSS_KIB:43620 MEM:0.27431% STATE:S THREADS:3 WCHAN:futex_wait_queue
[2026-09-18T09:18:24.671+00:00] PID:2451248 CPU:0.00% RSS_KIB:1920 MEM:0.01207% STATE:S THREADS:1 WCHAN:do_wait
[2026-09-18T09:18:24.671+00:00] PID:2451259 CPU:0.00% RSS_KIB:43620 MEM:0.27431% STATE:S THREADS:3 WCHAN:futex_wait_queue
[2026-09-18T09:18:25.173+00:00] PID:2451248 CPU:0.00% RSS_KIB:1920 MEM:0.01207% STATE:S THREADS:1 WCHAN:do_wait
[2026-09-18T09:18:25.174+00:00] PID:2451259 CPU:5.97% RSS_KIB:43620 MEM:0.27431% STATE:S THREADS:3 WCHAN:futex_wait_queue
[2026-09-18T09:18:25.676+00:00] PID:2451248 CPU:0.00% RSS_KIB:1920 MEM:0.01207% STATE:S THREADS:1 WCHAN:do_wait
[2026-09-18T09:18:25.676+00:00] PID:2451259 CPU:3.98% RSS_KIB:69220 MEM:0.43529% STATE:S THREADS:3 WCHAN:futex_wait_queue
[2026-09-18T09:18:26.178+00:00] PID:2451248 CPU:0.00% RSS_KIB:1920 MEM:0.01207% STATE:S THREADS:1 WCHAN:do_wait
[2026-09-18T09:18:26.179+00:00] PID:2451259 CPU:0.00% RSS_KIB:69220 MEM:0.43529% STATE:S THREADS:3 WCHAN:futex_wait_queue
[2026-09-18T09:18:26.681+00:00] PID:2451248 CPU:0.00% RSS_KIB:1920 MEM:0.01207% STATE:S THREADS:1 WCHAN:do_wait
[2026-09-18T09:18:26.681+00:00] PID:2451259 CPU:0.00% RSS_KIB:69220 MEM:0.43529% STATE:S THREADS:3 WCHAN:futex_wait_queue
[2026-09-18T09:18:27.183+00:00] PID:2451248 CPU:0.00% RSS_KIB:1920 MEM:0.01207% STATE:S THREADS:1 WCHAN:do_wait
[2026-09-18T09:18:27.184+00:00] PID:2451259 CPU:0.00% RSS_KIB:69220 MEM:0.43529% STATE:S THREADS:3 WCHAN:futex_wait_queue
[2026-09-18T09:18:27.686+00:00] PID:2451248 CPU:0.00% RSS_KIB:1920 MEM:0.01207% STATE:S THREADS:1 WCHAN:do_wait
[2026-09-18T09:18:27.686+00:00] PID:2451259 CPU:0.00% RSS_KIB:69220 MEM:0.43529% STATE:S THREADS:3 WCHAN:futex_wait_queue
[2026-09-18T09:18:28.188+00:00] PID:2451248 CPU:0.00% RSS_KIB:1920 MEM:0.01207% STATE:S THREADS:1 WCHAN:do_wait
[2026-09-18T09:18:28.189+00:00] PID:2451259 CPU:0.00% RSS_KIB:69220 MEM:0.43529% STATE:S THREADS:3 WCHAN:futex_wait_queue
[2026-09-18T09:18:28.691+00:00] PID:2451248 CPU:0.00% RSS_KIB:1920 MEM:0.01207% STATE:S THREADS:1 WCHAN:do_wait
[2026-09-18T09:18:28.692+00:00] PID:2451259 CPU:9.94% RSS_KIB:94820 MEM:0.59628% STATE:S THREADS:3 WCHAN:futex_wait_queue
[2026-09-18T09:18:29.194+00:00] PID:2451248 CPU:0.00% RSS_KIB:1920 MEM:0.01207% STATE:S THREADS:1 WCHAN:do_wait
[2026-09-18T09:18:29.195+00:00] PID:2451259 CPU:0.00% RSS_KIB:94820 MEM:0.59628% STATE:S THREADS:3 WCHAN:futex_wait_queue
[2026-09-18T09:18:29.697+00:00] PID:2451248 CPU:0.00% RSS_KIB:1920 MEM:0.01207% STATE:S THREADS:1 WCHAN:do_wait
[2026-09-18T09:18:29.697+00:00] PID:2451259 CPU:0.00% RSS_KIB:94820 MEM:0.59628% STATE:S THREADS:3 WCHAN:futex_wait_queue
[2026-09-18T09:18:30.199+00:00] PID:2451248 CPU:0.00% RSS_KIB:1920 MEM:0.01207% STATE:S THREADS:1 WCHAN:do_wait
[2026-09-18T09:18:30.200+00:00] PID:2451259 CPU:0.00% RSS_KIB:94820 MEM:0.59628% STATE:S THREADS:3 WCHAN:futex_wait_queue
[2026-09-18T09:18:30.702+00:00] PID:2451248 CPU:0.00% RSS_KIB:1920 MEM:0.01207% STATE:S THREADS:1 WCHAN:do_wait
[2026-09-18T09:18:30.702+00:00] PID:2451259 CPU:0.00% RSS_KIB:94820 MEM:0.59628% STATE:S THREADS:3 WCHAN:futex_wait_queue
[2026-09-18T09:18:31.204+00:00] PID:2451248 CPU:0.00% RSS_KIB:1920 MEM:0.01207% STATE:S THREADS:1 WCHAN:do_wait
[2026-09-18T09:18:31.205+00:00] PID:2451259 CPU:0.00% RSS_KIB:94820 MEM:0.59628% STATE:S THREADS:3 WCHAN:futex_wait_queue
[2026-09-18T09:18:31.707+00:00] PID:2451248 CPU:0.00% RSS_KIB:1920 MEM:0.01207% STATE:S THREADS:1 WCHAN:do_wait
[2026-09-18T09:18:31.707+00:00] PID:2451259 CPU:9.95% RSS_KIB:120420 MEM:0.75727% STATE:S THREADS:3 WCHAN:futex_wait_queue
[2026-09-18T09:18:32.209+00:00] PID:2451248 CPU:0.00% RSS_KIB:1920 MEM:0.01207% STATE:S THREADS:1 WCHAN:do_wait
[2026-09-18T09:18:32.210+00:00] PID:2451259 CPU:0.00% RSS_KIB:120420 MEM:0.75727% STATE:S THREADS:3 WCHAN:futex_wait_queue
[2026-09-18T09:18:32.712+00:00] PID:2451248 CPU:0.00% RSS_KIB:1920 MEM:0.01207% STATE:S THREADS:1 WCHAN:do_wait
[2026-09-18T09:18:32.712+00:00] PID:2451259 CPU:0.00% RSS_KIB:120420 MEM:0.75727% STATE:S THREADS:3 WCHAN:futex_wait_queue
[2026-09-18T09:18:33.214+00:00] PID:2451248 CPU:0.00% RSS_KIB:1920 MEM:0.01207% STATE:S THREADS:1 WCHAN:do_wait
[2026-09-18T09:18:33.214+00:00] PID:2451259 CPU:0.00% RSS_KIB:120420 MEM:0.75727% STATE:S THREADS:3 WCHAN:futex_wait_queue
[2026-09-18T09:18:33.716+00:00] PID:2451248 CPU:0.00% RSS_KIB:1920 MEM:0.01207% STATE:S THREADS:1 WCHAN:do_wait
[2026-09-18T09:18:33.717+00:00] PID:2451259 CPU:0.00% RSS_KIB:120420 MEM:0.75727% STATE:S THREADS:3 WCHAN:futex_wait_queue
[2026-09-18T09:18:34.219+00:00] PID:2451248 CPU:0.00% RSS_KIB:1920 MEM:0.01207% STATE:S THREADS:1 WCHAN:do_wait
[2026-09-18T09:18:34.219+00:00] PID:2451259 CPU:0.00% RSS_KIB:120420 MEM:0.75727% STATE:S THREADS:3 WCHAN:futex_wait_queue
[2026-09-18T09:18:34.721+00:00] PID:2451248 CPU:0.00% RSS_KIB:1920 MEM:0.01207% STATE:S THREADS:1 WCHAN:do_wait
[2026-09-18T09:18:34.722+00:00] PID:2451259 CPU:9.95% RSS_KIB:146020 MEM:0.91826% STATE:S THREADS:3 WCHAN:futex_wait_queue
[2026-09-18T09:18:35.223+00:00] PID:2451248 CPU:0.00% RSS_KIB:1920 MEM:0.01207% STATE:S THREADS:1 WCHAN:do_wait
[2026-09-18T09:18:35.224+00:00] PID:2451259 CPU:0.00% RSS_KIB:146020 MEM:0.91826% STATE:S THREADS:3 WCHAN:futex_wait_queue
[2026-09-18T09:18:35.726+00:00] PID:2451248 CPU:0.00% RSS_KIB:1920 MEM:0.01207% STATE:S THREADS:1 WCHAN:do_wait
[2026-09-18T09:18:35.726+00:00] PID:2451259 CPU:0.00% RSS_KIB:146020 MEM:0.91826% STATE:S THREADS:3 WCHAN:futex_wait_queue
[2026-09-18T09:18:36.228+00:00] PID:2451248 CPU:0.00% RSS_KIB:1920 MEM:0.01207% STATE:S THREADS:1 WCHAN:do_wait
[2026-09-18T09:18:36.229+00:00] PID:2451259 CPU:0.00% RSS_KIB:146020 MEM:0.91826% STATE:S THREADS:3 WCHAN:futex_wait_queue
[2026-09-18T09:18:36.731+00:00] PID:2451248 CPU:0.00% RSS_KIB:1920 MEM:0.01207% STATE:S THREADS:1 WCHAN:do_wait
[2026-09-18T09:18:36.731+00:00] PID:2451259 CPU:0.00% RSS_KIB:146020 MEM:0.91826% STATE:S THREADS:3 WCHAN:futex_wait_queue
[2026-09-18T09:18:37.234+00:00] PID:2451248 CPU:0.00% RSS_KIB:1920 MEM:0.01207% STATE:S THREADS:1 WCHAN:do_wait
[2026-09-18T09:18:37.237+00:00] PID:2451259 CPU:0.00% RSS_KIB:146020 MEM:0.91826% STATE:S THREADS:3 WCHAN:futex_wait_queue
[2026-09-18T09:18:37.738+00:00] PID:2451248 CPU:0.00% RSS_KIB:1920 MEM:0.01207% STATE:S THREADS:1 WCHAN:do_wait
[2026-09-18T09:18:37.739+00:00] PID:2451259 CPU:11.87% RSS_KIB:171620 MEM:1.07924% STATE:S THREADS:3 WCHAN:futex_wait_queue
[2026-09-18T09:18:38.240+00:00] PID:2451248 CPU:0.00% RSS_KIB:1920 MEM:0.01207% STATE:S THREADS:1 WCHAN:do_wait
[2026-09-18T09:18:38.241+00:00] PID:2451259 CPU:0.00% RSS_KIB:171620 MEM:1.07924% STATE:S THREADS:3 WCHAN:futex_wait_queue
[2026-09-18T09:18:38.743+00:00] PID:2451248 CPU:0.00% RSS_KIB:1920 MEM:0.01207% STATE:S THREADS:1 WCHAN:do_wait
[2026-09-18T09:18:38.743+00:00] PID:2451259 CPU:0.00% RSS_KIB:171620 MEM:1.07924% STATE:S THREADS:3 WCHAN:futex_wait_queue
[2026-09-18T09:18:39.246+00:00] PID:2451248 CPU:0.00% RSS_KIB:1920 MEM:0.01207% STATE:S THREADS:1 WCHAN:do_wait
[2026-09-18T09:18:39.246+00:00] PID:2451259 CPU:0.00% RSS_KIB:171620 MEM:1.07924% STATE:S THREADS:3 WCHAN:futex_wait_queue
[2026-09-18T09:18:39.748+00:00] PID:2451248 CPU:0.00% RSS_KIB:1920 MEM:0.01207% STATE:S THREADS:1 WCHAN:do_wait
[2026-09-18T09:18:39.749+00:00] PID:2451259 CPU:0.00% RSS_KIB:171620 MEM:1.07924% STATE:S THREADS:3 WCHAN:futex_wait_queue
[2026-09-18T09:18:40.251+00:00] PID:2451248 CPU:0.00% RSS_KIB:1920 MEM:0.01207% STATE:S THREADS:1 WCHAN:do_wait
[2026-09-18T09:18:40.251+00:00] PID:2451259 CPU:0.00% RSS_KIB:171620 MEM:1.07924% STATE:S THREADS:3 WCHAN:futex_wait_queue
[2026-09-18T09:18:40.753+00:00] PID:2451248 CPU:0.00% RSS_KIB:1920 MEM:0.01207% STATE:S THREADS:1 WCHAN:do_wait
[2026-09-18T09:18:40.754+00:00] PID:2451259 CPU:7.96% RSS_KIB:197220 MEM:1.24023% STATE:S THREADS:3 WCHAN:futex_wait_queue
[2026-09-18T09:18:41.255+00:00] PID:2451248 CPU:0.00% RSS_KIB:1920 MEM:0.01207% STATE:S THREADS:1 WCHAN:do_wait
[2026-09-18T09:18:41.256+00:00] PID:2451259 CPU:0.00% RSS_KIB:197220 MEM:1.24023% STATE:S THREADS:3 WCHAN:futex_wait_queue
[2026-09-18T09:18:41.758+00:00] PID:2451248 CPU:0.00% RSS_KIB:1920 MEM:0.01207% STATE:S THREADS:1 WCHAN:do_wait
[2026-09-18T09:18:41.758+00:00] PID:2451259 CPU:0.00% RSS_KIB:197220 MEM:1.24023% STATE:S THREADS:3 WCHAN:futex_wait_queue
[2026-09-18T09:18:42.260+00:00] PID:2451248 CPU:0.00% RSS_KIB:1920 MEM:0.01207% STATE:S THREADS:1 WCHAN:do_wait
[2026-09-18T09:18:42.260+00:00] PID:2451259 CPU:0.00% RSS_KIB:197220 MEM:1.24023% STATE:S THREADS:3 WCHAN:futex_wait_queue
[2026-09-18T09:18:42.762+00:00] PID:2451248 CPU:0.00% RSS_KIB:1920 MEM:0.01207% STATE:S THREADS:1 WCHAN:do_wait
[2026-09-18T09:18:42.763+00:00] PID:2451259 CPU:0.00% RSS_KIB:197220 MEM:1.24023% STATE:S THREADS:3 WCHAN:futex_wait_queue
[2026-09-18T09:18:43.264+00:00] PID:2451248 CPU:0.00% RSS_KIB:1920 MEM:0.01207% STATE:S THREADS:1 WCHAN:do_wait
[2026-09-18T09:18:43.265+00:00] PID:2451259 CPU:0.00% RSS_KIB:197220 MEM:1.24023% STATE:S THREADS:3 WCHAN:futex_wait_queue
[2026-09-18T09:18:43.767+00:00] EVENT:PROCESS_EXITED
