>>> Starting Agent Boot Sequence...
[1/6] Checking User Account               [OK]
   ... Running as service user 'kjw' (uid=1000)
[2/6] Verifying Environment Variables     [OK]
   ... All required Envs correct
[3/6] Checking Required Files             [OK]
   ... Verified 'secret.key' with correct key string.
[4/6] Checking Port Availability          [OK]
   ... Port 15034 is available.
[5/6] Verifying Log Permission            [OK]
   ... Log directory is writable: /mnt/c/Users/jump0/Desktop/Obsidian/RawData/Codyssey/AI올인원 본과정/AI_SW_Basic/미션4_Linux와 OS/과제2_컴퓨터가 갑자기 느려지거나 멈췄을 때 원인 찾아 고치기/code/evidence/runs/20260918T090643Z-oom-after-033262350/app-logs
[6/6] Verifying Mission Environment       [OK]
   ... MEMORY_LIMIT=128MB, CPU_MAX_OCCUPY=100%, MULTI_THREAD_ENABLE=False
------------------------------------------------------------
All Boot Checks Passed!
Agent READY
2026-09-18 18:06:43,352 [INFO] [SafetyGuard] Process priority lowered (nice=10).
2026-09-18 18:06:43,353 [INFO] Agent listening at port 15034

==================================================
 [ Agent Initiate ] Resource Check 
==================================================
 [ MEMORY ] Limit: 128MB 		[ WARNING: Recommend Over 256MB ]
 [ CPU    ] Limit: 100%  		[ WARNING: Recommend Under 50% ]
 [ THREAD ] Concurrency: False 		[ OK ]
--------------------------------------------------
 >>> SYSTEM STATUS: STABLE. STARTING WORKLOAD MONITORING...
==================================================

2026-09-18 18:06:45,379 [INFO] [MemoryWorker] Current Heap: 25MB
2026-09-18 18:06:48,408 [INFO] [MemoryWorker] Current Heap: 50MB
2026-09-18 18:06:51,441 [INFO] [MemoryWorker] Current Heap: 75MB
2026-09-18 18:06:54,475 [INFO] [MemoryWorker] Current Heap: 100MB
2026-09-18 18:06:57,505 [INFO] [MemoryWorker] Current Heap: 125MB
2026-09-18 18:07:00,533 [INFO] [MemoryWorker] Current Heap: 150MB
2026-09-18 18:07:00,534 [CRITICAL] [MemoryGuard] Memory limit exceeded (150MB >= 128MB) / (Recommend Over 256MB)
2026-09-18 18:07:00,535 [CRITICAL] [MemoryGuard] Self-terminating process 2440969 to prevent system instability.
