>>> Starting Agent Boot Sequence...
[1/6] Checking User Account               [OK]
   ... Running as service user 'kjw' (uid=1000)
[2/6] Verifying Environment Variables     [OK]
   ... All required Envs correct
[3/6] Checking Required Files             [OK]
   ... Verified 'secret.key' with correct key string.
[4/6] Checking Port Availability          [OK]
   ... Port 15034 is available.
[5/6] Verifying Log Permission            [OK]
   ... Log directory is writable: /mnt/c/Users/jump0/Desktop/Obsidian/RawData/Codyssey/AI올인원 본과정/AI_SW_Basic/미션4_Linux와 OS/과제2_컴퓨터가 갑자기 느려지거나 멈췄을 때 원인 찾아 고치기/code/evidence/runs/20260918T090614Z-oom-before-402105430/app-logs
[6/6] Verifying Mission Environment       [OK]
   ... MEMORY_LIMIT=64MB, CPU_MAX_OCCUPY=100%, MULTI_THREAD_ENABLE=False
------------------------------------------------------------
All Boot Checks Passed!
Agent READY
2026-09-18 18:06:14,773 [INFO] [SafetyGuard] Process priority lowered (nice=10).
2026-09-18 18:06:14,774 [INFO] Agent listening at port 15034

==================================================
 [ Agent Initiate ] Resource Check 
==================================================
 [ MEMORY ] Limit: 64MB 		[ WARNING: Recommend Over 256MB ]
 [ CPU    ] Limit: 100%  		[ WARNING: Recommend Under 50% ]
 [ THREAD ] Concurrency: False 		[ OK ]
--------------------------------------------------
 >>> SYSTEM STATUS: STABLE. STARTING WORKLOAD MONITORING...
==================================================

2026-09-18 18:06:16,803 [INFO] [MemoryWorker] Current Heap: 25MB
2026-09-18 18:06:19,834 [INFO] [MemoryWorker] Current Heap: 50MB
2026-09-18 18:06:22,866 [INFO] [MemoryWorker] Current Heap: 75MB
2026-09-18 18:06:22,867 [CRITICAL] [MemoryGuard] Memory limit exceeded (75MB >= 64MB) / (Recommend Over 256MB)
2026-09-18 18:06:22,868 [CRITICAL] [MemoryGuard] Self-terminating process 2440463 to prevent system instability.
